10-03 02:04:01.928  1658  1901 E ColorFade: 	at com.android.server.display.ColorFade.logEglError(ColorFade.java:700)
10-03 02:04:01.928  1658  1901 E ColorFade: 	at com.android.server.display.ColorFade.destroyEglSurface(ColorFade.java:645)
10-03 02:04:01.928  1658  1901 E ColorFade: 	at com.android.server.display.ColorFade.dismissResources(ColorFade.java:341)
10-03 02:04:01.928  1658  1901 E ColorFade: 	at com.android.server.display.DisplayPowerState.dismissColorFadeResources(DisplayPowerState.java:218)
10-03 02:04:01.928  1658  1901 E ColorFade: 	at com.android.server.display.DisplayPowerController.animateScreenStateChange(DisplayPowerController.java:1587)
10-03 02:04:01.928  1658  1901 E ColorFade: 	at com.android.server.display.DisplayPowerController.updatePowerState(DisplayPowerController.java:933)
10-03 02:04:01.928  1658  1901 E ColorFade: 	at com.android.server.display.DisplayPowerController.access$800(DisplayPowerController.java:92)
10-03 02:04:01.928  1658  1901 E ColorFade: 	at com.android.server.display.DisplayPowerController$DisplayControllerHandler.handleMessage(DisplayPowerController.java:2048)
10-03 02:04:01.928  1658  1901 E ColorFade: 	at android.os.Handler.dispatchMessage(Handler.java:106)
10-03 02:04:01.928  1658  1901 E ColorFade: 	at android.os.Looper.loop(Looper.java:223)
10-03 02:04:01.928  1658  1901 E ColorFade: 	at android.os.HandlerThread.run(HandlerThread.java:67)
10-03 02:04:01.928  1658  1901 E ColorFade: 	at com.android.server.ServiceThread.run(ServiceThread.java:44)
10-03 02:04:01.931  1658  1901 V DisplayPowerController: Brightness [-1.0] reason changing to: 'screen_off', previous reason: 'automatic'.
10-03 02:04:02.218  1658  1901 I DreamManagerService: Entering dreamland.
10-03 02:04:02.220  1658  1901 I PowerManagerService: Dozing...
10-03 02:04:02.221  1658  1800 I DreamController: Starting dream: name=ComponentInfo{com.android.systemui/com.android.systemui.doze.DozeService}, isTest=false, canDoze=true, userId=0
10-03 02:04:02.364  1658  1804 V WindowManager: Orientation start waiting for draw, mDrawState=DRAW_PENDING in Window{ce4d9e3 u0 NotificationShade}, surfaceController Surface(name=NotificationShade)/@0xc323c
10-03 02:04:02.364  1658  1804 V WindowManager: Orientation start waiting for draw, mDrawState=DRAW_PENDING in Window{aa049d0 u0 com.android.systemui.ImageWallpaper}, surfaceController Surface(name=com.android.systemui.ImageWallpaper)/@0x61fc681
10-03 02:04:02.532  1658  2089 I PowerManagerService: Waking up from Dozing (uid=1000, reason=WAKE_REASON_POWER_BUTTON, details=android.policy:POWER)...
10-03 02:04:02.563  1658  1901 I DisplayPowerController: Blocking screen on until initial contents have been drawn.
10-03 02:04:02.590  1658  1901 V DisplayPowerController: Brightness [0.2497525] reason changing to: 'manual', previous reason: 'screen_off'.
10-03 02:04:02.665  1658  1901 I DisplayPowerController: Unblocked screen on after 101 ms
10-03 02:04:02.666  1658  2089 D WindowManager: powerPress: eventTime=911708 interactive=true count=1 beganFromNonInteractive=true mShortPressOnPowerBehavior=1
10-03 02:04:02.714  1658  1820 D CompatibilityChangeReporter: Compat change id reported: 135634846; UID 10427; state: DISABLED
10-03 02:04:02.714  1658  1820 D CompatibilityChangeReporter: Compat change id reported: 135754954; UID 10427; state: ENABLED
10-03 02:04:02.714  1658  1821 D CompatibilityChangeReporter: Compat change id reported: 143937733; UID 10427; state: ENABLED
10-03 02:04:02.732  1658  1821 I ActivityManager: Start proc 21675:com.android.cellbroadcastreceiver.module/u0a427 for broadcast {com.android.cellbroadcastreceiver.module/com.android.cellbroadcastreceiver.CellBroadcastReceiver}
10-03 02:04:02.737  1658  1901 W PowerManagerService: Screen on took 208 ms
10-03 02:04:02.737  1658  1901 I DreamManagerService: Gently waking up from dream.
10-03 02:04:02.738  1658  1800 I DreamManagerService: Performing gentle wake from dream.
10-03 02:04:02.754  1658  1901 V DisplayPowerController: Brightness [0.2497525] reason changing to: 'automatic', previous reason: 'manual'.
10-03 02:04:02.764  1658  2913 I DreamManagerService: Leaving dreamland.
10-03 02:04:02.764  1658  1800 I DreamManagerService: Performing gentle wake from dream.
10-03 02:04:02.764  1658  1800 I DreamController: Stopping dream: name=ComponentInfo{com.android.systemui/com.android.systemui.doze.DozeService}, isTest=false, canDoze=true, userId=0, reason='finished self'(from 'requested stopDream')
10-03 02:04:02.905  1658  4253 I ActivityManager: Killing 16027:com.android.vending:instant_app_installer/u0a342 (adj 985): empty #33
10-03 02:04:02.951  1658  4506 D ConnectivityService: ConnectivityService NetworkRequestInfo binderDied(NetworkRequest [ TRACK_DEFAULT id=95, [ Capabilities: INTERNET&NOT_RESTRICTED&TRUSTED Uid: 10342 AdministratorUids: [] RequestorUid: 10342 RequestorPackageName: com.android.vending] ], android.os.BinderProxy@9f4bf06)
10-03 02:04:02.951  1658  4502 D ConnectivityService: ConnectivityService NetworkRequestInfo binderDied(NetworkRequest [ LISTEN id=96, [ Capabilities: INTERNET&NOT_RESTRICTED&TRUSTED Uid: 10342 AdministratorUids: [] RequestorUid: 10342 RequestorPackageName: com.android.vending] ], android.os.BinderProxy@40d59c7)
10-03 02:04:02.951  1658  4374 I SoundTriggerService: deleteSoundModel(): id = 9f6ad62a-1f0b-11e7-87c5-40a8f03d3f15
10-03 02:04:02.952  1658  4374 W SoundTriggerHelper: Unload error: Attempting unload invalid generic model with id:9f6ad62a-1f0b-11e7-87c5-40a8f03d3f15
10-03 02:04:02.952  1658  4374 E SoundTriggerService: error onStop(): Model 9f6ad62a-1f0b-11e7-87c5-40a8f03d3f15 has no stats available
10-03 02:04:03.452  1658  4374 D ActivityTaskManager: Top Process State changed to PROCESS_STATE_TOP
10-03 02:04:03.476  3139  3139 W ContextImpl: Calling a method in the system process without a qualified user: android.app.ContextImpl.bindService:1748 android.content.ContextWrapper.bindService:756 com.google.android.libraries.gsa.launcherclient.i.c:14 com.google.android.libraries.gsa.launcherclient.LauncherClient.reconnect:107 com.google.android.libraries.gsa.launcherclient.LauncherClient.onStart:67 
10-03 02:04:03.668  1658  1820 W BroadcastQueue: Background execution not allowed: receiving Intent { act=android.intent.action.USER_PRESENT flg=0x24200010 } to com.android.chrome/org.chromium.chrome.browser.sharing.click_to_call.ClickToCallMessageHandler$PhoneUnlockedReceiver
10-03 02:04:03.668  1658  1820 W BroadcastQueue: Background execution not allowed: receiving Intent { act=android.intent.action.USER_PRESENT flg=0x24200010 } to com.google.android.gms/.auth.setup.devicesignals.LockScreenReceiver
10-03 02:04:03.670  1658  1820 W BroadcastQueue: Background execution not allowed: receiving Intent { act=android.intent.action.USER_PRESENT flg=0x24200010 } to com.google.android.gms/.chimera.GmsIntentOperationService$PersistentTrustedReceiver
10-03 02:04:03.794  1658  3434 D BiometricService: canAuthenticate: User=0, Caller=0, Authenticators=255
10-03 02:04:03.794  1658  3434 D BiometricService: Package: com.google.android.gms Authenticator ID: 0 Modality: 2 Reported Modality: 2 Status: 6
10-03 02:04:03.795  1658  3434 D BiometricService: Package: com.google.android.gms Authenticator ID: 1008 Modality: 8 Reported Modality: 8 Status: 6
10-03 02:04:03.795  1658  3434 D AuthService: canAuthenticate, userId: 0, callingUserId: 0, authenticators: 255, result: 11
10-03 02:04:04.001  1658  1658 D NotificationService: 0|org.pixelexperience.faceunlock|1|null|10302: granting content://settings/system/notification_sound
10-03 02:04:04.002  1658  1658 I chatty  : uid=1000(system) Binder:1658_3 identical 2 lines
10-03 02:04:04.002  1658  1658 D NotificationService: 0|org.pixelexperience.faceunlock|1|null|10302: granting content://settings/system/notification_sound
10-03 02:04:04.007  1658  1658 W NotificationHistory: Attempted to add notif for locked/gone/disabled user 0
10-03 02:04:06.366  1658  4365 I ActivityTaskManager: START u0 {act=android.intent.action.MAIN cat=[android.intent.category.LAUNCHER] flg=0x10200000 cmp=com.topjohnwu.magisk/iG.tSb bnds=[438,1444][641,1796]} from uid 1000
10-03 02:04:06.396  1658  1804 D CompatibilityChangeReporter: Compat change id reported: 135634846; UID 10430; state: DISABLED
10-03 02:04:06.396  1658  1804 D CompatibilityChangeReporter: Compat change id reported: 135754954; UID 10430; state: ENABLED
10-03 02:04:06.397  1658  1821 D CompatibilityChangeReporter: Compat change id reported: 143937733; UID 10430; state: ENABLED
10-03 02:04:06.404  1658  1821 I ActivityManager: Start proc 7329:com.topjohnwu.magisk/u0a430 for pre-top-activity {com.topjohnwu.magisk/iG.tSb}
10-03 02:04:06.445  7329  7329 D ActivityThread: Loading provider com.topjohnwu.magisk.provider: zYR.k
10-03 02:04:06.727  1658  4506 D CompatibilityChangeReporter: Compat change id reported: 149924527; UID 10430; state: ENABLED
10-03 02:04:06.728  1658  4506 D CompatibilityChangeReporter: Compat change id reported: 132649864; UID 10430; state: DISABLED
10-03 02:04:07.020  1658  1805 W WindowManager: Unable to find process with pid=3139 uid=1000
10-03 02:04:07.468  1658  4506 W WindowManager: Unable to find process with pid=3139 uid=1000
10-03 02:04:09.070  1658  1658 W Looper  : Slow dispatch took 116ms main h=com.android.server.AlarmManagerService$AlarmHandler c=android.app.PendingIntent$FinishedDispatcher@cf730ce m=0
10-03 02:04:09.291  1658  4498 I ActivityTaskManager: START u0 {act=android.intent.action.INSTALL_PACKAGE dat=content://com.topjohnwu.magisk.provider/cache_files/manager.apk flg=0x10000001 cmp=com.android.packageinstaller/.InstallStart} from uid 10430
10-03 02:04:09.324  1658  1804 D CompatibilityChangeReporter: Compat change id reported: 135634846; UID 10289; state: DISABLED
10-03 02:04:09.324  1658  1804 D CompatibilityChangeReporter: Compat change id reported: 135754954; UID 10289; state: ENABLED
10-03 02:04:09.325  1658  1821 D CompatibilityChangeReporter: Compat change id reported: 143937733; UID 10289; state: ENABLED
10-03 02:04:09.330  1658  1821 I ActivityManager: Start proc 14230:com.android.packageinstaller/u0a289 for pre-top-activity {com.android.packageinstaller/com.android.packageinstaller.InstallStart}
10-03 02:04:09.396  1658  4506 I ActivityTaskManager: START u0 {act=android.intent.action.INSTALL_PACKAGE dat=content://com.topjohnwu.magisk.provider/cache_files/manager.apk flg=0x2000001 cmp=com.android.packageinstaller/.InstallStaging (has extras)} from uid 10289
10-03 02:04:09.407  1658  4498 W ActivityTaskManager: Tried to set launchTime (0) < mLastActivityLaunchTime (918528)
10-03 02:04:09.583  1658  4498 I ActivityTaskManager: START u0 {act=android.intent.action.INSTALL_PACKAGE dat=file:///data/user_de/0/com.android.packageinstaller/no_backup/package5099956265539071154.apk flg=0x2010001 cmp=com.android.packageinstaller/.DeleteStagedFileOnResult (has extras)} from uid 10289
10-03 02:04:09.607  1658  4497 W ActivityTaskManager: Tried to set launchTime (0) < mLastActivityLaunchTime (918586)
10-03 02:04:09.628  1658  2917 I ActivityTaskManager: START u0 {act=android.intent.action.INSTALL_PACKAGE dat=file:///data/user_de/0/com.android.packageinstaller/no_backup/package5099956265539071154.apk flg=0x10000 cmp=com.android.packageinstaller/.PackageInstallerActivity (has extras)} from uid 10289
10-03 02:04:09.661  1658  2917 W ActivityTaskManager: Tried to set launchTime (0) < mLastActivityLaunchTime (918787)
10-03 02:04:09.688 14230 14230 I PackageParsing: com.topjohnwu.magisk: compat added android.permission.OTHER_SENSORS
10-03 02:04:15.125  1658  3434 I ActivityTaskManager: START u0 {act=android.settings.MANAGE_UNKNOWN_APP_SOURCES dat=package:com.topjohnwu.magisk cmp=com.android.settings/.Settings$ManageAppExternalSourcesActivity} from uid 10289
10-03 02:04:15.156  1658  3434 W ActivityTaskManager: Tried to set launchTime (0) < mLastActivityLaunchTime (743209)
10-03 02:04:15.276  1658  4498 E UserRestrictionsUtils: Unknown restriction queried by uid 1000 (com.android.launcher3 et al): null
10-03 02:04:16.124  1658  4498 I ActivityManager: Killing 7329:com.topjohnwu.magisk/u0a430 (adj 700): REQUEST_INSTALL_PACKAGES changed.
10-03 02:04:16.201  1658  1804 W ActivityManager: setHasOverlayUi called on unknown pid: 7329
10-03 02:04:16.635  3139  3139 W ContextImpl: Calling a method in the system process without a qualified user: android.app.ContextImpl.bindService:1748 android.content.ContextWrapper.bindService:756 com.google.android.libraries.gsa.launcherclient.i.c:14 com.google.android.libraries.gsa.launcherclient.LauncherClient.reconnect:107 com.google.android.libraries.gsa.launcherclient.LauncherClient.onStart:67 
10-03 02:04:17.359  1658  4497 I ActivityTaskManager: START u0 {dat=file:///data/user_de/0/com.android.packageinstaller/no_backup/package5099956265539071154.apk flg=0x2000000 cmp=com.android.packageinstaller/.InstallInstalling (has extras)} from uid 10289
10-03 02:04:17.366  1658  2917 W ActivityTaskManager: Tried to set launchTime (0) < mLastActivityLaunchTime (918841)
10-03 02:04:17.598  1658  2095 I PackageParsing: com.topjohnwu.magisk: compat added android.permission.OTHER_SENSORS
10-03 02:04:17.611  1658  1934 I PackageManager: Integrity check passed for file:///data/app/vmdl2015402785.tmp
10-03 02:04:17.768 15931 21789 I PackageParsing: com.topjohnwu.magisk: compat added android.permission.OTHER_SENSORS
10-03 02:04:18.940 15931 21789 I PackageParsing: com.topjohnwu.magisk: compat added android.permission.OTHER_SENSORS
10-03 02:04:18.985  1658  1934 I PackageParsing: com.topjohnwu.magisk: compat added android.permission.OTHER_SENSORS
10-03 02:04:19.004  1658  1820 I ActivityManager: Force stopping com.topjohnwu.magisk appid=10430 user=-1: installPackageLI
10-03 02:04:19.005  1658  1934 I PackageManager: Update package com.topjohnwu.magisk code path from /data/app/~~j1ta_bSRk_5PgAlEqn7hSA==/com.topjohnwu.magisk-tSm3S7aUhg63KQkwJj8xyg== to /data/app/~~fT1KkJuLFR6J8xck_MNvaA==/com.topjohnwu.magisk-xQbUw8Y1DE9LwxEzwuyzHA==; Retain data and using new
10-03 02:04:19.005  1658  1934 I PackageManager: Update package com.topjohnwu.magisk resource path from /data/app/~~j1ta_bSRk_5PgAlEqn7hSA==/com.topjohnwu.magisk-tSm3S7aUhg63KQkwJj8xyg== to /data/app/~~fT1KkJuLFR6J8xck_MNvaA==/com.topjohnwu.magisk-xQbUw8Y1DE9LwxEzwuyzHA==; Retain data and using new
10-03 02:04:19.013  1658  1934 D CompatibilityChangeReporter: Compat change id reported: 135549675; UID 10430; state: ENABLED
10-03 02:04:20.562  1658  1934 I ActivityManager: Force stopping com.topjohnwu.magisk appid=10430 user=0: pkg removed
10-03 02:04:20.590  1658  1820 W BroadcastQueue: Background execution not allowed: receiving Intent { act=android.intent.action.PACKAGE_REMOVED dat=package:com.topjohnwu.magisk flg=0x4000010 (has extras) } to com.android.vending/com.google.android.finsky.packagemanager.impl.PackageMonitorReceiverImpl$RegisteredReceiver
10-03 02:04:20.593  1658  1658 D CompatibilityChangeReporter: Compat change id reported: 135634846; UID 1000; state: DISABLED
10-03 02:04:20.593  1658  1658 D CompatibilityChangeReporter: Compat change id reported: 135754954; UID 1000; state: ENABLED
10-03 02:04:20.602  1658  1820 W BroadcastQueue: Background execution not allowed: receiving Intent { act=android.intent.action.PACKAGE_REMOVED dat=package:com.topjohnwu.magisk flg=0x4000010 (has extras) } to com.android.vending/com.google.android.finsky.instantapps.appmanagement.InstantAppRemoveMonitor
10-03 02:04:20.602  1658  1820 W BroadcastQueue: Background execution not allowed: receiving Intent { act=android.intent.action.PACKAGE_REMOVED dat=package:com.topjohnwu.magisk flg=0x4000010 (has extras) } to com.google.android.gms/.games.chimera.GamesSystemBroadcastReceiverProxy
10-03 02:04:20.603  1658  1820 W BroadcastQueue: Background execution not allowed: receiving Intent { act=android.intent.action.PACKAGE_REMOVED dat=package:com.topjohnwu.magisk flg=0x4000010 (has extras) } to com.google.android.gms/.chimera.GmsIntentOperationService$PersistentTrustedReceiver
10-03 02:04:20.603  1658  1820 W BroadcastQueue: Background execution not allowed: receiving Intent { act=android.intent.action.PACKAGE_REMOVED dat=package:com.topjohnwu.magisk flg=0x4000010 (has extras) } to com.google.android.googlequicksearchbox/com.google.android.apps.gsa.googlequicksearchbox.GelStubAppWatcher
10-03 02:04:20.603  1658  1820 W BroadcastQueue: Background execution not allowed: receiving Intent { act=android.intent.action.PACKAGE_ADDED dat=package:com.topjohnwu.magisk flg=0x4000010 (has extras) } to com.android.packageinstaller/.PackageInstalledReceiver
10-03 02:04:20.603  1658  1820 W BroadcastQueue: Background execution not allowed: receiving Intent { act=android.intent.action.PACKAGE_ADDED dat=package:com.topjohnwu.magisk flg=0x4000010 (has extras) } to com.android.systemui/.statusbar.phone.VolumePluginManager
10-03 02:04:20.603  1658  1820 W BroadcastQueue: Background execution not allowed: receiving Intent { act=android.intent.action.PACKAGE_ADDED dat=package:com.topjohnwu.magisk flg=0x4000010 (has extras) } to com.android.vending/com.google.android.finsky.packagemanager.impl.PackageMonitorReceiverImpl$RegisteredReceiver
10-03 02:04:20.603  1658  1820 W BroadcastQueue: Background execution not allowed: receiving Intent { act=android.intent.action.PACKAGE_ADDED dat=package:com.topjohnwu.magisk flg=0x4000010 (has extras) } to com.google.android.gms/.games.chimera.GamesSystemBroadcastReceiverProxy
10-03 02:04:20.603  1658  1820 W BroadcastQueue: Background execution not allowed: receiving Intent { act=android.intent.action.PACKAGE_ADDED dat=package:com.topjohnwu.magisk flg=0x4000010 (has extras) } to com.google.android.gms/.gass.chimera.PackageChangeBroadcastReceiver
10-03 02:04:20.603  1658  1820 W BroadcastQueue: Background execution not allowed: receiving Intent { act=android.intent.action.PACKAGE_ADDED dat=package:com.topjohnwu.magisk flg=0x4000010 (has extras) } to com.google.android.gms/.chimera.GmsIntentOperationService$PersistentTrustedReceiver
10-03 02:04:20.603  1658  1820 W BroadcastQueue: Background execution not allowed: receiving Intent { act=android.intent.action.PACKAGE_ADDED dat=package:com.topjohnwu.magisk flg=0x4000010 (has extras) } to com.google.android.googlequicksearchbox/com.google.android.apps.gsa.googlequicksearchbox.GelStubAppWatcher
10-03 02:04:20.603  1658  1820 W BroadcastQueue: Background execution not allowed: receiving Intent { act=android.intent.action.PACKAGE_ADDED dat=package:com.topjohnwu.magisk flg=0x4000010 (has extras) } to com.google.android.ims/.receivers.RcsAutoStartReceiver
10-03 02:04:20.617  1658  3434 I ActivityTaskManager: START u0 {dat=file:///data/user_de/0/com.android.packageinstaller/no_backup/package5099956265539071154.apk flg=0x2000000 cmp=com.android.packageinstaller/.InstallSuccess (has extras)} from uid 10289
10-03 02:04:20.617  1658  1800 I RoleManagerService: Granting default roles...
10-03 02:04:20.641  1658  1821 I ActivityManager: Start proc 21816:com.android.keychain/1000 for service {com.android.keychain/com.android.keychain.KeyChainService}
10-03 02:04:20.644  1658  3434 W ActivityTaskManager: Tried to set launchTime (0) < mLastActivityLaunchTime (926545)
10-03 02:04:20.681  1658  4504 D CompatibilityChangeReporter: Compat change id reported: 136274596; UID 1000; state: ENABLED
10-03 02:04:20.825  1658  1800 W Looper  : Slow dispatch took 154ms android.fg h=android.os.Handler c=<recycled PooledLambda@736f0b4> m=0
10-03 02:04:20.834  1658  1658 W Looper  : Slow dispatch took 231ms main h=android.app.ActivityThread$H c=android.app.-$$Lambda$LoadedApk$ReceiverDispatcher$Args$_BumDX2UKsnxLVrE6UJsJZkotuA@3dbb107 m=0
10-03 02:04:20.834  1658  1658 W Looper  : Slow delivery took 253ms main h=android.app.ActivityThread$H c=android.app.-$$Lambda$LoadedApk$ReceiverDispatcher$Args$_BumDX2UKsnxLVrE6UJsJZkotuA@6e4b234 m=0
10-03 02:04:20.899  1658  4734 I ActivityManager: Killing 15874:com.google.android.configupdater/u0a345 (adj 975): empty #33
10-03 02:04:20.902  1658  4734 W BroadcastQueue: Background execution not allowed: receiving Intent { act=android.intent.action.PACKAGE_REPLACED dat=package:com.topjohnwu.magisk flg=0x4000010 (has extras) } to com.google.android.gms/.gass.chimera.PackageChangeBroadcastReceiver
10-03 02:04:20.904  1658  1820 W BroadcastQueue: Background execution not allowed: receiving Intent { act=android.intent.action.PACKAGE_REPLACED dat=package:com.topjohnwu.magisk flg=0x4000010 (has extras) } to com.google.android.gms/.chimera.GmsIntentOperationService$PersistentTrustedReceiver
10-03 02:04:20.904  1658  1820 W BroadcastQueue: Background execution not allowed: receiving Intent { act=android.intent.action.PACKAGE_REPLACED dat=package:com.topjohnwu.magisk flg=0x4000010 (has extras) } to com.google.android.googlequicksearchbox/com.google.android.apps.gsa.googlequicksearchbox.GelStubAppWatcher
10-03 02:04:20.905  1658  1820 W BroadcastQueue: Background execution not allowed: receiving Intent { act=android.intent.action.PACKAGE_REPLACED dat=package:com.topjohnwu.magisk flg=0x4000010 (has extras) } to com.google.android.ims/.receivers.RcsAutoStartReceiver
10-03 02:04:20.905  1658  1820 W BroadcastQueue: Background execution not allowed: receiving Intent { act=android.intent.action.PACKAGE_REPLACED dat=package:com.topjohnwu.magisk flg=0x4000010 (has extras) } to com.topjohnwu.magisk/.core.Receiver
10-03 02:04:20.918  1658  1800 W Looper  : Slow delivery took 228ms android.fg h=android.os.Handler c=<recycled PooledLambda@b33809> m=0
10-03 02:04:20.985  1658  1658 W Looper  : Slow dispatch took 132ms main h=android.app.ActivityThread$H c=android.app.-$$Lambda$LoadedApk$ReceiverDispatcher$Args$_BumDX2UKsnxLVrE6UJsJZkotuA@bb83544 m=0
10-03 02:04:20.986  1658  1658 I Telecom : DefaultDialerCache: Refreshing default dialer for user 0: now com.google.android.dialer: DDC.oR@AqQ
10-03 02:04:21.080  1658  1658 W Looper  : Drained
10-03 02:04:21.166  1658  3434 D ConnectivityService: ConnectivityService NetworkRequestInfo binderDied(NetworkRequest [ TRACK_DEFAULT id=93, [ Capabilities: INTERNET&NOT_RESTRICTED&TRUSTED Uid: 10342 AdministratorUids: [] RequestorUid: 10342 RequestorPackageName: com.android.vending] ], android.os.BinderProxy@8912d9)
10-03 02:04:21.166  1658  4466 D ConnectivityService: ConnectivityService NetworkRequestInfo binderDied(NetworkRequest [ LISTEN id=94, [ Capabilities: INTERNET&NOT_RESTRICTED&TRUSTED Uid: 10342 AdministratorUids: [] RequestorUid: 10342 RequestorPackageName: com.android.vending] ], android.os.BinderProxy@5bad74c)
10-03 02:04:21.166  1658  2915 D ConnectivityService: ConnectivityService NetworkRequestInfo binderDied(NetworkRequest [ TRACK_DEFAULT id=89, [ Capabilities: INTERNET&NOT_RESTRICTED&TRUSTED Uid: 10342 AdministratorUids: [] RequestorUid: 10342 RequestorPackageName: com.android.vending] ], android.os.BinderProxy@eef0395)
10-03 02:04:21.178  1658  1765 I ActivityManager: Process com.android.vending:download_service (pid 16075) has died: cch+75 CEM 
10-03 02:04:21.280  1658  1803 I EntropyMixer: Writing entropy...
10-03 02:04:21.292  2854  3653 D PowerUI : can't show warning due to - plugged: true status unknown: false
10-03 02:04:21.294  1658  1820 W BroadcastQueue: Background execution not allowed: receiving Intent { act=android.intent.action.ACTION_POWER_CONNECTED flg=0x4000010 (has extras) } to com.google.android.apps.turbo/.nudges.broadcasts.BatteryStatusChangedReceiver
10-03 02:04:21.304  1658  1820 W BroadcastQueue: Background execution not allowed: receiving Intent { act=android.intent.action.ACTION_POWER_CONNECTED flg=0x4000010 (has extras) } to com.google.android.gms/.gcm.nts.SchedulerReceiver
10-03 02:04:21.304  2854  4169 D PowerUI : can't show warning due to - plugged: true status unknown: false
10-03 02:04:21.304  1658  1820 W BroadcastQueue: Background execution not allowed: receiving Intent { act=android.intent.action.ACTION_POWER_CONNECTED flg=0x4000010 (has extras) } to com.google.android.gms/.chimera.GmsIntentOperationService$PersistentTrustedReceiver
10-03 02:04:21.476  1658  1885 I UsbPortManager: ClientCallback V1_0: otg_default
10-03 02:04:21.477  1658  1800 I UsbPortManager: USB port changed: port=UsbPort{id=otg_default, supportedModes=dualsupportedContaminantProtectionModes=0supportsEnableContaminantPresenceProtection=falsesupportsEnableContaminantPresenceDetection=false, status=UsbPortStatus{connected=true, currentMode=ufp, currentPowerRole=sink, currentDataRole=device, supportedRoleCombinations=[source:host, source:device, sink:host, sink:device], contaminantDetectionStatus=0, contaminantProtectionStatus=0}, canChangeMode=true, canChangePowerRole=true, canChangeDataRole=true, connectedAtMillis=979000, lastConnectDurationMillis=0
10-03 02:04:21.477  1658  1800 W Looper  : Drained
10-03 02:04:21.788  1658  1658 W Looper  : Slow dispatch took 492ms main h=com.android.server.power.Notifier$NotifierHandler c=null m=6
10-03 02:04:21.788  1658  1658 W Looper  : Slow delivery took 496ms main h=com.android.server.notification.NotificationManagerService$WorkerHandler c=com.android.server.notification.NotificationManagerService$CancelNotificationRunnable@d6d8c1e m=0
10-03 02:04:21.794  2854  4211 D PowerUI : can't show warning due to - plugged: true status unknown: false
10-03 02:04:21.799  1658  1658 W Looper  : Drained
10-03 02:04:21.898  1658  1800 D UsbDeviceManager: push notification:Charging this device via USB
10-03 02:04:22.110  1658  1658 W NotificationHistory: Attempted to add notif for locked/gone/disabled user 0
10-03 02:04:22.126  1658  4374 W UserManagerService: Cannot retrieve activities for disabled profile -1 from 0
10-03 02:04:28.910  1658  4063 W ActivityManager: stopServiceToken startId 529 is last, but have 1 remaining args
10-03 02:04:46.669  1658  1901 V DisplayPowerController: Brightness [0.05] reason changing to: 'automatic [ dim ]', previous reason: 'automatic'.
10-03 02:04:53.666  1658  1901 I PowerManagerService: Going to sleep due to timeout (uid 1000)...
10-03 02:04:53.712  1658  1901 V DisplayPowerController: Brightness [0.2497525] reason changing to: 'automatic', previous reason: 'automatic [ dim ]'.
10-03 02:04:54.117  1658  1901 I DisplayPowerController: Blocking screen off
10-03 02:04:54.117  1658  1901 I DisplayPowerController: Unblocked screen off after 1 ms
10-03 02:04:54.120  1658  1901 D ActivityTaskManager: Top Process State changed to PROCESS_STATE_TOP_SLEEPING
10-03 02:04:54.185  1658  1901 E ColorFade: eglDestroySurface failed: error 12301
10-03 02:04:54.185  1658  1901 E ColorFade: java.lang.Throwable
10-03 02:04:54.185  1658  1901 E ColorFade: 	at com.android.server.display.ColorFade.logEglError(ColorFade.java:700)
10-03 02:04:54.185  1658  1901 E ColorFade: 	at com.android.server.display.ColorFade.destroyEglSurface(ColorFade.java:645)
10-03 02:04:54.185  1658  1901 E ColorFade: 	at com.android.server.display.ColorFade.dismissResources(ColorFade.java:341)
10-03 02:04:54.185  1658  1901 E ColorFade: 	at com.android.server.display.DisplayPowerState.dismissColorFadeResources(DisplayPowerState.java:218)
10-03 02:04:54.185  1658  1901 E ColorFade: 	at com.android.server.display.DisplayPowerController.animateScreenStateChange(DisplayPowerController.java:1587)
10-03 02:04:54.185  1658  1901 E ColorFade: 	at com.android.server.display.DisplayPowerController.updatePowerState(DisplayPowerController.java:933)
10-03 02:04:54.185  1658  1901 E ColorFade: 	at com.android.server.display.DisplayPowerController.access$800(DisplayPowerController.java:92)
10-03 02:04:54.185  1658  1901 E ColorFade: 	at com.android.server.display.DisplayPowerController$DisplayControllerHandler.handleMessage(DisplayPowerController.java:2048)
10-03 02:04:54.185  1658  1901 E ColorFade: 	at android.os.Handler.dispatchMessage(Handler.java:106)
10-03 02:04:54.185  1658  1901 E ColorFade: 	at android.os.Looper.loop(Looper.java:223)
10-03 02:04:54.185  1658  1901 E ColorFade: 	at android.os.HandlerThread.run(HandlerThread.java:67)
10-03 02:04:54.185  1658  1901 E ColorFade: 	at com.android.server.ServiceThread.run(ServiceThread.java:44)
10-03 02:04:54.205  1658  1901 V DisplayPowerController: Brightness [-1.0] reason changing to: 'screen_off', previous reason: 'automatic'.
10-03 02:04:54.502  1658  1901 I DreamManagerService: Entering dreamland.
10-03 02:04:54.503  1658  1901 I PowerManagerService: Dozing...
10-03 02:04:54.504  1658  1800 I DreamController: Starting dream: name=ComponentInfo{com.android.systemui/com.android.systemui.doze.DozeService}, isTest=false, canDoze=true, userId=0
10-03 02:04:54.781  1658  1804 V WindowManager: Orientation start waiting for draw, mDrawState=DRAW_PENDING in Window{ce4d9e3 u0 NotificationShade}, surfaceController Surface(name=NotificationShade)/@0x21914cf
10-03 02:04:59.120  1658  1804 W ActivityTaskManager: Sleep timeout!  Sleeping now.
10-03 02:05:13.826  1658  2089 I PowerManagerService: Waking up from Dozing (uid=1000, reason=WAKE_REASON_POWER_BUTTON, details=android.policy:POWER)...
10-03 02:05:13.831  1658  1901 I DisplayPowerController: Blocking screen on until initial contents have been drawn.
10-03 02:05:13.880  1658  1901 V DisplayPowerController: Brightness [0.2497525] reason changing to: 'manual', previous reason: 'screen_off'.
10-03 02:05:13.971  1658  1901 I DisplayPowerController: Unblocked screen on after 141 ms
10-03 02:05:14.003  1658  2089 D WindowManager: powerPress: eventTime=983000 interactive=true count=1 beganFromNonInteractive=true mShortPressOnPowerBehavior=1
10-03 02:05:14.025  1658  4497 I SoundTriggerService: deleteSoundModel(): id = 9f6ad62a-1f0b-11e7-87c5-40a8f03d3f15
10-03 02:05:14.025  1658  4497 W SoundTriggerHelper: Unload error: Attempting unload invalid generic model with id:9f6ad62a-1f0b-11e7-87c5-40a8f03d3f15
10-03 02:05:14.025  1658  4497 E SoundTriggerService: error onStop(): Model 9f6ad62a-1f0b-11e7-87c5-40a8f03d3f15 has no stats available
10-03 02:05:14.027  1658  1901 W PowerManagerService: Screen on took 206 ms
10-03 02:05:14.027  1658  1901 I DreamManagerService: Gently waking up from dream.
10-03 02:05:14.028  1658  1800 I DreamManagerService: Performing gentle wake from dream.
10-03 02:05:14.041  1658  1901 V DisplayPowerController: Brightness [0.2497525] reason changing to: 'automatic', previous reason: 'manual'.
10-03 02:05:14.052  1658  4506 I DreamManagerService: Leaving dreamland.
10-03 02:05:14.052  1658  1800 I DreamManagerService: Performing gentle wake from dream.
10-03 02:05:14.052  1658  1800 I DreamController: Stopping dream: name=ComponentInfo{com.android.systemui/com.android.systemui.doze.DozeService}, isTest=false, canDoze=true, userId=0, reason='finished self'(from 'requested stopDream')
10-03 02:05:15.273  1658  2923 D ActivityTaskManager: Top Process State changed to PROCESS_STATE_TOP
10-03 02:05:15.308  3139  3139 W ContextImpl: Calling a method in the system process without a qualified user: android.app.ContextImpl.bindService:1748 android.content.ContextWrapper.bindService:756 com.google.android.libraries.gsa.launcherclient.i.c:14 com.google.android.libraries.gsa.launcherclient.LauncherClient.reconnect:107 com.google.android.libraries.gsa.launcherclient.LauncherClient.onStart:67 
10-03 02:05:15.431  1658  1820 W BroadcastQueue: Background execution not allowed: receiving Intent { act=android.intent.action.USER_PRESENT flg=0x24200010 } to com.android.chrome/org.chromium.chrome.browser.sharing.click_to_call.ClickToCallMessageHandler$PhoneUnlockedReceiver
10-03 02:05:15.431  1658  1820 W BroadcastQueue: Background execution not allowed: receiving Intent { act=android.intent.action.USER_PRESENT flg=0x24200010 } to com.google.android.gms/.auth.setup.devicesignals.LockScreenReceiver
10-03 02:05:15.431  1658  1820 W BroadcastQueue: Background execution not allowed: receiving Intent { act=android.intent.action.USER_PRESENT flg=0x24200010 } to com.google.android.gms/.chimera.GmsIntentOperationService$PersistentTrustedReceiver
10-03 02:05:15.485  1658  2923 D BiometricService: canAuthenticate: User=0, Caller=0, Authenticators=255
10-03 02:05:15.485  1658  2923 D BiometricService: Package: com.google.android.gms Authenticator ID: 0 Modality: 2 Reported Modality: 2 Status: 6
10-03 02:05:15.486  1658  2923 D BiometricService: Package: com.google.android.gms Authenticator ID: 1008 Modality: 8 Reported Modality: 8 Status: 6
10-03 02:05:15.486  1658  2923 D AuthService: canAuthenticate, userId: 0, callingUserId: 0, authenticators: 255, result: 11
10-03 02:05:19.678  1658  4504 I ActivityTaskManager: START u0 {act=android.intent.action.MAIN cat=[android.intent.category.LAUNCHER] flg=0x10008000 cmp=com.android.settings/.Settings$UsbDetailsActivity} from uid 1000
10-03 02:05:19.707  1658  4506 W ActivityTaskManager: Tried to set launchTime (0) < mLastActivityLaunchTime (924337)
10-03 02:05:21.067  1658  1800 I UsbDeviceManager: Setting USB config to mtp
10-03 02:05:21.221  1658  1800 W Looper  : Slow dispatch took 155ms android.fg h=com.android.server.usb.UsbDeviceManager$UsbHandlerLegacy c=null m=2
10-03 02:05:21.280  1658  1800 D UsbDeviceManager: Clear notification
10-03 02:05:21.284  1658  1800 D UsbDeviceManager: push notification:USB file transfer turned on
10-03 02:05:21.287  2854  6109 D PowerUI : can't show warning due to - plugged: true status unknown: false
10-03 02:05:21.512  1658  1658 W NotificationHistory: Attempted to add notif for locked/gone/disabled user 0
10-03 02:05:21.527  1658  2918 W UserManagerService: Cannot retrieve activities for disabled profile -1 from 0
10-03 02:05:22.495  1658  3433 I ActivityManager: Process com.google.android.contacts (pid 15022) has died: cch+25 CEM 
10-03 02:05:22.810  1658  1901 V DisplayPowerController: Brightness [0.2497525] reason changing to: 'temporary', previous reason: 'automatic'.
10-03 02:05:22.822  1658  1901 V DisplayPowerController: Brightness [0.05857079] reason changing to: 'automatic [ auto_adj ]', previous reason: 'temporary'.
10-03 02:05:24.004  1658  4504 I ActivityTaskManager: START u0 {act=android.settings.SETTINGS flg=0x14000000 cmp=com.android.settings/.homepage.SettingsHomepageActivity} from uid 10415
10-03 02:05:24.203  1658  2042 D CompatibilityChangeReporter: Compat change id reported: 135634846; UID 10347; state: DISABLED
10-03 02:05:24.204  1658  2042 D CompatibilityChangeReporter: Compat change id reported: 135754954; UID 10347; state: ENABLED
10-03 02:05:24.204  1658  1821 D CompatibilityChangeReporter: Compat change id reported: 143937733; UID 10347; state: ENABLED
10-03 02:05:24.230  1658  1821 I ActivityManager: Start proc 21969:com.google.android.setupwizard/u0a347 for content provider {com.google.android.setupwizard/com.google.android.setupwizard.deferred.DeferredSuggestionSummaryProvider}
10-03 02:05:24.547  1658  4506 W SliceManagerService: Slice content://0@android.settings.slices/action/contextual_wifi not pinned
10-03 02:05:24.883  1658  4498 W ActivityManager: Unable to start service Intent { act=com.google.android.setupcompat.portal.SetupNotificationService.BIND pkg=com.google.android.setupwizard } U=0: not found
10-03 02:05:24.905  1658  4498 D CompatibilityChangeReporter: Compat change id reported: 136219221; UID 10347; state: ENABLED
10-03 02:05:24.948 21969 21969 E ActivityThread: Service com.google.android.setupwizard.predeferred.PreDeferredServiceScheduler has leaked ServiceConnection ayf@43bd5e6 that was originally bound here
10-03 02:05:24.948 21969 21969 E ActivityThread: android.app.ServiceConnectionLeaked: Service com.google.android.setupwizard.predeferred.PreDeferredServiceScheduler has leaked ServiceConnection ayf@43bd5e6 that was originally bound here
10-03 02:05:24.948 21969 21969 E ActivityThread: 	at android.app.LoadedApk$ServiceDispatcher.<init>(LoadedApk.java:1835)
10-03 02:05:24.948 21969 21969 E ActivityThread: 	at android.app.LoadedApk.getServiceDispatcherCommon(LoadedApk.java:1707)
10-03 02:05:24.948 21969 21969 E ActivityThread: 	at android.app.LoadedApk.getServiceDispatcher(LoadedApk.java:1686)
10-03 02:05:24.948 21969 21969 E ActivityThread: 	at android.app.ContextImpl.bindServiceCommon(ContextImpl.java:1819)
10-03 02:05:24.948 21969 21969 E ActivityThread: 	at android.app.ContextImpl.bindService(ContextImpl.java:1749)
10-03 02:05:24.948 21969 21969 E ActivityThread: 	at android.content.ContextWrapper.bindService(ContextWrapper.java:756)
10-03 02:05:24.948 21969 21969 E ActivityThread: 	at aig.a(PG:3)
10-03 02:05:24.948 21969 21969 E ActivityThread: 	at ayh.a(PG:5)
10-03 02:05:24.948 21969 21969 E ActivityThread: 	at com.google.android.setupwizard.predeferred.PreDeferredServiceScheduler.onStartJob(PG:21)
10-03 02:05:24.948 21969 21969 E ActivityThread: 	at android.app.job.JobService$1.onStartJob(JobService.java:62)
10-03 02:05:24.948 21969 21969 E ActivityThread: 	at android.app.job.JobServiceEngine$JobHandler.handleMessage(JobServiceEngine.java:108)
10-03 02:05:24.948 21969 21969 E ActivityThread: 	at android.os.Handler.dispatchMessage(Handler.java:106)
10-03 02:05:24.948 21969 21969 E ActivityThread: 	at android.os.Looper.loop(Looper.java:223)
10-03 02:05:24.948 21969 21969 E ActivityThread: 	at android.app.ActivityThread.main(ActivityThread.java:7662)
10-03 02:05:24.948 21969 21969 E ActivityThread: 	at java.lang.reflect.Method.invoke(Native Method)
10-03 02:05:24.948 21969 21969 E ActivityThread: 	at com.android.internal.os.RuntimeInit$MethodAndArgsCaller.run(RuntimeInit.java:594)
10-03 02:05:24.948 21969 21969 E ActivityThread: 	at com.android.internal.os.ZygoteInit.main(ZygoteInit.java:947)
10-03 02:05:24.949  1658  4063 W ActivityManager: Unbind failed: could not find connection for android.os.BinderProxy@227b523
10-03 02:05:25.113  1658  1658 W NotificationHistory: Attempted to add notif for locked/gone/disabled user 0
10-03 02:05:26.001  1658  2042 I ActivityTaskManager: START u0 {act=android.intent.action.MAIN cmp=com.android.settings/.SubSettings (has extras)} from uid 1000
10-03 02:05:26.012  1658  2042 W ActivityTaskManager: Tried to set launchTime (0) < mLastActivityLaunchTime (988889)
10-03 02:05:29.926  1658  1820 D CompatibilityChangeReporter: Compat change id reported: 135634846; UID 10345; state: DISABLED
10-03 02:05:29.926  1658  1820 D CompatibilityChangeReporter: Compat change id reported: 135754954; UID 10345; state: DISABLED
10-03 02:05:29.927  1658  1821 D CompatibilityChangeReporter: Compat change id reported: 143937733; UID 10345; state: DISABLED
10-03 02:05:29.961  1658  1821 I ActivityManager: Start proc 22009:com.google.android.configupdater/u0a345 for broadcast {com.google.android.configupdater/com.google.android.configupdater.PhenotypeBroadcastReceiver}
10-03 02:05:30.012  1658  4498 W ActivityManager: Unable to start service Intent { act=com.google.android.setupcompat.portal.SetupNotificationService.BIND pkg=com.google.android.setupwizard } U=0: not found
10-03 02:05:30.048 21969 21969 E ActivityThread: Service com.google.android.setupwizard.deferred.DeferredSetupNotificationSchedulerService has leaked ServiceConnection ayf@624012a that was originally bound here
10-03 02:05:30.048 21969 21969 E ActivityThread: android.app.ServiceConnectionLeaked: Service com.google.android.setupwizard.deferred.DeferredSetupNotificationSchedulerService has leaked ServiceConnection ayf@624012a that was originally bound here
10-03 02:05:30.048 21969 21969 E ActivityThread: 	at android.app.LoadedApk$ServiceDispatcher.<init>(LoadedApk.java:1835)
10-03 02:05:30.048 21969 21969 E ActivityThread: 	at android.app.LoadedApk.getServiceDispatcherCommon(LoadedApk.java:1707)
10-03 02:05:30.048 21969 21969 E ActivityThread: 	at android.app.LoadedApk.getServiceDispatcher(LoadedApk.java:1686)
10-03 02:05:30.048 21969 21969 E ActivityThread: 	at android.app.ContextImpl.bindServiceCommon(ContextImpl.java:1819)
10-03 02:05:30.048 21969 21969 E ActivityThread: 	at android.app.ContextImpl.bindService(ContextImpl.java:1749)
10-03 02:05:30.048 21969 21969 E ActivityThread: 	at android.content.ContextWrapper.bindService(ContextWrapper.java:756)
10-03 02:05:30.048 21969 21969 E ActivityThread: 	at aig.a(PG:3)
10-03 02:05:30.048 21969 21969 E ActivityThread: 	at ayh.a(PG:5)
10-03 02:05:30.048 21969 21969 E ActivityThread: 	at asb.apply(Unknown Source:6)
10-03 02:05:30.048 21969 21969 E ActivityThread: 	at java.util.concurrent.CompletableFuture.uniApply(CompletableFuture.java:612)
10-03 02:05:30.048 21969 21969 E ActivityThread: 	at java.util.concurrent.CompletableFuture$UniApply.tryFire(CompletableFuture.java:587)
10-03 02:05:30.048 21969 21969 E ActivityThread: 	at java.util.concurrent.CompletableFuture.postComplete(CompletableFuture.java:484)
10-03 02:05:30.048 21969 21969 E ActivityThread: 	at java.util.concurrent.CompletableFuture.complete(CompletableFuture.java:1990)
10-03 02:05:30.048 21969 21969 E ActivityThread: 	at alk.run(Unknown Source:1)
10-03 02:05:30.048 21969 21969 E ActivityThread: 	at android.accounts.AccountManager$Future2Task$1.run(AccountManager.java:2436)
10-03 02:05:30.048 21969 21969 E ActivityThread: 	at android.os.Handler.handleCallback(Handler.java:938)
10-03 02:05:30.048 21969 21969 E ActivityThread: 	at android.os.Handler.dispatchMessage(Handler.java:99)
10-03 02:05:30.048 21969 21969 E ActivityThread: 	at android.os.Looper.loop(Looper.java:223)
10-03 02:05:30.048 21969 21969 E ActivityThread: 	at android.app.ActivityThread.main(ActivityThread.java:7662)
10-03 02:05:30.048 21969 21969 E ActivityThread: 	at java.lang.reflect.Method.invoke(Native Method)
10-03 02:05:30.048 21969 21969 E ActivityThread: 	at com.android.internal.os.RuntimeInit$MethodAndArgsCaller.run(RuntimeInit.java:594)
10-03 02:05:30.048 21969 21969 E ActivityThread: 	at com.android.internal.os.ZygoteInit.main(ZygoteInit.java:947)
10-03 02:05:30.049  1658  4498 W ActivityManager: Unbind failed: could not find connection for android.os.BinderProxy@a2de28d
10-03 02:05:30.257  1658  4498 I ActivityTaskManager: START u0 {act=android.intent.action.MAIN cmp=com.android.settings/.SubSettings (has extras)} from uid 1000
10-03 02:05:30.276  1658  4498 W ActivityTaskManager: Tried to set launchTime (0) < mLastActivityLaunchTime (995193)
10-03 02:05:30.367  1658  1820 W BroadcastQueue: Permission Denial: broadcasting Intent { act=android.net.conn.CONNECTIVITY_CHANGE flg=0x4200010 (has extras) } from null (pid=-1, uid=-1) requires android.permission.CHANGE_NETWORK_STATE due to registered receiver BroadcastFilter{6ff559f 1000/u0 ReceiverList{4b4633e 14649 com.android.settings/1000/u0 remote:a8ab7f9}}
10-03 02:05:30.368  1658  1820 W BroadcastQueue: Permission Denial: broadcasting Intent { act=android.net.wifi.STATE_CHANGE flg=0x4000010 (has extras) } from null (pid=-1, uid=-1) requires android.permission.CHANGE_NETWORK_STATE due to registered receiver BroadcastFilter{6ff559f 1000/u0 ReceiverList{4b4633e 14649 com.android.settings/1000/u0 remote:a8ab7f9}}
10-03 02:05:30.368  1658  1820 W BroadcastQueue: Permission Denial: broadcasting Intent { act=android.net.conn.CONNECTIVITY_CHANGE flg=0x4200010 (has extras) } from null (pid=-1, uid=-1) requires android.permission.CHANGE_NETWORK_STATE due to registered receiver BroadcastFilter{b0f754a 1000/u0 ReceiverList{8b5dab5 14649 com.android.settings/1000/u0 remote:ec816ec}}
10-03 02:05:30.368  1658  1820 W BroadcastQueue: Permission Denial: broadcasting Intent { act=android.net.wifi.STATE_CHANGE flg=0x4000010 (has extras) } from null (pid=-1, uid=-1) requires android.permission.CHANGE_NETWORK_STATE due to registered receiver BroadcastFilter{b0f754a 1000/u0 ReceiverList{8b5dab5 14649 com.android.settings/1000/u0 remote:ec816ec}}
10-03 02:05:33.527  1658  2923 I NotificationService: cancelToast pkg=com.android.settings token=android.os.BinderProxy@c31d005
10-03 02:05:33.539  1658  4498 W NotificationService: Toast already killed. pkg=com.android.settings token=android.os.BinderProxy@c31d005
10-03 02:05:33.713  1658  4498 I NotificationService: cancelToast pkg=com.android.settings token=android.os.BinderProxy@7607c0a
10-03 02:05:33.738  1658  2922 W NotificationService: Toast already killed. pkg=com.android.settings token=android.os.BinderProxy@7607c0a
10-03 02:05:34.267  1658  4498 I NotificationService: cancelToast pkg=com.android.settings token=android.os.BinderProxy@e3a1986
10-03 02:05:34.283  1658  4063 W NotificationService: Toast already killed. pkg=com.android.settings token=android.os.BinderProxy@e3a1986
10-03 02:05:34.469  1658  2922 I NotificationService: cancelToast pkg=com.android.settings token=android.os.BinderProxy@342fdd1
10-03 02:05:34.486  1658  4498 W NotificationService: Toast already killed. pkg=com.android.settings token=android.os.BinderProxy@342fdd1
10-03 02:05:35.555  1658  1800 I RoleManagerService: Granting default roles...
10-03 02:05:35.708  1658  1658 I Telecom : DefaultDialerCache: Refreshing default dialer for user 0: now com.google.android.dialer: DDC.oR@Aqo
10-03 02:05:35.846  1658  1800 W Looper  : Slow delivery took 201ms android.fg h=android.os.Handler c=<recycled PooledLambda@b0040ea> m=0
10-03 02:05:35.988  1658  1800 W Looper  : Drained
10-03 02:05:36.907  1658  1804 W WindowManager: Unable to start animation, surface is null or no children.
10-03 02:05:37.058  1658  1804 W WindowManager: Unable to start animation, surface is null or no children.
10-03 02:05:37.136  1658  2922 I ActivityTaskManager: START u0 {act=android.intent.action.MAIN cmp=com.android.settings/.SubSettings (has extras)} from uid 1000
10-03 02:05:37.149  1658  2922 W ActivityTaskManager: Tried to set launchTime (0) < mLastActivityLaunchTime (999457)
10-03 02:05:37.256  1658  1804 W WindowManager: Unable to start animation, surface is null or no children.
10-03 02:05:37.798  1658  1804 W WindowManager: Unable to start animation, surface is null or no children.
10-03 02:05:37.996  1658  2922 W NotificationService: Toast already killed. pkg=com.android.settings token=android.os.BinderProxy@3ab6b56
10-03 02:05:39.376  1658  4506 I ActivityTaskManager: START u0 {act=android.intent.action.MAIN cmp=com.android.settings/.SubSettings (has extras)} from uid 1000
10-03 02:05:39.394  1658  2042 W ActivityTaskManager: Tried to set launchTime (0) < mLastActivityLaunchTime (1006330)
10-03 02:05:39.461  1658  4506 E UserRestrictionsUtils: Unknown restriction queried by uid 1000 (com.android.launcher3 et al): null
10-03 02:05:39.464  1658  4506 I chatty  : uid=1000(system) Binder:1658_1F identical 2 lines
10-03 02:05:39.465  1658  4506 E UserRestrictionsUtils: Unknown restriction queried by uid 1000 (com.android.launcher3 et al): null
10-03 02:05:39.587  1658  4506 D ActivityManager: cgroup.freeze not present
10-03 02:05:39.637  1658  2042 D ActivityManager: cgroup.freeze not present
10-03 02:05:39.646  1658  2922 D ActivityManager: cgroup.freeze not present
10-03 02:05:39.943  1658  2922 W AppOps  : Noting op not finished: uid 10351 pkg com.google.android.gms code 79 startTime of in progress event=1633219057802
10-03 02:05:39.949  1658  2042 W AppOps  : Noting op not finished: uid 10351 pkg com.google.android.gms code 79 startTime of in progress event=1633219057802
10-03 02:05:39.953  1658  2915 W AppOps  : Noting op not finished: uid 10351 pkg com.google.android.gms code 79 startTime of in progress event=1633219057802
10-03 02:05:39.959  1658  4325 W AppOps  : Noting op not finished: uid 10351 pkg com.google.android.gms code 79 startTime of in progress event=1633219058011
10-03 02:05:43.110  1658  1800 I UsbDeviceManager: Setting USB config to mtp,adb
10-03 02:05:43.372  1658  1800 W Looper  : Slow dispatch took 278ms android.fg h=com.android.server.usb.UsbDeviceManager$UsbHandlerLegacy c=null m=1
10-03 02:05:43.375  1658  1800 W Looper  : Slow delivery took 278ms android.fg h=com.android.server.adb.AdbDebuggingManager$AdbDebuggingHandler c=null m=1
10-03 02:05:43.376  1658  1800 W Looper  : Drained
10-03 02:05:43.585  1658  1658 W NotificationHistory: Attempted to add notif for locked/gone/disabled user 0
10-03 02:05:43.601  1658  4504 W UserManagerService: Cannot retrieve activities for disabled profile -1 from 0
10-03 02:05:43.797  1658 22087 D AdbDebuggingManager: Received public key: QAAAAJ3rZZ5LDdFQVnEFV6HZj60SqilMgZGWbysdSbPMg76IhiIZy17FM/D+L9t2h7/X7kBJgPjaVldNebt9dK6yyvDOzZw0fS2MyjgS96k5nKxubMFmyvSh1T/bGwVRj8qPXtK7PgyOL39TE7qOcemNSvOfQplJYNt/2pqHCE4KRWEMP0u37cs0cAL8PuUcTI9tB8NfSiCL71xool9cO3FIYK4fU0YvCQhEaQP0dhOVtsXUN4w42Pj3ME6KsGhKhpnBiTo2U521mXVNtU09gzeRhWHXmeieS5zh00GHTM8UcbgojAs6dJE/RAQQDhqEa9Wg5M9JDOjcyga2XHq7pcC/ef8DB8mepP9ZIEl8C3Al8L801GSjrCVn2maDSxcycI3jyFm+/svuBbAG0iLFwpAOoNT/zA8GlKbGR85OIVDCKNQlDCiqBzuqjo56NcuM1x7yTQUjidx570AqFIDfJnLsUl8cUHi1wjdv7GV+SvmvFcT3ETGO3HCPTfu90rZVYdoGNcMuNLSpmsX0grnrhk+wUJ0RA/eA0HH3vT/g6O7pp2pNVEy01L2k0HYiZ+03FqdJp4M/3JuLncqf+fjzWgIBYlYEIlcGl8bMeCin0SQ9oBJO2M8XlDMaVFsb0euSPfyM5ZxzS1lK6kXO+tMHyavtuUnbegVP0NiOo1uvpDcYGPUFUBjdgAEAAQA= Vextorite@fedora
10-03 02:05:43.798  1658  1800 D AdbDebuggingManager: Logging key QAAAAJ3rZZ5LDdFQVnEFV6HZj60SqilMgZGWbysdSbPMg76IhiIZy17FM/D+L9t2h7/X7kBJgPjaVldNebt9dK6yyvDOzZw0fS2MyjgS96k5nKxubMFmyvSh1T/bGwVRj8qPXtK7PgyOL39TE7qOcemNSvOfQplJYNt/2pqHCE4KRWEMP0u37cs0cAL8PuUcTI9tB8NfSiCL71xool9cO3FIYK4fU0YvCQhEaQP0dhOVtsXUN4w42Pj3ME6KsGhKhpnBiTo2U521mXVNtU09gzeRhWHXmeieS5zh00GHTM8UcbgojAs6dJE/RAQQDhqEa9Wg5M9JDOjcyga2XHq7pcC/ef8DB8mepP9ZIEl8C3Al8L801GSjrCVn2maDSxcycI3jyFm+/svuBbAG0iLFwpAOoNT/zA8GlKbGR85OIVDCKNQlDCiqBzuqjo56NcuM1x7yTQUjidx570AqFIDfJnLsUl8cUHi1wjdv7GV+SvmvFcT3ETGO3HCPTfu90rZVYdoGNcMuNLSpmsX0grnrhk+wUJ0RA/eA0HH3vT/g6O7pp2pNVEy01L2k0HYiZ+03FqdJp4M/3JuLncqf+fjzWgIBYlYEIlcGl8bMeCin0SQ9oBJO2M8XlDMaVFsb0euSPfyM5ZxzS1lK6kXO+tMHyavtuUnbegVP0NiOo1uvpDcYGPUFUBjdgAEAAQA= Vextorite@fedora, state = 1, alwaysAllow = false, lastConnectionTime = 0, authWindow = 604800000
10-03 02:05:43.802  1658  1800 I ActivityTaskManager: START u0 {flg=0x10000000 cmp=com.android.systemui/.usb.UsbDebuggingActivity (has extras)} from uid 1000
