--------- beginning of system
10-03 01:49:14.469   581   587 D vold    : /dev/block/vold/public:179,1: Next free cluster in FSInfo block (463116) not free
10-03 01:49:14.469   581   587 D vold    : FIXED
10-03 01:49:14.469   581   587 D vold    : /dev/block/vold/public:179,1: 9697 files, 92166560 KiB free (2880205 clusters)
10-03 01:49:14.471   581   587 I vold    : Filesystem check completed OK
10-03 01:49:14.482   581   587 D vold    : Waiting for sdcardfs to spin up...
10-03 01:49:14.497  5808  5808 W sdcard  : Device explicitly enabled sdcardfs
10-03 01:49:14.533   581   587 I vold    : Mounting public fuse volume
10-03 01:49:14.551   581   587 I vold    : Bind mounting /mnt/runtime/full/B2AA-081D to /mnt/pass_through/0/B2AA-081D
10-03 01:49:14.552  1658  2096 I chatty  : uid=1000(system) StorageManagerS expire 13 lines
10-03 01:49:15.348  1658  1765 I chatty  : uid=1000(system) Binder:1658_2 expire 8 lines
10-03 01:49:15.349  1658  1821 I chatty  : uid=1000(system) ActivityManager expire 75 lines
10-03 01:49:15.353  1658  4253 I chatty  : uid=1000(system) Binder:1658_12 expire 11 lines
10-03 01:49:15.364  1658  2915 I chatty  : uid=1000(system) Binder:1658_7 expire 7 lines
10-03 01:49:15.393  1658  4503 I chatty  : uid=1000(system) Binder:1658_1C expire 6 lines
10-03 01:49:15.431  1658  4365 I chatty  : uid=1000(system) Binder:1658_14 expire 10 lines
10-03 01:49:15.509  1658  1658 I chatty  : uid=1000(system) Binder:1658_3 expire 40 lines
10-03 01:49:15.591   581   587 I vold    : Configuring read_ahead of /mnt/user/0/B2AA-081D fuse filesystem to 256kb
10-03 01:49:15.592   581   587 I vold    : Writing 256 to /sys/class/bdi/0:85/read_ahead_kb
10-03 01:49:15.592   581   587 I vold    : Configuring max_ratio of /mnt/user/0/B2AA-081D fuse filesystem to 40
10-03 01:49:15.592   581   587 I vold    : Writing 40 to /sys/class/bdi/0:85/max_ratio
10-03 01:49:15.951  1658  1800 I chatty  : uid=1000(system) android.fg expire 7 lines
10-03 01:49:16.173  1658  2041 I chatty  : uid=1000(system) Binder:1658_4 expire 5 lines
10-03 01:49:16.641  1658  2922 I chatty  : uid=1000(system) Binder:1658_B expire 5 lines
10-03 01:49:16.770  2854  6109 D PowerUI : can't show warning due to - plugged: true status unknown: false
10-03 01:49:17.038  1658  4064 I chatty  : uid=1000(system) Binder:1658_11 expire 9 lines
10-03 01:49:17.094  1658  1820 I chatty  : uid=1000(system) ActivityManager expire 9 lines
10-03 01:49:17.219  1658  4287 I chatty  : uid=1000(system) backup-0 expire 2 lines
10-03 01:49:17.248  1658  3434 I chatty  : uid=1000(system) Binder:1658_F expire 2 lines
10-03 01:49:17.365  1658  2917 I chatty  : uid=1000(system) Binder:1658_8 expire 5 lines
10-03 01:49:17.372  1658  2923 I chatty  : uid=1000(system) Binder:1658_C expire 1 line
10-03 01:49:18.124  1658  4325 I chatty  : uid=1000(system) Binder:1658_13 expire 6 lines
10-03 01:49:18.441  1658  4858 I chatty  : uid=1000(system) Binder:1658_21 expire 2 lines
10-03 01:49:18.923   797   797 I android.hardware.wifi@1.0-service: Wifi HAL started
10-03 01:49:18.964   797   797 I android.hardware.wifi@1.0-service: Adding interface handle for wlan0
10-03 01:49:18.964   797   797 I android.hardware.wifi@1.0-service: Adding interface handle for wifi-aware0
10-03 01:49:18.964   797   797 I android.hardware.wifi@1.0-service: Adding interface handle for p2p0
10-03 01:49:18.964   797   797 W android.hardware.wifi@1.0-service: No active wlan interfaces in use! Using default
10-03 01:49:18.964   797   797 W android.hardware.wifi@1.0-service: No active wlan interfaces in use! Using default
10-03 01:49:18.966   797   797 I android.hardware.wifi@1.0-service: Configured chip in mode 3
10-03 01:49:18.966   797   797 W android.hardware.wifi@1.0-service: No active wlan interfaces in use! Using default
10-03 01:49:18.997   797   797 W android.hardware.wifi@1.0-service: No active wlan interfaces in use! Using default
10-03 01:49:19.081  1019  1019 I wificond: create scanner for interface with index: 30
10-03 01:49:19.081  1019  1019 I wificond: subscribe scan result for interface with index: 30
10-03 01:49:19.496  1658  1804 I chatty  : uid=1000(system) android.display expire 3 lines
10-03 01:49:19.928  1658  2729 I chatty  : uid=1000(system) WifiP2pService expire 2 lines
10-03 01:49:20.928  1658  2918 I chatty  : uid=1000(system) Binder:1658_9 expire 1 line
10-03 01:49:22.543  1658  4212 I chatty  : uid=1000(system) LazyTaskWriterT expire 1 line
10-03 01:49:22.629  1658  4497 I chatty  : uid=1000(system) Binder:1658_19 expire 3 lines
10-03 01:49:23.223  1658  2913 I chatty  : uid=1000(system) Binder:1658_6 expire 2 lines
10-03 01:49:24.355  1658  4466 I chatty  : uid=1000(system) Binder:1658_18 expire 3 lines
10-03 01:49:25.537  1658  1820 I chatty  : uid=1000(system) ActivityManager expire 10 lines
10-03 01:49:25.693  1658  4064 I chatty  : uid=1000(system) Binder:1658_11 expire 1 line
10-03 01:49:25.784  1658  4498 I chatty  : uid=1000(system) Binder:1658_1A expire 7 lines
10-03 01:49:25.784  1658  1821 I chatty  : uid=1000(system) ActivityManager expire 44 lines
10-03 01:49:26.039  1658  1800 I chatty  : uid=1000(system) android.fg expire 35 lines
10-03 01:49:26.052  1658  1658 I chatty  : uid=1000(system) Binder:1658_3 expire 34 lines
10-03 01:49:26.070  1658  1819 I chatty  : uid=1000(system) android.bg expire 2 lines
10-03 01:49:26.912  1658  4365 I chatty  : uid=1000(system) Binder:1658_14 expire 7 lines
10-03 01:49:27.908  1658  1804 I chatty  : uid=1000(system) android.display expire 2 lines
10-03 01:49:28.062  1658  4506 I chatty  : uid=1000(system) Binder:1658_1F expire 2 lines
10-03 01:49:28.308  5006  6880 I PackageParsing: com.google.android.gms.dynamite_dynamiteloader: compat added android.permission.OTHER_SENSORS
10-03 01:49:28.360  5006  6880 I PackageParsing: com.google.android.gms.dynamite_dynamitemodulesa: compat added android.permission.OTHER_SENSORS
10-03 01:49:28.418  5006  6880 I PackageParsing: com.google.android.gms.dynamite_googlecertificates: compat added android.permission.OTHER_SENSORS
10-03 01:49:28.438  5006  6880 I PackageParsing: com.google.android.gms.dynamite_mapsdynamite: compat added android.permission.OTHER_SENSORS
10-03 01:49:28.536  5006  6880 I PackageParsing: com.google.android.gms.dynamite_measurementdynamite: compat added android.permission.OTHER_SENSORS
10-03 01:49:28.547  5006  6880 I PackageParsing: com.google.android.gms.policy_ads_fdr_dynamite: compat added android.permission.OTHER_SENSORS
10-03 01:49:28.573  5006  6880 I PackageParsing: com.google.android.gms.dynamite_dynamitemodulesc: compat added android.permission.OTHER_SENSORS
10-03 01:49:28.620  5006  6880 I PackageParsing: com.google.android.gms.dynamite_cronetdynamite: compat added android.permission.OTHER_SENSORS
10-03 01:49:28.651  1658  3434 I chatty  : uid=1000(system) Binder:1658_F expire 6 lines
10-03 01:49:28.734  5006  6880 I PackageParsing: com.google.android.gms.policy_sidecar_aps: compat added android.permission.OTHER_SENSORS
10-03 01:49:28.828  5006  6880 I PackageParsing: com.google.android.gms.policy_sidecar_aps: compat added android.permission.OTHER_SENSORS
10-03 01:49:29.054  1658  2918 I chatty  : uid=1000(system) Binder:1658_9 expire 2 lines
10-03 01:49:29.308  5006  6880 I PackageParsing: com.google.android.gms.policy_ads_fdr_dynamite: compat added android.permission.OTHER_SENSORS
10-03 01:49:29.323  5006  6880 I PackageParsing: com.google.android.gms.dynamite_cronetdynamite: compat added android.permission.OTHER_SENSORS
10-03 01:49:29.347  5006  6880 I PackageParsing: com.google.android.gms.dynamite_dynamiteloader: compat added android.permission.OTHER_SENSORS
10-03 01:49:29.380  5006  6880 I PackageParsing: com.google.android.gms.dynamite_dynamitemodulesa: compat added android.permission.OTHER_SENSORS
10-03 01:49:29.395  5006  6880 I PackageParsing: com.google.android.gms.dynamite_dynamitemodulesc: compat added android.permission.OTHER_SENSORS
10-03 01:49:29.421  5006  6880 I PackageParsing: com.google.android.gms.dynamite_googlecertificates: compat added android.permission.OTHER_SENSORS
10-03 01:49:29.436  5006  6880 I PackageParsing: com.google.android.gms.dynamite_mapsdynamite: compat added android.permission.OTHER_SENSORS
10-03 01:49:29.446  5006  6880 I PackageParsing: com.google.android.gms.dynamite_measurementdynamite: compat added android.permission.OTHER_SENSORS
10-03 01:49:29.628  1658  2922 I chatty  : uid=1000(system) Binder:1658_B expire 7 lines
10-03 01:49:30.029  1658  4408 I chatty  : uid=1000(system) Binder:1658_17 expire 2 lines
10-03 01:49:30.500  1658  2923 I chatty  : uid=1000(system) Binder:1658_C expire 3 lines
10-03 01:49:30.572  1658  4503 I chatty  : uid=1000(system) Binder:1658_1C expire 1 line
10-03 01:49:30.933  1658  2915 I chatty  : uid=1000(system) Binder:1658_7 expire 4 lines
10-03 01:49:31.314  1658  4497 I chatty  : uid=1000(system) Binder:1658_19 expire 3 lines
10-03 01:49:31.509  1658  2919 I chatty  : uid=1000(system) Binder:1658_A expire 2 lines
10-03 01:49:31.872  1658  4253 I chatty  : uid=1000(system) Binder:1658_12 expire 2 lines
10-03 01:49:32.081  1658  1934 I chatty  : uid=1000(system) PackageManager expire 3 lines
10-03 01:49:32.675  1658  4858 I chatty  : uid=1000(system) Binder:1658_21 expire 2 lines
10-03 01:49:34.355  1658  2091 I chatty  : uid=1000(system) HwBinder:1658_2 expire 1 line
10-03 01:49:36.715  5006  6880 I PackageParsing: com.google.android.gms.dynamite_dynamiteloader: compat added android.permission.OTHER_SENSORS
10-03 01:49:36.746  5006  6880 I PackageParsing: com.google.android.gms.dynamite_dynamitemodulesa: compat added android.permission.OTHER_SENSORS
10-03 01:49:36.747  1658  4287 I chatty  : uid=1000(system) backup-0 expire 2 lines
10-03 01:49:36.770  5006  6880 I PackageParsing: com.google.android.gms.dynamite_googlecertificates: compat added android.permission.OTHER_SENSORS
10-03 01:49:36.779  5006  6880 I PackageParsing: com.google.android.gms.dynamite_mapsdynamite: compat added android.permission.OTHER_SENSORS
10-03 01:49:36.787  5006  6880 I PackageParsing: com.google.android.gms.dynamite_measurementdynamite: compat added android.permission.OTHER_SENSORS
10-03 01:49:36.794  5006  6880 I PackageParsing: com.google.android.gms.policy_ads_fdr_dynamite: compat added android.permission.OTHER_SENSORS
10-03 01:49:36.807  5006  6880 I PackageParsing: com.google.android.gms.dynamite_dynamitemodulesc: compat added android.permission.OTHER_SENSORS
10-03 01:49:36.818  5006  6880 I PackageParsing: com.google.android.gms.dynamite_cronetdynamite: compat added android.permission.OTHER_SENSORS
10-03 01:49:36.842  5006  6880 I PackageParsing: com.google.android.gms.policy_sidecar_aps: compat added android.permission.OTHER_SENSORS
10-03 01:49:36.944  5006  6880 I PackageParsing: com.google.android.gms.policy_sidecar_aps: compat added android.permission.OTHER_SENSORS
10-03 01:49:37.028  5006  6880 I PackageParsing: com.google.android.gms.policy_ads_fdr_dynamite: compat added android.permission.OTHER_SENSORS
10-03 01:49:37.049  5006  6880 I PackageParsing: com.google.android.gms.dynamite_cronetdynamite: compat added android.permission.OTHER_SENSORS
10-03 01:49:37.064  5006  6880 I PackageParsing: com.google.android.gms.dynamite_dynamiteloader: compat added android.permission.OTHER_SENSORS
10-03 01:49:37.071  5006  6880 I PackageParsing: com.google.android.gms.dynamite_dynamitemodulesa: compat added android.permission.OTHER_SENSORS
10-03 01:49:37.076  5006  6880 I PackageParsing: com.google.android.gms.dynamite_dynamitemodulesc: compat added android.permission.OTHER_SENSORS
10-03 01:49:37.099  5006  6880 I PackageParsing: com.google.android.gms.dynamite_googlecertificates: compat added android.permission.OTHER_SENSORS
10-03 01:49:37.109  5006  6880 I PackageParsing: com.google.android.gms.dynamite_mapsdynamite: compat added android.permission.OTHER_SENSORS
10-03 01:49:37.120  5006  6880 I PackageParsing: com.google.android.gms.dynamite_measurementdynamite: compat added android.permission.OTHER_SENSORS
10-03 01:49:37.298  1658  1658 I chatty  : uid=1000(system) Binder:1658_3 expire 2 lines
10-03 01:49:37.356  1658  4502 I chatty  : uid=1000(system) Binder:1658_1B expire 1 line
10-03 01:49:37.359  1658  1820 I chatty  : uid=1000(system) ActivityManager expire 41 lines
10-03 01:49:39.221  1658  1800 I chatty  : uid=1000(system) android.fg expire 3 lines
10-03 01:49:39.277  1658  1821 I chatty  : uid=1000(system) ActivityManager expire 39 lines
10-03 01:49:39.532  1658  1820 I chatty  : uid=1000(system) ActivityManager expire 83 lines
10-03 01:49:39.533  1658  3434 I chatty  : uid=1000(system) Binder:1658_F expire 2 lines
10-03 01:49:39.554  1658  7922 I chatty  : uid=1000(system) pool-6-thread-1 expire 1 line
10-03 01:49:39.605  1658  7923 I chatty  : uid=1000(system) Binder:1658_3 expire 7 lines
10-03 01:49:40.081  1658  4858 I chatty  : uid=1000(system) Binder:1658_21 expire 4 lines
10-03 01:49:40.119  1658  1804 I chatty  : uid=1000(system) android.display expire 2 lines
10-03 01:49:40.261  1658  2041 I chatty  : uid=1000(system) Binder:1658_4 expire 1 line
10-03 01:49:40.375  1658  1658 I chatty  : uid=1000(system) Binder:1658_3 expire 16 lines
10-03 01:49:40.423  1658  1800 I chatty  : uid=1000(system) android.fg expire 13 lines
10-03 01:49:40.596  1658  4466 I chatty  : uid=1000(system) Binder:1658_18 expire 4 lines
10-03 01:49:40.626  1658  2922 I chatty  : uid=1000(system) Binder:1658_B expire 4 lines
10-03 01:49:40.761  1658  4503 I chatty  : uid=1000(system) Binder:1658_1C expire 2 lines
10-03 01:49:40.840  1658  1819 I chatty  : uid=1000(system) android.bg expire 1 line
10-03 01:49:40.850  1658  4497 I chatty  : uid=1000(system) Binder:1658_19 expire 7 lines
10-03 01:49:40.931  1658  2917 I chatty  : uid=1000(system) Binder:1658_8 expire 8 lines
10-03 01:49:41.050  1658  2915 I chatty  : uid=1000(system) Binder:1658_7 expire 2 lines
10-03 01:49:41.123  1658  4365 I chatty  : uid=1000(system) Binder:1658_14 expire 5 lines
10-03 01:49:41.189  7895  7895 I ActivityThread: Removing dead content provider:android.content.ContentProviderProxy@b6ac950
10-03 01:49:41.279  1658  2923 I chatty  : uid=1000(system) Binder:1658_C expire 10 lines
10-03 01:49:41.450  1658  4506 I chatty  : uid=1000(system) Binder:1658_1F expire 5 lines
10-03 01:49:42.532  1658  1765 I chatty  : uid=1000(system) Binder:1658_2 expire 2 lines
10-03 01:49:42.683  1658  1934 I chatty  : uid=1000(system) PackageManager expire 1 line
10-03 01:49:42.768  1658  4502 I chatty  : uid=1000(system) Binder:1658_1B expire 4 lines
10-03 01:49:42.868  1658  4253 I chatty  : uid=1000(system) Binder:1658_12 expire 1 line
10-03 01:49:43.261  1658  4374 I chatty  : uid=1000(system) Binder:1658_16 expire 2 lines
10-03 01:49:43.484  1658  1764 I chatty  : uid=1000(system) Binder:1658_1 expire 6 lines
10-03 01:49:43.570  1658  4408 I chatty  : uid=1000(system) Binder:1658_17 expire 1 line
10-03 01:49:47.587  1658  2922 I chatty  : uid=1000(system) Binder:1658_B expire 9 lines
10-03 01:49:48.153  1658  4498 I chatty  : uid=1000(system) Binder:1658_1A expire 2 lines
10-03 01:49:48.154  1658  1821 I chatty  : uid=1000(system) ActivityManager expire 57 lines
10-03 01:49:48.289  1658  1800 I chatty  : uid=1000(system) android.fg expire 25 lines
10-03 01:49:48.332  1658  1658 I chatty  : uid=1000(system) Binder:1658_3 expire 15 lines
10-03 01:49:48.871  1658  1765 I chatty  : uid=1000(system) Binder:1658_2 expire 3 lines
10-03 01:49:49.313  1658  4253 I chatty  : uid=1000(system) Binder:1658_12 expire 5 lines
10-03 01:49:49.539  1658  2915 I chatty  : uid=1000(system) Binder:1658_7 expire 1 line
10-03 01:49:49.925  1658  3433 I chatty  : uid=1000(system) Binder:1658_E expire 4 lines
10-03 01:49:50.868  1658  3434 I chatty  : uid=1000(system) Binder:1658_F expire 5 lines
10-03 01:49:51.915  1658  4858 I chatty  : uid=1000(system) Binder:1658_21 expire 11 lines
10-03 01:49:52.488  1658  2923 I chatty  : uid=1000(system) Binder:1658_C expire 15 lines
10-03 01:49:52.844  1658  4734 I chatty  : uid=1000(system) Binder:1658_20 expire 8 lines
10-03 01:49:52.893  1658  2913 I chatty  : uid=1000(system) Binder:1658_6 expire 7 lines
10-03 01:49:52.900  1658  2041 I chatty  : uid=1000(system) Binder:1658_4 expire 15 lines
10-03 01:49:53.001  1658  2919 I chatty  : uid=1000(system) Binder:1658_A expire 3 lines
10-03 01:49:54.876  1658  4497 I chatty  : uid=1000(system) Binder:1658_19 expire 13 lines
10-03 01:49:56.168  1658  1934 I chatty  : uid=1000(system) PackageManager expire 5 lines
10-03 01:49:56.192  1658  1820 I chatty  : uid=1000(system) ActivityManager expire 4 lines
10-03 01:49:57.476  1658  2917 I chatty  : uid=1000(system) Binder:1658_8 expire 2 lines
10-03 01:49:57.632  5006  6880 I PackageParsing: com.google.android.gms.dynamite_dynamiteloader: compat added android.permission.OTHER_SENSORS
10-03 01:49:57.663  5006  6880 I PackageParsing: com.google.android.gms.dynamite_dynamitemodulesa: compat added android.permission.OTHER_SENSORS
10-03 01:49:57.678  5006  6880 I PackageParsing: com.google.android.gms.dynamite_googlecertificates: compat added android.permission.OTHER_SENSORS
10-03 01:49:57.685  5006  6880 I PackageParsing: com.google.android.gms.dynamite_mapsdynamite: compat added android.permission.OTHER_SENSORS
10-03 01:49:57.694  5006  6880 I PackageParsing: com.google.android.gms.dynamite_measurementdynamite: compat added android.permission.OTHER_SENSORS
10-03 01:49:57.701  5006  6880 I PackageParsing: com.google.android.gms.policy_ads_fdr_dynamite: compat added android.permission.OTHER_SENSORS
10-03 01:49:57.721  5006  6880 I PackageParsing: com.google.android.gms.dynamite_dynamitemodulesc: compat added android.permission.OTHER_SENSORS
10-03 01:49:57.730  5006  6880 I PackageParsing: com.google.android.gms.dynamite_cronetdynamite: compat added android.permission.OTHER_SENSORS
10-03 01:49:57.745  5006  6880 I PackageParsing: com.google.android.gms.policy_sidecar_aps: compat added android.permission.OTHER_SENSORS
10-03 01:49:57.783  5006  6880 I PackageParsing: com.google.android.gms.policy_sidecar_aps: compat added android.permission.OTHER_SENSORS
10-03 01:49:57.905  5006  6880 I PackageParsing: com.google.android.gms.policy_ads_fdr_dynamite: compat added android.permission.OTHER_SENSORS
10-03 01:49:57.909  5006  6880 I PackageParsing: com.google.android.gms.dynamite_cronetdynamite: compat added android.permission.OTHER_SENSORS
10-03 01:49:57.920  5006  6880 I PackageParsing: com.google.android.gms.dynamite_dynamiteloader: compat added android.permission.OTHER_SENSORS
10-03 01:49:57.928  5006  6880 I PackageParsing: com.google.android.gms.dynamite_dynamitemodulesa: compat added android.permission.OTHER_SENSORS
10-03 01:49:57.941  5006  6880 I PackageParsing: com.google.android.gms.dynamite_dynamitemodulesc: compat added android.permission.OTHER_SENSORS
10-03 01:49:57.955  5006  6880 I PackageParsing: com.google.android.gms.dynamite_googlecertificates: compat added android.permission.OTHER_SENSORS
10-03 01:49:57.964  5006  6880 I PackageParsing: com.google.android.gms.dynamite_mapsdynamite: compat added android.permission.OTHER_SENSORS
10-03 01:49:57.973  5006  6880 I PackageParsing: com.google.android.gms.dynamite_measurementdynamite: compat added android.permission.OTHER_SENSORS
10-03 01:49:58.369  1658  2924 I chatty  : uid=1000(system) Binder:1658_D expire 3 lines
10-03 01:49:59.741  1658  4505 I chatty  : uid=1000(system) Binder:1658_1E expire 3 lines
10-03 01:49:59.915  1658  4063 I chatty  : uid=1000(system) Binder:1658_10 expire 1 line
10-03 01:50:00.944  1658  4325 I chatty  : uid=1000(system) Binder:1658_13 expire 4 lines
10-03 01:50:01.180  1658  4504 I chatty  : uid=1000(system) Binder:1658_1D expire 7 lines
10-03 01:50:02.498  1658  2086 I chatty  : uid=1000(system) AlarmManager expire 1 line
10-03 01:50:03.202  1658  1658 I chatty  : uid=1000(system) Binder:1658_3 expire 18 lines
10-03 01:50:04.878  1658  4064 I chatty  : uid=1000(system) Binder:1658_11 expire 3 lines
10-03 01:50:04.981  1658  1765 I chatty  : uid=1000(system) Binder:1658_2 expire 5 lines
10-03 01:50:05.390  1658  4063 I chatty  : uid=1000(system) Binder:1658_10 expire 7 lines
10-03 01:50:05.579  1658  1800 I chatty  : uid=1000(system) android.fg expire 18 lines
10-03 01:50:08.944  1658  1821 I chatty  : uid=1000(system) ActivityManager expire 28 lines
10-03 01:50:10.377  1658  4466 I chatty  : uid=1000(system) Binder:1658_18 expire 2 lines
10-03 01:50:11.942  1658  2924 I chatty  : uid=1000(system) Binder:1658_D expire 5 lines
10-03 01:50:11.944  1658  1804 I chatty  : uid=1000(system) android.display expire 1 line
10-03 01:50:11.945  1658  1820 I chatty  : uid=1000(system) ActivityManager expire 5 lines
10-03 01:50:12.187  1019  1019 W wificond: Scan aborted
10-03 01:50:12.189   797   797 D android.hardware.wifi@1.0-service: Successfully SetMacAddress.
10-03 01:50:12.265  1019  1019 W wificond: Scan is not started. Ignore abort request
10-03 01:50:12.788  1658  2732 I chatty  : uid=1000(system) ConnectivitySer expire 9 lines
10-03 01:50:14.032   696   859 E NetlinkEvent: NetlinkEvent::FindParam(): Parameter 'INTERFACE' not found
10-03 01:50:14.032   696   859 E NetlinkEvent: NetlinkEvent::FindParam(): Parameter 'STATE' not found
10-03 01:50:14.032   696   859 E NetlinkEvent: NetlinkEvent::FindParam(): Parameter 'TIME_NS' not found
10-03 01:50:14.032   696   859 E NetlinkEvent: NetlinkEvent::FindParam(): Parameter 'UID' not found
10-03 01:50:14.155  1658  4504 I chatty  : uid=1000(system) Binder:1658_1D expire 2 lines
10-03 01:50:14.224  1658  2041 I chatty  : uid=1000(system) Binder:1658_4 expire 2 lines
10-03 01:50:14.735  1658  4497 I chatty  : uid=1000(system) Binder:1658_19 expire 5 lines
10-03 01:50:14.797  1658  4408 I chatty  : uid=1000(system) Binder:1658_17 expire 1 line
10-03 01:50:14.843  1658  4325 I chatty  : uid=1000(system) Binder:1658_13 expire 3 lines
10-03 01:50:17.679  1658  2923 I chatty  : uid=1000(system) Binder:1658_C expire 2 lines
10-03 01:50:17.911  1658  4212 I chatty  : uid=1000(system) LazyTaskWriterT expire 1 line
10-03 01:50:18.396  1658 10322 I chatty  : uid=1000(system) Binder:1658_3 expire 2 lines
10-03 01:50:18.396  1658 10323 I chatty  : uid=1000(system) Binder:1658_3 expire 2 lines
10-03 01:50:19.310  1658  4503 I chatty  : uid=1000(system) Binder:1658_1C expire 1 line
10-03 01:50:19.563  5006 10412 I PackageParsing: com.google.android.gms.policy_ads_fdr_dynamite: compat added android.permission.OTHER_SENSORS
10-03 01:50:19.581  5006 10412 I PackageParsing: com.google.android.gms.dynamite_cronetdynamite: compat added android.permission.OTHER_SENSORS
10-03 01:50:19.585  5006 10412 I PackageParsing: com.google.android.gms.dynamite_dynamiteloader: compat added android.permission.OTHER_SENSORS
10-03 01:50:19.605  5006 10412 I PackageParsing: com.google.android.gms.dynamite_dynamitemodulesa: compat added android.permission.OTHER_SENSORS
10-03 01:50:19.611  1658  1658 I chatty  : uid=1000(system) Binder:1658_3 expire 35 lines
10-03 01:50:19.612  1658  1821 I chatty  : uid=1000(system) ActivityManager expire 19 lines
10-03 01:50:19.626  5006 10412 I PackageParsing: com.google.android.gms.dynamite_dynamitemodulesc: compat added android.permission.OTHER_SENSORS
10-03 01:50:19.645  5006 10412 I PackageParsing: com.google.android.gms.dynamite_googlecertificates: compat added android.permission.OTHER_SENSORS
10-03 01:50:19.666  5006 10412 I PackageParsing: com.google.android.gms.dynamite_mapsdynamite: compat added android.permission.OTHER_SENSORS
10-03 01:50:19.681  5006 10412 I PackageParsing: com.google.android.gms.dynamite_measurementdynamite: compat added android.permission.OTHER_SENSORS
10-03 01:50:19.845  5006  6371 I PackageParsing: com.google.android.gms.policy_sidecar_aps: compat added android.permission.OTHER_SENSORS
10-03 01:50:19.993  5006  6371 I PackageParsing: com.google.android.gms.policy_sidecar_aps: compat added android.permission.OTHER_SENSORS
10-03 01:50:20.281  5006  6371 I PackageParsing: com.google.android.gms.policy_ads_fdr_dynamite: compat added android.permission.OTHER_SENSORS
10-03 01:50:20.307  5006  6371 I PackageParsing: com.google.android.gms.dynamite_cronetdynamite: compat added android.permission.OTHER_SENSORS
10-03 01:50:20.327  5006  6371 I PackageParsing: com.google.android.gms.dynamite_dynamiteloader: compat added android.permission.OTHER_SENSORS
10-03 01:50:20.342  5006  6371 I PackageParsing: com.google.android.gms.dynamite_dynamitemodulesa: compat added android.permission.OTHER_SENSORS
10-03 01:50:20.401  5006  6371 I PackageParsing: com.google.android.gms.dynamite_dynamitemodulesc: compat added android.permission.OTHER_SENSORS
10-03 01:50:20.415  5006  6371 I PackageParsing: com.google.android.gms.dynamite_googlecertificates: compat added android.permission.OTHER_SENSORS
10-03 01:50:20.427  5006  6371 I PackageParsing: com.google.android.gms.dynamite_mapsdynamite: compat added android.permission.OTHER_SENSORS
10-03 01:50:20.446  5006  6371 I PackageParsing: com.google.android.gms.dynamite_measurementdynamite: compat added android.permission.OTHER_SENSORS
10-03 01:50:20.681  1658  2913 I chatty  : uid=1000(system) Binder:1658_6 expire 6 lines
10-03 01:50:20.810  1658  1802 I chatty  : uid=1000(system) android.ui expire 1 line
10-03 01:50:23.182  1658  2918 I chatty  : uid=1000(system) Binder:1658_9 expire 2 lines
10-03 01:50:23.662  1658  4373 I chatty  : uid=1000(system) Binder:1658_15 expire 6 lines
10-03 01:50:24.802  1658  4505 I chatty  : uid=1000(system) Binder:1658_1E expire 2 lines
10-03 01:50:29.719  1658  4506 I chatty  : uid=1000(system) Binder:1658_1F expire 1 line
10-03 01:50:31.566  1658  4374 I chatty  : uid=1000(system) Binder:1658_16 expire 3 lines
10-03 01:50:34.065  1658  3434 I chatty  : uid=1000(system) Binder:1658_F expire 4 lines
10-03 01:50:34.283  1658  4502 I chatty  : uid=1000(system) Binder:1658_1B expire 3 lines
10-03 01:50:34.286  4375  4375 W AlwaysOnHotwordDetector: stopRecognition() failed with error code -2147483648
10-03 01:50:34.289  4375  4375 W AlwaysOnHotwordDetector: Received message: 1 for an invalid detector
10-03 01:50:34.315  1658  1821 I chatty  : uid=1000(system) ActivityManager expire 2 lines
10-03 01:50:34.505  1658  1658 I chatty  : uid=1000(system) Binder:1658_3 expire 16 lines
10-03 01:50:34.587  4375  4375 W AlwaysOnHotwordDetector: stopRecognition() failed with error code -2147483648
10-03 01:50:34.604  4375  4375 W AlwaysOnHotwordDetector: stopRecognition() failed with error code -2147483648
10-03 01:50:34.689  1658  1764 I chatty  : uid=1000(system) Binder:1658_1 expire 1 line
10-03 01:50:35.049  1658  1800 I chatty  : uid=1000(system) android.fg expire 8 lines
10-03 01:50:41.293  1658  4498 I chatty  : uid=1000(system) Binder:1658_1A expire 2 lines
10-03 01:50:48.132  1658  1934 I chatty  : uid=1000(system) PackageManager expire 6 lines
10-03 01:50:48.298  1658  1820 I chatty  : uid=1000(system) ActivityManager expire 16 lines
10-03 01:50:49.186  1658  1658 I chatty  : uid=1000(system) Binder:1658_3 expire 12 lines
10-03 01:50:49.203  1658  1800 I chatty  : uid=1000(system) android.fg expire 12 lines
10-03 01:50:49.245  1658  1821 I chatty  : uid=1000(system) ActivityManager expire 10 lines
10-03 01:50:49.465  1658  4504 I chatty  : uid=1000(system) Binder:1658_1D expire 14 lines
10-03 01:50:49.480  1658  2923 I chatty  : uid=1000(system) Binder:1658_C expire 3 lines
10-03 01:50:50.402  1658  2041 I chatty  : uid=1000(system) Binder:1658_4 expire 1 line
10-03 01:50:50.925  1658  3434 I chatty  : uid=1000(system) Binder:1658_F expire 10 lines
10-03 01:50:54.111  5006 10990 I PackageParsing: com.google.android.gms.policy_ads_fdr_dynamite: compat added android.permission.OTHER_SENSORS
10-03 01:50:54.115  5006 10990 I PackageParsing: com.google.android.gms.dynamite_cronetdynamite: compat added android.permission.OTHER_SENSORS
10-03 01:50:54.126  5006 10990 I PackageParsing: com.google.android.gms.dynamite_dynamiteloader: compat added android.permission.OTHER_SENSORS
10-03 01:50:54.142  5006 10990 I PackageParsing: com.google.android.gms.dynamite_dynamitemodulesa: compat added android.permission.OTHER_SENSORS
10-03 01:50:54.147  5006 10990 I PackageParsing: com.google.android.gms.dynamite_dynamitemodulesc: compat added android.permission.OTHER_SENSORS
10-03 01:50:54.154  5006 10990 I PackageParsing: com.google.android.gms.dynamite_googlecertificates: compat added android.permission.OTHER_SENSORS
10-03 01:50:54.189  5006 10990 I PackageParsing: com.google.android.gms.dynamite_mapsdynamite: compat added android.permission.OTHER_SENSORS
10-03 01:50:54.199  5006 10990 I PackageParsing: com.google.android.gms.dynamite_measurementdynamite: compat added android.permission.OTHER_SENSORS
10-03 01:50:55.038  1658  2734 I chatty  : uid=1000(system) NsdService expire 8 lines
10-03 01:50:56.032  5006  6712 I PackageParsing: com.google.android.gms.dynamite_dynamiteloader: compat added android.permission.OTHER_SENSORS
10-03 01:50:56.062  5006  6712 I PackageParsing: com.google.android.gms.dynamite_dynamitemodulesa: compat added android.permission.OTHER_SENSORS
10-03 01:50:56.085  5006  6712 I PackageParsing: com.google.android.gms.dynamite_googlecertificates: compat added android.permission.OTHER_SENSORS
10-03 01:50:56.118  5006  6712 I PackageParsing: com.google.android.gms.dynamite_mapsdynamite: compat added android.permission.OTHER_SENSORS
10-03 01:50:56.146  5006  6712 I PackageParsing: com.google.android.gms.dynamite_measurementdynamite: compat added android.permission.OTHER_SENSORS
10-03 01:50:56.159  5006  6712 I PackageParsing: com.google.android.gms.policy_ads_fdr_dynamite: compat added android.permission.OTHER_SENSORS
10-03 01:50:56.189  5006  6712 I PackageParsing: com.google.android.gms.dynamite_dynamitemodulesc: compat added android.permission.OTHER_SENSORS
10-03 01:50:56.220  5006  6712 I PackageParsing: com.google.android.gms.dynamite_cronetdynamite: compat added android.permission.OTHER_SENSORS
10-03 01:50:56.287  5006  6712 I PackageParsing: com.google.android.gms.policy_sidecar_aps: compat added android.permission.OTHER_SENSORS
10-03 01:50:56.323  1658  2915 I chatty  : uid=1000(system) Binder:1658_7 expire 1 line
10-03 01:50:56.357  5006  6712 I PackageParsing: com.google.android.gms.policy_ads_fdr_dynamite: compat added android.permission.OTHER_SENSORS
10-03 01:50:56.359  1658  4497 I chatty  : uid=1000(system) Binder:1658_19 expire 1 line
10-03 01:50:56.361  5006  6712 I PackageParsing: com.google.android.gms.dynamite_cronetdynamite: compat added android.permission.OTHER_SENSORS
10-03 01:50:56.370  5006  6712 I PackageParsing: com.google.android.gms.dynamite_dynamiteloader: compat added android.permission.OTHER_SENSORS
10-03 01:50:56.374  5006  6712 I PackageParsing: com.google.android.gms.dynamite_dynamitemodulesa: compat added android.permission.OTHER_SENSORS
10-03 01:50:56.378  5006  6712 I PackageParsing: com.google.android.gms.dynamite_dynamitemodulesc: compat added android.permission.OTHER_SENSORS
10-03 01:50:56.382  5006  6712 I PackageParsing: com.google.android.gms.dynamite_googlecertificates: compat added android.permission.OTHER_SENSORS
10-03 01:50:56.389  5006  6712 I PackageParsing: com.google.android.gms.dynamite_mapsdynamite: compat added android.permission.OTHER_SENSORS
10-03 01:50:56.401  5006  6712 I PackageParsing: com.google.android.gms.dynamite_measurementdynamite: compat added android.permission.OTHER_SENSORS
10-03 01:50:56.413  5006  6712 I PackageParsing: com.google.android.gms.policy_sidecar_aps: compat added android.permission.OTHER_SENSORS
10-03 01:50:56.966  1658  4858 I chatty  : uid=1000(system) Binder:1658_21 expire 1 line
10-03 01:50:56.978  8342  8342 I ActivityThread: Removing dead content provider:android.content.ContentProviderProxy@b8b3fbb
10-03 01:50:56.978  6112  6112 I ActivityThread: Removing dead content provider:android.content.ContentProviderProxy@11b8496
10-03 01:50:56.978  6112  6112 I ActivityThread: Removing dead content provider:android.content.ContentProviderProxy@11b8496
10-03 01:50:56.978  8342  8342 I ActivityThread: Removing dead content provider:android.content.ContentProviderProxy@b8b3fbb
10-03 01:50:56.978  8673  8673 I ActivityThread: Removing dead content provider:android.content.ContentProviderProxy@794b21a
10-03 01:50:56.978  8673  8673 I ActivityThread: Removing dead content provider:android.content.ContentProviderProxy@794b21a
10-03 01:50:56.979  5619  5619 I ActivityThread: Removing dead content provider:android.content.ContentProviderProxy@f0ac064
10-03 01:50:56.979  5619  5619 I ActivityThread: Removing dead content provider:android.content.ContentProviderProxy@f0ac064
10-03 01:50:56.980  9469  9469 I ActivityThread: Removing dead content provider:android.content.ContentProviderProxy@4677905
10-03 01:50:56.980  9469  9469 I ActivityThread: Removing dead content provider:android.content.ContentProviderProxy@4677905
10-03 01:50:56.980  8635  8635 I ActivityThread: Removing dead content provider:android.content.ContentProviderProxy@11b8496
10-03 01:50:56.980  8635  8635 I ActivityThread: Removing dead content provider:android.content.ContentProviderProxy@11b8496
10-03 01:50:56.983  1658  4063 I chatty  : uid=1000(system) Binder:1658_10 expire 10 lines
10-03 01:50:56.988  1658  2913 I chatty  : uid=1000(system) Binder:1658_6 expire 29 lines
10-03 01:50:57.002  1658  1819 I chatty  : uid=1000(system) android.bg expire 3 lines
10-03 01:50:57.453  1658  4502 I chatty  : uid=1000(system) Binder:1658_1B expire 6 lines
10-03 01:50:58.809  1658  4374 I chatty  : uid=1000(system) Binder:1658_16 expire 8 lines
10-03 01:50:58.825  1658  4253 I chatty  : uid=1000(system) Binder:1658_12 expire 10 lines
10-03 01:50:58.855  1658  2922 I chatty  : uid=1000(system) Binder:1658_B expire 10 lines
10-03 01:50:59.119  1658  4466 I chatty  : uid=1000(system) Binder:1658_18 expire 3 lines
10-03 01:50:59.169  1658  4365 I chatty  : uid=1000(system) Binder:1658_14 expire 11 lines
10-03 01:50:59.277 11179 11272 I PackageParsing: com.google.android.gms.policy_ads_fdr_dynamite: compat added android.permission.OTHER_SENSORS
10-03 01:50:59.290 11179 11272 I PackageParsing: com.google.android.gms.dynamite_cronetdynamite: compat added android.permission.OTHER_SENSORS
10-03 01:50:59.298 11179 11272 I PackageParsing: com.google.android.gms.dynamite_dynamiteloader: compat added android.permission.OTHER_SENSORS
10-03 01:50:59.303 11179 11272 I PackageParsing: com.google.android.gms.dynamite_dynamitemodulesa: compat added android.permission.OTHER_SENSORS
10-03 01:50:59.312 11179 11272 I PackageParsing: com.google.android.gms.dynamite_dynamitemodulesc: compat added android.permission.OTHER_SENSORS
10-03 01:50:59.317 11179 11272 I PackageParsing: com.google.android.gms.dynamite_googlecertificates: compat added android.permission.OTHER_SENSORS
10-03 01:50:59.323 11179 11272 I PackageParsing: com.google.android.gms.dynamite_mapsdynamite: compat added android.permission.OTHER_SENSORS
10-03 01:50:59.328 11179 11272 I PackageParsing: com.google.android.gms.dynamite_measurementdynamite: compat added android.permission.OTHER_SENSORS
10-03 01:50:59.333 11179 11272 I PackageParsing: com.google.android.gms.policy_sidecar_aps: compat added android.permission.OTHER_SENSORS
10-03 01:51:00.338  1658  1820 I chatty  : uid=1000(system) ActivityManager expire 2 lines
10-03 01:51:00.339  1658  1821 I chatty  : uid=1000(system) ActivityManager expire 8 lines
10-03 01:51:00.490  1658  1804 I chatty  : uid=1000(system) android.display expire 2 lines
10-03 01:51:03.564  1658  1658 I chatty  : uid=1000(system) Binder:1658_3 expire 6 lines
10-03 01:51:04.236  1658  4212 I chatty  : uid=1000(system) LazyTaskWriterT expire 1 line
10-03 01:51:05.080  1658 11594 I chatty  : uid=1000(system) Binder:1658_3 expire 4 lines
10-03 01:51:05.136  1658 11596 I chatty  : uid=1000(system) Binder:1658_3 expire 4 lines
10-03 01:51:05.160  1658 11597 I chatty  : uid=1000(system) Binder:1658_3 expire 4 lines
10-03 01:51:05.170  1658 11598 I chatty  : uid=1000(system) Binder:1658_3 expire 4 lines
10-03 01:51:05.503 11179 11526 I PackageParsing: com.google.android.gms.policy_ads_fdr_dynamite: compat added android.permission.OTHER_SENSORS
10-03 01:51:05.510 11179 11526 I PackageParsing: com.google.android.gms.dynamite_cronetdynamite: compat added android.permission.OTHER_SENSORS
10-03 01:51:05.517 11179 11526 I PackageParsing: com.google.android.gms.dynamite_dynamiteloader: compat added android.permission.OTHER_SENSORS
10-03 01:51:05.522 11179 11526 I PackageParsing: com.google.android.gms.dynamite_dynamitemodulesa: compat added android.permission.OTHER_SENSORS
10-03 01:51:05.533 11179 11526 I PackageParsing: com.google.android.gms.dynamite_dynamitemodulesc: compat added android.permission.OTHER_SENSORS
10-03 01:51:05.545 11179 11526 I PackageParsing: com.google.android.gms.dynamite_googlecertificates: compat added android.permission.OTHER_SENSORS
10-03 01:51:05.558 11179 11526 I PackageParsing: com.google.android.gms.dynamite_mapsdynamite: compat added android.permission.OTHER_SENSORS
10-03 01:51:05.569 11179 11526 I PackageParsing: com.google.android.gms.dynamite_measurementdynamite: compat added android.permission.OTHER_SENSORS
10-03 01:51:05.582 11179 11526 I PackageParsing: com.google.android.gms.policy_sidecar_aps: compat added android.permission.OTHER_SENSORS
10-03 01:51:05.696 11179 11273 I PackageParsing: com.google.android.gms.policy_ads_fdr_dynamite: compat added android.permission.OTHER_SENSORS
10-03 01:51:05.700 11179 11273 I PackageParsing: com.google.android.gms.dynamite_cronetdynamite: compat added android.permission.OTHER_SENSORS
10-03 01:51:05.709 11179 11273 I PackageParsing: com.google.android.gms.dynamite_dynamiteloader: compat added android.permission.OTHER_SENSORS
10-03 01:51:05.717 11179 11273 I PackageParsing: com.google.android.gms.dynamite_dynamitemodulesa: compat added android.permission.OTHER_SENSORS
10-03 01:51:05.723 11179 11273 I PackageParsing: com.google.android.gms.dynamite_dynamitemodulesc: compat added android.permission.OTHER_SENSORS
10-03 01:51:05.728 11179 11273 I PackageParsing: com.google.android.gms.dynamite_googlecertificates: compat added android.permission.OTHER_SENSORS
10-03 01:51:05.732 11179 11273 I PackageParsing: com.google.android.gms.dynamite_mapsdynamite: compat added android.permission.OTHER_SENSORS
10-03 01:51:05.738 11179 11273 I PackageParsing: com.google.android.gms.dynamite_measurementdynamite: compat added android.permission.OTHER_SENSORS
10-03 01:51:05.745 11179 11273 I PackageParsing: com.google.android.gms.policy_sidecar_aps: compat added android.permission.OTHER_SENSORS
10-03 01:51:08.722  1658  4504 I chatty  : uid=1000(system) Binder:1658_1D expire 8 lines
10-03 01:51:11.453  1658  4502 I chatty  : uid=1000(system) Binder:1658_1B expire 7 lines
10-03 01:51:11.491  1658  4365 I chatty  : uid=1000(system) Binder:1658_14 expire 11 lines
10-03 01:51:11.817  1658  2913 I chatty  : uid=1000(system) Binder:1658_6 expire 5 lines
10-03 01:51:11.935  1658  4373 I chatty  : uid=1000(system) Binder:1658_15 expire 4 lines
10-03 01:51:12.060  1658  4063 I chatty  : uid=1000(system) Binder:1658_10 expire 10 lines
10-03 01:51:12.199  1658  4253 I chatty  : uid=1000(system) Binder:1658_12 expire 2 lines
10-03 01:51:12.880  1658  4212 I chatty  : uid=1000(system) LazyTaskWriterT expire 4 lines
10-03 01:51:13.194  1658  3434 I chatty  : uid=1000(system) Binder:1658_F expire 3 lines
10-03 01:51:13.194  1658  1821 I chatty  : uid=1000(system) ActivityManager expire 13 lines
10-03 01:51:13.664  1658  1800 I chatty  : uid=1000(system) android.fg expire 8 lines
10-03 01:51:13.802  1658  1658 I chatty  : uid=1000(system) Binder:1658_3 expire 11 lines
10-03 01:51:14.086  1658  1819 I chatty  : uid=1000(system) android.bg expire 1 line
10-03 01:51:18.393  1658  1803 I chatty  : uid=1000(system) android.io expire 1 line
10-03 01:51:18.399  2854  4211 D PowerUI : can't show warning due to - plugged: true status unknown: false
10-03 01:51:18.557  2854  4301 D PowerUI : can't show warning due to - plugged: true status unknown: false
10-03 01:51:19.527  2854  6109 D PowerUI : can't show warning due to - plugged: true status unknown: false
10-03 01:51:20.128  2854  7703 D PowerUI : can't show warning due to - plugged: true status unknown: false
10-03 01:51:20.321  2854  7706 D PowerUI : can't show warning due to - plugged: true status unknown: false
10-03 01:51:20.432  2854  3396 D PowerUI : can't show warning due to - plugged: true status unknown: false
10-03 01:51:20.923  2854  3653 D PowerUI : can't show warning due to - plugged: true status unknown: false
10-03 01:51:21.293  1658  4503 I chatty  : uid=1000(system) Binder:1658_1C expire 8 lines
10-03 01:51:21.462  1658  1764 I chatty  : uid=1000(system) Binder:1658_1 expire 5 lines
10-03 01:51:22.163  1658  1820 I chatty  : uid=1000(system) ActivityManager expire 8 lines
10-03 01:51:22.885  2854  4169 D PowerUI : can't show warning due to - plugged: true status unknown: false
10-03 01:51:34.134  1658  4374 I chatty  : uid=1000(system) Binder:1658_16 expire 4 lines
10-03 01:51:34.687  1658 12022 I chatty  : uid=1000(system) Binder:1658_3 expire 4 lines
10-03 01:51:49.933  1658  2922 I chatty  : uid=1000(system) Binder:1658_B expire 2 lines
10-03 01:51:49.934  1658  2917 I chatty  : uid=1000(system) Binder:1658_8 expire 7 lines
10-03 01:51:56.456  1658  4064 I chatty  : uid=1000(system) Binder:1658_11 expire 4 lines
10-03 01:52:01.253  2854  4211 D PowerUI : can't show warning due to - plugged: true status unknown: false
10-03 01:52:04.759  1658  4497 I chatty  : uid=1000(system) Binder:1658_19 expire 7 lines
10-03 01:52:05.532  2854  4301 D PowerUI : can't show warning due to - plugged: true status unknown: false
10-03 01:52:10.314  2854  6109 D PowerUI : can't show warning due to - plugged: true status unknown: false
10-03 01:52:12.331 11179 12118 I PackageParsing: com.google.android.gms.policy_ads_fdr_dynamite: compat added android.permission.OTHER_SENSORS
10-03 01:52:12.338 11179 12118 I PackageParsing: com.google.android.gms.dynamite_cronetdynamite: compat added android.permission.OTHER_SENSORS
10-03 01:52:12.343 11179 12118 I PackageParsing: com.google.android.gms.dynamite_dynamiteloader: compat added android.permission.OTHER_SENSORS
10-03 01:52:12.350 11179 12118 I PackageParsing: com.google.android.gms.dynamite_dynamitemodulesa: compat added android.permission.OTHER_SENSORS
10-03 01:52:12.356 11179 12118 I PackageParsing: com.google.android.gms.dynamite_dynamitemodulesc: compat added android.permission.OTHER_SENSORS
10-03 01:52:12.361 11179 12118 I PackageParsing: com.google.android.gms.dynamite_googlecertificates: compat added android.permission.OTHER_SENSORS
10-03 01:52:12.369 11179 12118 I PackageParsing: com.google.android.gms.dynamite_mapsdynamite: compat added android.permission.OTHER_SENSORS
10-03 01:52:12.375 11179 12118 I PackageParsing: com.google.android.gms.dynamite_measurementdynamite: compat added android.permission.OTHER_SENSORS
10-03 01:52:12.391 11179 12118 I PackageParsing: com.google.android.gms.policy_sidecar_aps: compat added android.permission.OTHER_SENSORS
10-03 01:52:13.346  1658  2765 I chatty  : uid=1000(system) SyncManager expire 21 lines
10-03 01:52:14.229  1658  4466 I chatty  : uid=1000(system) Binder:1658_18 expire 1 line
10-03 01:52:14.427  2854  7703 D PowerUI : can't show warning due to - plugged: true status unknown: false
10-03 01:52:15.705  1658  4365 I chatty  : uid=1000(system) Binder:1658_14 expire 12 lines
10-03 01:52:16.495  1658 12312 I chatty  : uid=1000(system) Binder:1658_3 expire 2 lines
10-03 01:52:16.497  1658 12313 I chatty  : uid=1000(system) Binder:1658_3 expire 2 lines
10-03 01:52:18.407  2854  7706 D PowerUI : can't show warning due to - plugged: true status unknown: false
10-03 01:52:18.469  1658  1765 I chatty  : uid=1000(system) Binder:1658_2 expire 4 lines
10-03 01:52:20.644  1658  4858 I chatty  : uid=1000(system) Binder:1658_21 expire 8 lines
10-03 01:52:21.087  2854  3396 D PowerUI : can't show warning due to - plugged: true status unknown: false
10-03 01:52:22.313  1658  2041 I chatty  : uid=1000(system) Binder:1658_4 expire 9 lines
10-03 01:52:23.962  1658  1821 I chatty  : uid=1000(system) ActivityManager expire 10 lines
10-03 01:52:28.023 11179 12480 I PackageParsing: com.google.android.gms.policy_ads_fdr_dynamite: compat added android.permission.OTHER_SENSORS
10-03 01:52:28.035 11179 12480 I PackageParsing: com.google.android.gms.dynamite_cronetdynamite: compat added android.permission.OTHER_SENSORS
10-03 01:52:28.045 11179 12480 I PackageParsing: com.google.android.gms.dynamite_dynamiteloader: compat added android.permission.OTHER_SENSORS
10-03 01:52:28.051 11179 12480 I PackageParsing: com.google.android.gms.dynamite_dynamitemodulesa: compat added android.permission.OTHER_SENSORS
10-03 01:52:28.057 11179 12480 I PackageParsing: com.google.android.gms.dynamite_dynamitemodulesc: compat added android.permission.OTHER_SENSORS
10-03 01:52:28.063 11179 12480 I PackageParsing: com.google.android.gms.dynamite_googlecertificates: compat added android.permission.OTHER_SENSORS
10-03 01:52:28.078 11179 12480 I PackageParsing: com.google.android.gms.dynamite_mapsdynamite: compat added android.permission.OTHER_SENSORS
10-03 01:52:28.082 11179 12480 I PackageParsing: com.google.android.gms.dynamite_measurementdynamite: compat added android.permission.OTHER_SENSORS
10-03 01:52:28.103 11179 12480 I PackageParsing: com.google.android.gms.policy_sidecar_aps: compat added android.permission.OTHER_SENSORS
10-03 01:52:28.118  1658  2765 I chatty  : uid=1000(system) SyncManager expire 2 lines
10-03 01:52:28.216 11179 11419 I PackageParsing: com.google.android.gms.policy_sidecar_aps: compat added android.permission.OTHER_SENSORS
10-03 01:52:28.270  1658  4063 I chatty  : uid=1000(system) Binder:1658_10 expire 7 lines
10-03 01:52:28.316 11179 11419 I PackageParsing: com.google.android.gms.policy_sidecar_aps: compat added android.permission.OTHER_SENSORS
10-03 01:52:28.320  1658  2042 I chatty  : uid=1000(system) Binder:1658_5 expire 2 lines
10-03 01:52:28.749 11179 11419 I PackageParsing: com.google.android.gms.policy_ads_fdr_dynamite: compat added android.permission.OTHER_SENSORS
10-03 01:52:28.754 11179 11419 I PackageParsing: com.google.android.gms.dynamite_cronetdynamite: compat added android.permission.OTHER_SENSORS
10-03 01:52:28.759 11179 11419 I PackageParsing: com.google.android.gms.dynamite_dynamiteloader: compat added android.permission.OTHER_SENSORS
10-03 01:52:28.763 11179 11419 I PackageParsing: com.google.android.gms.dynamite_dynamitemodulesa: compat added android.permission.OTHER_SENSORS
10-03 01:52:28.768 11179 11419 I PackageParsing: com.google.android.gms.dynamite_dynamitemodulesc: compat added android.permission.OTHER_SENSORS
10-03 01:52:28.775 11179 11419 I PackageParsing: com.google.android.gms.dynamite_googlecertificates: compat added android.permission.OTHER_SENSORS
10-03 01:52:28.787 11179 11419 I PackageParsing: com.google.android.gms.dynamite_mapsdynamite: compat added android.permission.OTHER_SENSORS
10-03 01:52:28.792 11179 11419 I PackageParsing: com.google.android.gms.dynamite_measurementdynamite: compat added android.permission.OTHER_SENSORS
10-03 01:52:28.801 11179 11419 I PackageParsing: com.google.android.gms.policy_sidecar_aps: compat added android.permission.OTHER_SENSORS
10-03 01:52:30.167  1658  1658 I chatty  : uid=1000(system) Binder:1658_3 expire 6 lines
10-03 01:52:35.133  1658  2924 I chatty  : uid=1000(system) Binder:1658_D expire 3 lines
10-03 01:52:35.280  1658  1804 I chatty  : uid=1000(system) android.display expire 6 lines
10-03 01:52:35.615  1658  4063 I chatty  : uid=1000(system) Binder:1658_10 expire 9 lines
10-03 01:52:35.629  1658  4497 I chatty  : uid=1000(system) Binder:1658_19 expire 4 lines
10-03 01:52:35.631  1658  2042 I chatty  : uid=1000(system) Binder:1658_5 expire 3 lines
10-03 01:52:35.662  1658  3434 I chatty  : uid=1000(system) Binder:1658_F expire 6 lines
10-03 01:52:35.698  1658  4365 I chatty  : uid=1000(system) Binder:1658_14 expire 1 line
10-03 01:52:35.715  1658  4253 I chatty  : uid=1000(system) Binder:1658_12 expire 9 lines
10-03 01:52:36.153  1658  4858 I chatty  : uid=1000(system) Binder:1658_21 expire 16 lines
10-03 01:52:36.153  1658  1803 I chatty  : uid=1000(system) android.io expire 18 lines
10-03 01:52:36.169  1658  1821 I chatty  : uid=1000(system) ActivityManager expire 15 lines
10-03 01:52:36.374 12935 12935 E SystemConfig: SystemConfig is being accessed by a process other than system_server.
10-03 01:52:36.383 12935 12935 I SystemConfig: Reading permissions from /system/etc/sysconfig/hiddenapi-whitelist-org.pixelexperience.faceunlock.xml
10-03 01:52:36.383  1658 12955 I chatty  : uid=1000(system) Binder:1658_3 expire 1 line
10-03 01:52:36.387 12935 12935 I SystemConfig: Reading permissions from /system/etc/sysconfig/preinstalled-packages-platform-full-base.xml
10-03 01:52:36.388 12935 12935 I SystemConfig: Reading permissions from /system/etc/sysconfig/hiddenapi-package-whitelist.xml
10-03 01:52:36.390 12935 12935 I SystemConfig: Reading permissions from /system/etc/sysconfig/dialer_experience.xml
10-03 01:52:36.391 12935 12935 I SystemConfig: Reading permissions from /system/etc/sysconfig/turbo.xml
10-03 01:52:36.392 12935 12935 I SystemConfig: Reading permissions from /system/etc/sysconfig/derp-power-whitelist.xml
10-03 01:52:36.392 12935 12935 I SystemConfig: Reading permissions from /system/etc/sysconfig/preinstalled-packages-platform.xml
10-03 01:52:36.394 12935 12935 I SystemConfig: Reading permissions from /system/etc/sysconfig/hotword-hiddenapi-package-whitelist.xml
10-03 01:52:36.395 12935 12935 I SystemConfig: Reading permissions from /system/etc/sysconfig/component-overrides.xml
