10-03 01:59:40.953 18553 20681 I PackageParsing: com.google.android.gms.dynamite_dynamiteloader: compat added android.permission.OTHER_SENSORS
10-03 01:59:40.962 18553 20681 I PackageParsing: com.google.android.gms.policy_vision_optional_barcode_dynamite: compat added android.permission.OTHER_SENSORS
10-03 01:59:41.011 18553 20681 I PackageParsing: com.google.android.gms.optional_brella_dynamite: compat added android.permission.OTHER_SENSORS
10-03 01:59:41.015 18553 20681 I PackageParsing: com.google.android.gms.optional_vision_ocr: compat added android.permission.OTHER_SENSORS
10-03 01:59:41.019 18553 20681 I PackageParsing: com.google.android.gms.policy_vision_optional_barcode_dynamite: compat added android.permission.OTHER_SENSORS
10-03 01:59:41.024 18553 20681 I PackageParsing: com.google.android.gms.policy_ads_fdr_dynamite: compat added android.permission.OTHER_SENSORS
10-03 01:59:41.028 18553 20681 I PackageParsing: com.google.android.gms.dynamite_cronetdynamite: compat added android.permission.OTHER_SENSORS
10-03 01:59:41.033 18553 20681 I PackageParsing: com.google.android.gms.dynamite_dynamiteloader: compat added android.permission.OTHER_SENSORS
10-03 01:59:41.038 18553 20681 I PackageParsing: com.google.android.gms.dynamite_dynamitemodulesa: compat added android.permission.OTHER_SENSORS
10-03 01:59:41.043 18553 20681 I PackageParsing: com.google.android.gms.dynamite_dynamitemodulesc: compat added android.permission.OTHER_SENSORS
10-03 01:59:41.047 18553 20681 I PackageParsing: com.google.android.gms.dynamite_googlecertificates: compat added android.permission.OTHER_SENSORS
10-03 01:59:41.052 18553 20681 I PackageParsing: com.google.android.gms.dynamite_mapsdynamite: compat added android.permission.OTHER_SENSORS
10-03 01:59:41.056 18553 20681 I PackageParsing: com.google.android.gms.dynamite_measurementdynamite: compat added android.permission.OTHER_SENSORS
10-03 01:59:41.061 18553 20681 I PackageParsing: com.google.android.gms.policy_ads_fdr_dynamite: compat added android.permission.OTHER_SENSORS
10-03 01:59:41.066 18553 20681 I PackageParsing: com.google.android.gms.policy_enpromo: compat added android.permission.OTHER_SENSORS
10-03 01:59:41.070 18553 20681 I PackageParsing: com.google.android.gms.policy_tflite_dynamite_dynamite: compat added android.permission.OTHER_SENSORS
10-03 01:59:41.147  1658  1800 I RoleManagerService: Granting default roles...
10-03 01:59:41.237  1658  1820 W BroadcastQueue: Background execution not allowed: receiving Intent { act=com.google.android.chimera.MODULE_CONFIGURATION_CHANGED flg=0x10 (has extras) } to com.google.android.gms/.chimera.GmsIntentOperationService$PersistentInternalReceiver
10-03 01:59:41.420  1658  1658 W Looper  : Slow dispatch took 274ms main h=android.app.ActivityThread$H c=android.app.-$$Lambda$LoadedApk$ReceiverDispatcher$Args$_BumDX2UKsnxLVrE6UJsJZkotuA@b692520 m=0
10-03 01:59:41.420  1658  1658 W Looper  : Slow delivery took 282ms main h=android.app.ActivityThread$H c=android.app.-$$Lambda$LoadedApk$ReceiverDispatcher$Args$_BumDX2UKsnxLVrE6UJsJZkotuA@bd4bed9 m=0
10-03 01:59:41.465  1658  1800 W Looper  : Slow delivery took 203ms android.fg h=android.os.Handler c=<recycled PooledLambda@9a27838> m=0
10-03 01:59:41.695  1658  1800 W Looper  : Drained
10-03 01:59:41.734  1658  1658 W Looper  : Slow dispatch took 286ms main h=android.app.ActivityThread$H c=android.app.-$$Lambda$LoadedApk$ReceiverDispatcher$Args$_BumDX2UKsnxLVrE6UJsJZkotuA@3a8be98 m=0
10-03 01:59:41.784  1658  1658 I Telecom : DefaultDialerCache: Refreshing default dialer for user 0: now com.google.android.dialer: DDC.oR@Apk
10-03 01:59:42.010  1658  1658 W Looper  : Drained
10-03 01:59:42.032 18553 20682 I PackageParsing: com.google.android.gms.policy_ads_fdr_dynamite: compat added android.permission.OTHER_SENSORS
10-03 01:59:42.049 18553 20682 I PackageParsing: com.google.android.gms.policy_sidecar_aps: compat added android.permission.OTHER_SENSORS
10-03 01:59:42.081 18553 20682 I PackageParsing: com.google.android.gms.dynamite_dynamitemodulesa: compat added android.permission.OTHER_SENSORS
10-03 01:59:42.088 18553 20682 I PackageParsing: com.google.android.gms.policy_vision_optional_barcode_dynamite: compat added android.permission.OTHER_SENSORS
10-03 01:59:42.097 18553 20682 I PackageParsing: com.google.android.gms.dynamite_googlecertificates: compat added android.permission.OTHER_SENSORS
10-03 01:59:42.103 18553 20682 I PackageParsing: com.google.android.gms.dynamite_cronetdynamite: compat added android.permission.OTHER_SENSORS
10-03 01:59:42.116 18553 20682 I PackageParsing: com.google.android.gms.dynamite_dynamitemodulesc: compat added android.permission.OTHER_SENSORS
10-03 01:59:42.124 18553 20682 I PackageParsing: com.google.android.gms.policy_enpromo: compat added android.permission.OTHER_SENSORS
10-03 01:59:42.151 18553 20682 I PackageParsing: com.google.android.gms.optional_brella_dynamite: compat added android.permission.OTHER_SENSORS
10-03 01:59:42.169 18553 20682 I PackageParsing: com.google.android.gms.dynamite_mapsdynamite: compat added android.permission.OTHER_SENSORS
10-03 01:59:42.177 18553 20682 I PackageParsing: com.google.android.gms.optional_vision_ocr: compat added android.permission.OTHER_SENSORS
10-03 01:59:42.191 18553 20682 I PackageParsing: com.google.android.gms.policy_ads_fdr_dynamite: compat added android.permission.OTHER_SENSORS
10-03 01:59:42.200 18553 20682 I PackageParsing: com.google.android.gms.dynamite_measurementdynamite: compat added android.permission.OTHER_SENSORS
10-03 01:59:42.206 18553 20682 I PackageParsing: com.google.android.gms.policy_tflite_dynamite_dynamite: compat added android.permission.OTHER_SENSORS
10-03 01:59:42.222 18553 20682 I PackageParsing: com.google.android.gms.dynamite_dynamiteloader: compat added android.permission.OTHER_SENSORS
10-03 01:59:42.265 18553 20682 I PackageParsing: com.google.android.gms.optional_vision_face: compat added android.permission.OTHER_SENSORS
10-03 01:59:42.336 18553 20682 I PackageParsing: com.google.android.gms.optional_brella_dynamite: compat added android.permission.OTHER_SENSORS
10-03 01:59:42.341 18553 20682 I PackageParsing: com.google.android.gms.optional_vision_face: compat added android.permission.OTHER_SENSORS
10-03 01:59:42.345 18553 20682 I PackageParsing: com.google.android.gms.optional_vision_ocr: compat added android.permission.OTHER_SENSORS
10-03 01:59:42.349 18553 20682 I PackageParsing: com.google.android.gms.policy_vision_optional_barcode_dynamite: compat added android.permission.OTHER_SENSORS
10-03 01:59:42.354 18553 20682 I PackageParsing: com.google.android.gms.policy_ads_fdr_dynamite: compat added android.permission.OTHER_SENSORS
10-03 01:59:42.358 18553 20682 I PackageParsing: com.google.android.gms.dynamite_cronetdynamite: compat added android.permission.OTHER_SENSORS
10-03 01:59:42.362 18553 20682 I PackageParsing: com.google.android.gms.dynamite_dynamiteloader: compat added android.permission.OTHER_SENSORS
10-03 01:59:42.367 18553 20682 I PackageParsing: com.google.android.gms.dynamite_dynamitemodulesa: compat added android.permission.OTHER_SENSORS
10-03 01:59:42.371 18553 20682 I PackageParsing: com.google.android.gms.dynamite_dynamitemodulesc: compat added android.permission.OTHER_SENSORS
10-03 01:59:42.375 18553 20682 I PackageParsing: com.google.android.gms.dynamite_googlecertificates: compat added android.permission.OTHER_SENSORS
10-03 01:59:42.380 18553 20682 I PackageParsing: com.google.android.gms.dynamite_mapsdynamite: compat added android.permission.OTHER_SENSORS
10-03 01:59:42.384 18553 20682 I PackageParsing: com.google.android.gms.dynamite_measurementdynamite: compat added android.permission.OTHER_SENSORS
10-03 01:59:42.389 18553 20682 I PackageParsing: com.google.android.gms.policy_ads_fdr_dynamite: compat added android.permission.OTHER_SENSORS
10-03 01:59:42.394 18553 20682 I PackageParsing: com.google.android.gms.policy_enpromo: compat added android.permission.OTHER_SENSORS
10-03 01:59:42.399 18553 20682 I PackageParsing: com.google.android.gms.policy_tflite_dynamite_dynamite: compat added android.permission.OTHER_SENSORS
10-03 01:59:42.503  1658  1820 W BroadcastQueue: Background execution not allowed: receiving Intent { act=com.google.android.chimera.MODULE_CONFIGURATION_CHANGED flg=0x10 (has extras) } to com.google.android.gms/.chimera.GmsIntentOperationService$PersistentInternalReceiver
10-03 01:59:50.005  1658  4858 W UriGrantsManagerService: No permission grants found for com.google.android.apps.photos
10-03 01:59:50.006  1658  4858 W UriGrantsManagerService: No permission grants found for com.google.android.apps.photos
10-03 01:59:50.309  1658  3434 D CompatibilityChangeReporter: Compat change id reported: 149924527; UID 10388; state: ENABLED
10-03 01:59:50.311  1658  3434 D CompatibilityChangeReporter: Compat change id reported: 132649864; UID 10388; state: DISABLED
10-03 01:59:53.165  1658  4858 I ActivityTaskManager: START u0 {act=android.content.pm.action.REQUEST_PERMISSIONS pkg=com.android.permissioncontroller cmp=com.android.permissioncontroller/.permission.ui.GrantPermissionsActivity (has extras)} from uid 10438
10-03 01:59:53.200  1658  4858 W ActivityTaskManager: Tried to set launchTime (0) < mLastActivityLaunchTime (632721)
10-03 02:00:02.471  1658  4365 W UriGrantsManagerService: No permission grants found for com.google.android.apps.photos
10-03 02:00:02.472  1658  4365 W UriGrantsManagerService: No permission grants found for com.google.android.apps.photos
10-03 02:00:03.673  1658  3434 W UriGrantsManagerService: No permission grants found for com.google.android.apps.photos
10-03 02:00:03.674  1658  3434 W UriGrantsManagerService: No permission grants found for com.google.android.apps.photos
10-03 02:00:03.844  2854  4169 D PowerUI : can't show warning due to - plugged: true status unknown: false
10-03 02:00:04.726  1658  4325 W UriGrantsManagerService: No permission grants found for com.google.android.apps.photos
10-03 02:00:04.726  1658  3434 W UriGrantsManagerService: No permission grants found for com.google.android.apps.photos
10-03 02:00:05.480  3139  3139 W ContextImpl: Calling a method in the system process without a qualified user: android.app.ContextImpl.bindService:1748 android.content.ContextWrapper.bindService:756 com.google.android.libraries.gsa.launcherclient.i.c:14 com.google.android.libraries.gsa.launcherclient.LauncherClient.reconnect:107 com.google.android.libraries.gsa.launcherclient.LauncherClient.onStart:67 
10-03 02:00:05.489  3139  3139 W ContextImpl: Calling a method in the system process without a qualified user: android.app.ContextImpl.bindService:1748 android.content.ContextWrapper.bindService:756 com.google.android.libraries.gsa.launcherclient.i.c:14 com.google.android.libraries.gsa.launcherclient.LauncherClient.reconnect:107 com.google.android.libraries.gsa.launcherclient.LauncherClient.onStart:67 
10-03 02:00:05.491  1658  3434 D CompatibilityChangeReporter: Compat change id reported: 136274596; UID 1000; state: ENABLED
10-03 02:00:05.753  1658  4365 W UriGrantsManagerService: No permission grants found for com.google.android.apps.photos
10-03 02:00:05.753  1658  3434 W UriGrantsManagerService: No permission grants found for com.google.android.apps.photos
10-03 02:00:05.902  1658  3434 D CompatibilityChangeReporter: Compat change id reported: 135634846; UID 10285; state: DISABLED
10-03 02:00:05.903  1658  3434 D CompatibilityChangeReporter: Compat change id reported: 135754954; UID 10285; state: ENABLED
10-03 02:00:05.903  1658  1821 D CompatibilityChangeReporter: Compat change id reported: 143937733; UID 10285; state: ENABLED
10-03 02:00:05.925  1658  1821 I ActivityManager: Start proc 20926:android.process.media/u0a285 for content provider {com.android.providers.downloads/com.android.providers.downloads.DownloadProvider}
10-03 02:00:06.356  1658  3434 I ActivityTaskManager: START u0 {act=android.intent.action.MAIN cat=[android.intent.category.LAUNCHER] flg=0x10200000 cmp=com.android.camera2/com.android.camera.CameraLauncher bnds=[438,799][641,1151]} from uid 1000
10-03 02:00:06.386  1658  1804 D CompatibilityChangeReporter: Compat change id reported: 135634846; UID 10385; state: DISABLED
10-03 02:00:06.386  1658  1804 D CompatibilityChangeReporter: Compat change id reported: 135754954; UID 10385; state: DISABLED
10-03 02:00:06.388  1658  1821 D CompatibilityChangeReporter: Compat change id reported: 143937733; UID 10385; state: DISABLED
10-03 02:00:06.399  1658  1821 I ActivityManager: Start proc 7328:com.android.camera2/u0a385 for pre-top-activity {com.android.camera2/com.android.camera.CameraLauncher}
10-03 02:00:06.466  1658  1805 W WindowManager: Unable to find process with pid=3139 uid=1000
10-03 02:00:06.766  1658  3434 W UriGrantsManagerService: No permission grants found for com.google.android.apps.photos
10-03 02:00:06.767  1658  4498 W UriGrantsManagerService: No permission grants found for com.google.android.apps.photos
10-03 02:00:06.915  1658  4498 W WindowManager: Unable to find process with pid=3139 uid=1000
10-03 02:00:07.113  1658  4365 D CompatibilityChangeReporter: Compat change id reported: 149924527; UID 10385; state: ENABLED
10-03 02:00:07.118  1658  2922 D CompatibilityChangeReporter: Compat change id reported: 132649864; UID 10385; state: DISABLED
10-03 02:00:07.776  1658  4858 W UriGrantsManagerService: No permission grants found for com.google.android.apps.photos
10-03 02:00:07.777  1658  4858 W UriGrantsManagerService: No permission grants found for com.google.android.apps.photos
10-03 02:00:08.344  1658  4858 I ActivityTaskManager: START u0 {act=android.content.pm.action.REQUEST_PERMISSIONS pkg=com.android.permissioncontroller cmp=com.android.permissioncontroller/.permission.ui.GrantPermissionsActivity (has extras)} from uid 10385
10-03 02:00:08.476  1658  3434 W ActivityTaskManager: Tried to set launchTime (0) < mLastActivityLaunchTime (710726)
10-03 02:00:08.775  1658  4498 W UriGrantsManagerService: No permission grants found for com.google.android.apps.photos
10-03 02:00:08.775  1658  4498 W UriGrantsManagerService: No permission grants found for com.google.android.apps.photos
10-03 02:00:09.615  1658  1800 D CompatibilityChangeReporter: Compat change id reported: 124107808; UID 1000; state: ENABLED
10-03 02:00:09.616  1658  1800 D CompatibilityChangeReporter: Compat change id reported: 124107808; UID 1000; state: DISABLED
10-03 02:00:09.705  1658  1800 W Looper  : Slow dispatch took 115ms android.fg h=android.net.ConnectivityManager$CallbackHandler c=null m=524290
10-03 02:00:09.895  1658  2922 W UriGrantsManagerService: No permission grants found for com.google.android.apps.photos
10-03 02:00:09.895  1658  2922 W UriGrantsManagerService: No permission grants found for com.google.android.apps.photos
10-03 02:00:11.143  1658  4253 W UriGrantsManagerService: No permission grants found for com.google.android.apps.photos
10-03 02:00:11.143  1658  4253 W UriGrantsManagerService: No permission grants found for com.google.android.apps.photos
10-03 02:00:11.950  1658  4504 W UriGrantsManagerService: No permission grants found for com.google.android.apps.photos
10-03 02:00:11.950  1658  4504 W UriGrantsManagerService: No permission grants found for com.google.android.apps.photos
10-03 02:00:12.946  1658  3434 W UriGrantsManagerService: No permission grants found for com.google.android.apps.photos
10-03 02:00:12.946  1658  3434 W UriGrantsManagerService: No permission grants found for com.google.android.apps.photos
10-03 02:00:13.987  1658  4504 W UriGrantsManagerService: No permission grants found for com.google.android.apps.photos
10-03 02:00:13.988  1658  4504 W UriGrantsManagerService: No permission grants found for com.google.android.apps.photos
10-03 02:00:14.459  1658  1804 W ActivityTaskManager: Activity pause timeout for ActivityRecord{d024802 u0 com.android.camera2/com.android.camera.CameraLauncher t11 f}}
10-03 02:00:14.466  3139  3139 W ContextImpl: Calling a method in the system process without a qualified user: android.app.ContextImpl.bindService:1748 android.content.ContextWrapper.bindService:756 com.google.android.libraries.gsa.launcherclient.i.c:14 com.google.android.libraries.gsa.launcherclient.LauncherClient.reconnect:107 com.google.android.libraries.gsa.launcherclient.LauncherClient.onStart:67 
10-03 02:00:14.523  1658  1805 W WindowManager: Unable to find process with pid=3139 uid=1000
10-03 02:00:15.016  1658  4504 W WindowManager: Unable to find process with pid=3139 uid=1000
10-03 02:00:15.141  1658  4504 W UriGrantsManagerService: No permission grants found for com.google.android.apps.photos
10-03 02:00:15.142  1658  4504 W UriGrantsManagerService: No permission grants found for com.google.android.apps.photos
10-03 02:00:16.072  1658  2922 W UriGrantsManagerService: No permission grants found for com.google.android.apps.photos
10-03 02:00:17.043  1658  2922 I chatty  : uid=1000(system) Binder:1658_B identical 2 lines
10-03 02:00:17.043  1658  2922 W UriGrantsManagerService: No permission grants found for com.google.android.apps.photos
10-03 02:00:18.084  1658  3434 W UriGrantsManagerService: No permission grants found for com.google.android.apps.photos
10-03 02:00:18.084  1658  3434 W UriGrantsManagerService: No permission grants found for com.google.android.apps.photos
10-03 02:00:18.419  2854  4211 D PowerUI : can't show warning due to - plugged: true status unknown: false
10-03 02:00:18.878  1658  3434 I ActivityTaskManager: START u0 {act=android.intent.action.MAIN cat=[android.intent.category.LAUNCHER] flg=0x10200000 cmp=org.telegram.messenger/org.telegram.ui.LaunchActivity bnds=[641,2004][844,2356]} from uid 1000
10-03 02:00:18.931  1658  1805 W WindowManager: Unable to find process with pid=3139 uid=1000
10-03 02:00:19.122  1658  4498 W UriGrantsManagerService: No permission grants found for com.google.android.apps.photos
10-03 02:00:19.122  1658  4498 W UriGrantsManagerService: No permission grants found for com.google.android.apps.photos
10-03 02:00:19.378  1658  2922 W WindowManager: Unable to find process with pid=3139 uid=1000
10-03 02:00:20.113  1658  4734 W UriGrantsManagerService: No permission grants found for com.google.android.apps.photos
10-03 02:00:21.120  1658  4734 I chatty  : uid=1000(system) Binder:1658_20 identical 2 lines
10-03 02:00:21.120  1658  4734 W UriGrantsManagerService: No permission grants found for com.google.android.apps.photos
10-03 02:00:21.985  3139  3139 W ContextImpl: Calling a method in the system process without a qualified user: android.app.ContextImpl.bindService:1748 android.content.ContextWrapper.bindService:756 com.google.android.libraries.gsa.launcherclient.i.c:14 com.google.android.libraries.gsa.launcherclient.LauncherClient.reconnect:107 com.google.android.libraries.gsa.launcherclient.LauncherClient.onStart:67 
10-03 02:00:22.262  1658  4734 W UriGrantsManagerService: No permission grants found for com.google.android.apps.photos
10-03 02:00:22.262  1658  4734 W UriGrantsManagerService: No permission grants found for com.google.android.apps.photos
10-03 02:00:23.179  1658  3434 W UriGrantsManagerService: No permission grants found for com.google.android.apps.photos
10-03 02:00:23.179  1658  2922 W UriGrantsManagerService: No permission grants found for com.google.android.apps.photos
10-03 02:00:24.265  1658  4504 W UriGrantsManagerService: No permission grants found for com.google.android.apps.photos
10-03 02:00:24.265  1658  4504 W UriGrantsManagerService: No permission grants found for com.google.android.apps.photos
10-03 02:00:25.212  1658  2922 W UriGrantsManagerService: No permission grants found for com.google.android.apps.photos
10-03 02:00:25.212  1658  2922 W UriGrantsManagerService: No permission grants found for com.google.android.apps.photos
10-03 02:00:25.544  1658  2922 I ActivityTaskManager: START u0 {act=android.settings.APPLICATION_DETAILS_SETTINGS dat=package:org.telegram.messenger flg=0x10008000 cmp=com.android.settings/.applications.InstalledAppDetails bnds=[132,390][948,640]} from uid 1000
10-03 02:00:25.685  1658  2922 W ActivityTaskManager: Tried to set launchTime (0) < mLastActivityLaunchTime (471823)
10-03 02:00:26.157  1658  2922 W PackageManager: Cannot suspend package "com.android.vending": required for package verification
10-03 02:00:26.164  1658  1880 D KernelCpuUidUserSysTimeReader: Removing uids 90000-90000
10-03 02:00:26.165  1658  1880 D KernelCpuUidUserSysTimeReader: Removing uids 99001-99001
10-03 02:00:26.184  1658  2922 W PackageManager: Cannot suspend the platform package: android
10-03 02:00:26.191  1658  2922 W PackageManager: Cannot suspend package "com.android.launcher3": contains the active launcher
10-03 02:00:26.220  1658  2922 W PackageManager: Cannot suspend package "com.google.android.dialer": is the default dialer
10-03 02:00:26.270  1658  2922 W PackageManager: Cannot suspend package "com.android.packageinstaller": required for package installation
10-03 02:00:26.378  1658  2922 W PackageManager: Cannot suspend package "com.android.permissioncontroller": required for permissions management
10-03 02:00:26.380  1658  4253 W UriGrantsManagerService: No permission grants found for com.google.android.apps.photos
10-03 02:00:26.381  1658  4253 I chatty  : uid=1000(system) Binder:1658_12 identical 1 line
10-03 02:00:27.264  1658  4253 W UriGrantsManagerService: No permission grants found for com.google.android.apps.photos
10-03 02:00:27.265  1658  4498 W UriGrantsManagerService: No permission grants found for com.google.android.apps.photos
10-03 02:00:27.531  1658  3434 D CompatibilityChangeReporter: Compat change id reported: 136219221; UID 10356; state: ENABLED
10-03 02:00:27.739  1658  1658 D NotificationService: 0|com.google.android.apps.wellbeing|174344743|null|10356: granting content://settings/system/notification_sound
10-03 02:00:27.740  1658  1658 I chatty  : uid=1000(system) Binder:1658_3 identical 2 lines
10-03 02:00:27.741  1658  1658 D NotificationService: 0|com.google.android.apps.wellbeing|174344743|null|10356: granting content://settings/system/notification_sound
10-03 02:00:27.748  1658  1658 W NotificationHistory: Attempted to add notif for locked/gone/disabled user 0
10-03 02:00:28.399  1658  3434 W UriGrantsManagerService: No permission grants found for com.google.android.apps.photos
10-03 02:00:28.399  1658  3434 W UriGrantsManagerService: No permission grants found for com.google.android.apps.photos
10-03 02:00:28.783  1658  4498 I ActivityTaskManager: START u0 {act=android.intent.action.MANAGE_APP_PERMISSIONS cmp=com.android.permissioncontroller/.permission.ui.ManagePermissionsActivity (has extras)} from uid 1000
10-03 02:00:28.810  1658  4498 W ActivityTaskManager: Tried to set launchTime (0) < mLastActivityLaunchTime (726001)
10-03 02:00:29.346  1658  4253 W UriGrantsManagerService: No permission grants found for com.google.android.apps.photos
10-03 02:00:29.346  1658  4253 W UriGrantsManagerService: No permission grants found for com.google.android.apps.photos
10-03 02:00:30.445  1658  3434 W UriGrantsManagerService: No permission grants found for com.google.android.apps.photos
10-03 02:00:30.446  1658  3434 W UriGrantsManagerService: No permission grants found for com.google.android.apps.photos
10-03 02:00:31.502  1658  4498 W UriGrantsManagerService: No permission grants found for com.google.android.apps.photos
10-03 02:00:31.503  1658  4498 W UriGrantsManagerService: No permission grants found for com.google.android.apps.photos
10-03 02:00:32.559  1658  4253 W UriGrantsManagerService: No permission grants found for com.google.android.apps.photos
10-03 02:00:32.560  1658  4253 W UriGrantsManagerService: No permission grants found for com.google.android.apps.photos
10-03 02:00:32.980  1658  4253 I ActivityTaskManager: START u0 {act=android.intent.action.MANAGE_APP_PERMISSIONS cmp=com.android.permissioncontroller/.permission.ui.ManagePermissionsActivity (has extras)} from uid 1000
10-03 02:00:32.998  1658  4734 W ActivityTaskManager: Tried to set launchTime (0) < mLastActivityLaunchTime (746334)
10-03 02:00:33.665  1658  4858 W UriGrantsManagerService: No permission grants found for com.google.android.apps.photos
10-03 02:00:33.665  1658  4858 W UriGrantsManagerService: No permission grants found for com.google.android.apps.photos
10-03 02:00:34.508  1658  4504 W UriGrantsManagerService: No permission grants found for com.google.android.apps.photos
10-03 02:00:34.509  1658  4504 W UriGrantsManagerService: No permission grants found for com.google.android.apps.photos
10-03 02:00:34.614  2854  4301 D PowerUI : can't show warning due to - plugged: true status unknown: false
10-03 02:00:35.722  1658  4504 W UriGrantsManagerService: No permission grants found for com.google.android.apps.photos
10-03 02:00:36.723  1658  4504 I chatty  : uid=1000(system) Binder:1658_1D identical 2 lines
10-03 02:00:36.723  1658  4504 W UriGrantsManagerService: No permission grants found for com.google.android.apps.photos
10-03 02:00:37.593  1658  4858 W UriGrantsManagerService: No permission grants found for com.google.android.apps.photos
10-03 02:00:37.593  1658  4858 W UriGrantsManagerService: No permission grants found for com.google.android.apps.photos
10-03 02:00:38.332  3139  3139 W ContextImpl: Calling a method in the system process without a qualified user: android.app.ContextImpl.bindService:1748 android.content.ContextWrapper.bindService:756 com.google.android.libraries.gsa.launcherclient.i.c:14 com.google.android.libraries.gsa.launcherclient.LauncherClient.reconnect:107 com.google.android.libraries.gsa.launcherclient.LauncherClient.onStart:67 
10-03 02:00:38.378  1658  1805 W WindowManager: Unable to find process with pid=3139 uid=1000
10-03 02:00:38.633  1658  4734 W UriGrantsManagerService: No permission grants found for com.google.android.apps.photos
10-03 02:00:38.633  1658  4734 W UriGrantsManagerService: No permission grants found for com.google.android.apps.photos
10-03 02:00:38.842  1658  4858 W WindowManager: Unable to find process with pid=3139 uid=1000
10-03 02:00:38.926  1658  4365 W ActivityManager: Background start not allowed: service Intent { cmp=com.google.android.apps.messaging/.shared.datamodel.action.execution.ActionExecutorImpl$EmptyService (has extras) } to com.google.android.apps.messaging/.shared.datamodel.action.execution.ActionExecutorImpl$EmptyService from pid=19859 uid=10396 pkg=com.google.android.apps.messaging startFg?=false
10-03 02:00:38.963  1658  4365 W ActivityManager: Background start not allowed: service Intent { cmp=com.google.android.apps.messaging/.shared.datamodel.action.execution.ActionExecutorImpl$EmptyService (has extras) } to com.google.android.apps.messaging/.shared.datamodel.action.execution.ActionExecutorImpl$EmptyService from pid=19859 uid=10396 pkg=com.google.android.apps.messaging startFg?=false
10-03 02:00:39.852  1658  4365 W UriGrantsManagerService: No permission grants found for com.google.android.apps.photos
10-03 02:00:40.857  1658  4365 I chatty  : uid=1000(system) Binder:1658_14 identical 2 lines
10-03 02:00:40.858  1658  4365 W UriGrantsManagerService: No permission grants found for com.google.android.apps.photos
10-03 02:00:41.889  1658  3434 W UriGrantsManagerService: No permission grants found for com.google.android.apps.photos
10-03 02:00:41.890  1658  3434 W UriGrantsManagerService: No permission grants found for com.google.android.apps.photos
10-03 02:00:42.326  2854  6109 D PowerUI : can't show warning due to - plugged: true status unknown: false
10-03 02:00:42.752  1658  4365 W UriGrantsManagerService: No permission grants found for com.google.android.apps.photos
10-03 02:00:44.886  1658  4365 I chatty  : uid=1000(system) Binder:1658_14 identical 4 lines
10-03 02:00:44.886  1658  4365 W UriGrantsManagerService: No permission grants found for com.google.android.apps.photos
10-03 02:00:45.030  1658  4858 W WindowManager: Failed looking up window session=Session{3e34eef 7327:u0a10438} callers=com.android.server.wm.WindowManagerService.windowForClientLocked:5433 com.android.server.wm.WindowManagerService.removeWindow:1896 com.android.server.wm.Session.remove:193 
10-03 02:00:45.033  1658  4365 I ActivityManager: Killing 7327:org.telegram.messenger/u0a438 (adj 1001): remove task
10-03 02:00:45.162  1658  3434 W ActivityManager: Scheduling restart of crashed service org.telegram.messenger/.NotificationsService in 1000ms for start-requested
10-03 02:00:45.168  1658  1804 W ActivityManager: setHasOverlayUi called on unknown pid: 7327
10-03 02:00:45.942  1658  4365 W UriGrantsManagerService: No permission grants found for com.google.android.apps.photos
10-03 02:00:45.943  1658  4365 W UriGrantsManagerService: No permission grants found for com.google.android.apps.photos
10-03 02:00:46.165  1658  1820 D CompatibilityChangeReporter: Compat change id reported: 135634846; UID 10438; state: DISABLED
10-03 02:00:46.166  1658  1820 D CompatibilityChangeReporter: Compat change id reported: 135754954; UID 10438; state: DISABLED
10-03 02:00:46.166  1658  1821 D CompatibilityChangeReporter: Compat change id reported: 143937733; UID 10438; state: DISABLED
10-03 02:00:46.195  1658  1821 I ActivityManager: Start proc 21238:org.telegram.messenger/u0a438 for service {org.telegram.messenger/org.telegram.messenger.NotificationsService}
10-03 02:00:46.221  1658  4365 I ActivityTaskManager: START u0 {act=android.intent.action.MAIN cat=[android.intent.category.LAUNCHER] flg=0x10200000 cmp=org.telegram.messenger/org.telegram.ui.LaunchActivity bnds=[32,331][235,683]} from uid 1000
10-03 02:00:46.243  1658  2041 W ActivityManager: Stopping service due to app idle: u0a438 -2m11s166ms org.telegram.messenger/.NotificationsService
10-03 02:00:46.315  1658  1805 W WindowManager: Unable to find process with pid=3139 uid=1000
10-03 02:00:46.421 21238 21238 I ActivityThread: handleStopService: token=android.os.BinderProxy@ca32c41 not found.
10-03 02:00:46.647  1658  1820 W BroadcastQueue: Background execution not allowed: receiving Intent { act=org.telegram.start flg=0x10 } to org.telegram.messenger/.AppStartReceiver
10-03 02:00:46.649  1658  4466 W ActivityManager: Service done with onDestroy, but executeNesting=2: ServiceRecord{8e798fe u0 org.telegram.messenger/.NotificationsService}
10-03 02:00:46.765  1658  2041 W WindowManager: Unable to find process with pid=3139 uid=1000
10-03 02:00:46.899  1658  4365 W UriGrantsManagerService: No permission grants found for com.google.android.apps.photos
10-03 02:00:46.899  1658  4502 W UriGrantsManagerService: No permission grants found for com.google.android.apps.photos
10-03 02:00:47.896  1658  3434 W UriGrantsManagerService: No permission grants found for com.google.android.apps.photos
10-03 02:00:47.896  1658  3434 W UriGrantsManagerService: No permission grants found for com.google.android.apps.photos
10-03 02:00:48.953  1658  2041 W UriGrantsManagerService: No permission grants found for com.google.android.apps.photos
10-03 02:00:48.953  1658  2041 W UriGrantsManagerService: No permission grants found for com.google.android.apps.photos
10-03 02:00:50.081  1658  3434 W UriGrantsManagerService: No permission grants found for com.google.android.apps.photos
10-03 02:00:50.082  1658  3434 W UriGrantsManagerService: No permission grants found for com.google.android.apps.photos
10-03 02:00:51.136  1658  4365 W UriGrantsManagerService: No permission grants found for com.google.android.apps.photos
10-03 02:00:51.137  1658  4365 W UriGrantsManagerService: No permission grants found for com.google.android.apps.photos
10-03 02:00:51.680  1658  3434 W ActivityManager: Background start not allowed: service Intent { cmp=com.google.android.apps.messaging/.shared.datamodel.action.execution.ActionExecutorImpl$EmptyService (has extras) } to com.google.android.apps.messaging/.shared.datamodel.action.execution.ActionExecutorImpl$EmptyService from pid=19859 uid=10396 pkg=com.google.android.apps.messaging startFg?=false
10-03 02:00:52.120  1658  3434 W UriGrantsManagerService: No permission grants found for com.google.android.apps.photos
10-03 02:00:52.120  1658  3434 W UriGrantsManagerService: No permission grants found for com.google.android.apps.photos
10-03 02:00:53.312  1658  4365 W UriGrantsManagerService: No permission grants found for com.google.android.apps.photos
10-03 02:00:55.207  1658  4365 I chatty  : uid=1000(system) Binder:1658_14 identical 4 lines
10-03 02:00:55.207  1658  4365 W UriGrantsManagerService: No permission grants found for com.google.android.apps.photos
10-03 02:00:55.987  1658  4502 D CompatibilityChangeReporter: Compat change id reported: 136274596; UID 10438; state: DISABLED
10-03 02:00:56.122  1658  3434 W UriGrantsManagerService: No permission grants found for com.google.android.apps.photos
10-03 02:00:57.065  1658  3434 I chatty  : uid=1000(system) Binder:1658_F identical 2 lines
10-03 02:00:57.065  1658  3434 W UriGrantsManagerService: No permission grants found for com.google.android.apps.photos
10-03 02:00:57.345  1658  2041 W UriGrantsManagerService: No permission grants found for com.google.android.apps.photos
10-03 02:00:57.345  1658  2041 W UriGrantsManagerService: No permission grants found for com.google.android.apps.photos
10-03 02:00:57.397  1658  4365 W UriGrantsManagerService: No permission grants found for com.google.android.apps.photos
10-03 02:00:57.398  1658  4365 W UriGrantsManagerService: No permission grants found for com.google.android.apps.photos
10-03 02:01:00.937  2854  7703 D PowerUI : can't show warning due to - plugged: true status unknown: false
10-03 02:01:04.435  1658  4365 W UriGrantsManagerService: No permission grants found for com.google.android.apps.photos
10-03 02:01:06.469  1658  4365 I chatty  : uid=1000(system) Binder:1658_14 identical 4 lines
10-03 02:01:06.470  1658  4365 W UriGrantsManagerService: No permission grants found for com.google.android.apps.photos
10-03 02:01:07.453  1658  3434 W UriGrantsManagerService: No permission grants found for com.google.android.apps.photos
10-03 02:01:08.469  1658  3434 I chatty  : uid=1000(system) Binder:1658_F identical 2 lines
10-03 02:01:08.469  1658  3434 W UriGrantsManagerService: No permission grants found for com.google.android.apps.photos
10-03 02:01:09.140  2854  7706 D PowerUI : can't show warning due to - plugged: true status unknown: false
10-03 02:01:09.463  1658  4365 W UriGrantsManagerService: No permission grants found for com.google.android.apps.photos
10-03 02:01:10.536  1658  4365 I chatty  : uid=1000(system) Binder:1658_14 identical 2 lines
10-03 02:01:10.536  1658  4365 W UriGrantsManagerService: No permission grants found for com.google.android.apps.photos
10-03 02:01:11.585  1658  4502 W UriGrantsManagerService: No permission grants found for com.google.android.apps.photos
10-03 02:01:11.585  1658  4502 W UriGrantsManagerService: No permission grants found for com.google.android.apps.photos
10-03 02:01:12.642  1658  3434 W UriGrantsManagerService: No permission grants found for com.google.android.apps.photos
10-03 02:01:17.661  1658  3434 I chatty  : uid=1000(system) Binder:1658_F identical 10 lines
10-03 02:01:17.662  1658  3434 W UriGrantsManagerService: No permission grants found for com.google.android.apps.photos
10-03 02:01:18.418  2854  3396 D PowerUI : can't show warning due to - plugged: true status unknown: false
10-03 02:01:18.793  1658  4365 W UriGrantsManagerService: No permission grants found for com.google.android.apps.photos
10-03 02:01:18.794  1658  4365 W UriGrantsManagerService: No permission grants found for com.google.android.apps.photos
10-03 02:01:19.843  1658  3434 W UriGrantsManagerService: No permission grants found for com.google.android.apps.photos
10-03 02:01:21.922  1658  3434 I chatty  : uid=1000(system) Binder:1658_F identical 4 lines
10-03 02:01:21.923  1658  3434 W UriGrantsManagerService: No permission grants found for com.google.android.apps.photos
10-03 02:01:22.906  1658  4365 W UriGrantsManagerService: No permission grants found for com.google.android.apps.photos
10-03 02:01:23.915  1658  4365 I chatty  : uid=1000(system) Binder:1658_14 identical 2 lines
10-03 02:01:23.915  1658  4365 W UriGrantsManagerService: No permission grants found for com.google.android.apps.photos
10-03 02:01:34.913  1658  2041 I ActivityManager: Killing 19498:com.android.connectivity.metrics/u0a355 (adj 985): empty #33
10-03 02:01:34.922  1658  2041 I ActivityManager: Killing 15635:com.google.android.partnersetup/u0a349 (adj 985): empty #33
10-03 02:01:39.802  1658  2041 W AppOps  : Noting op not finished: uid 10351 pkg com.google.android.gms code 79 startTime of in progress event=1633219057802
10-03 02:01:39.809  1658  2041 W AppOps  : Noting op not finished: uid 10351 pkg com.google.android.gms code 79 startTime of in progress event=1633219057802
10-03 02:01:39.813  1658  4365 W AppOps  : Noting op not finished: uid 10351 pkg com.google.android.gms code 79 startTime of in progress event=1633219057802
10-03 02:01:39.819  1658  4365 W AppOps  : Noting op not finished: uid 10351 pkg com.google.android.gms code 79 startTime of in progress event=1633219058011
10-03 02:01:43.575  1658  1901 V DisplayPowerController: Brightness [0.05] reason changing to: 'automatic [ dim ]', previous reason: 'automatic'.
10-03 02:01:44.365  1658  1658 D NotificationService: 0|org.telegram.messenger|-1217815295|null|10438: granting content://settings/system/notification_sound
10-03 02:01:44.366  1658  1658 I chatty  : uid=1000(system) Binder:1658_3 identical 2 lines
10-03 02:01:44.367  1658  1658 D NotificationService: 0|org.telegram.messenger|-1217815295|null|10438: granting content://settings/system/notification_sound
10-03 02:01:44.370  1658  1658 W NotificationHistory: Attempted to add notif for locked/gone/disabled user 0
10-03 02:01:45.350  1658  1901 V DisplayPowerController: Brightness [0.2497525] reason changing to: 'automatic', previous reason: 'automatic [ dim ]'.
10-03 02:01:45.934  1658  1819 W NotificationHistory: Attempted to remove conversation for locked/gone/disabled user 0
10-03 02:01:58.095  1658  4504 D BiometricService: canAuthenticate: User=0, Caller=0, Authenticators=255
10-03 02:01:58.095  1658  4504 D BiometricService: Package: com.google.android.gms Authenticator ID: 0 Modality: 2 Reported Modality: 2 Status: 6
10-03 02:01:58.095  1658  4504 D BiometricService: Package: com.google.android.gms Authenticator ID: 1008 Modality: 8 Reported Modality: 8 Status: 6
10-03 02:01:58.095  1658  4504 D AuthService: canAuthenticate, userId: 0, callingUserId: 0, authenticators: 255, result: 11
10-03 02:02:14.487  2854  3653 D PowerUI : can't show warning due to - plugged: true status unknown: false
10-03 02:02:16.315  3139  3139 W ContextImpl: Calling a method in the system process without a qualified user: android.app.ContextImpl.bindService:1748 android.content.ContextWrapper.bindService:756 com.google.android.libraries.gsa.launcherclient.i.c:14 com.google.android.libraries.gsa.launcherclient.LauncherClient.reconnect:107 com.google.android.libraries.gsa.launcherclient.LauncherClient.onStart:67 
10-03 02:02:16.381  1658  1805 W WindowManager: Unable to find process with pid=3139 uid=1000
10-03 02:02:16.856  1658  4734 W WindowManager: Unable to find process with pid=3139 uid=1000
10-03 02:02:18.411  2854  4169 D PowerUI : can't show warning due to - plugged: true status unknown: false
10-03 02:02:18.470  1658  2089 D WindowManager: powerPress: eventTime=855806 interactive=true count=1 beganFromNonInteractive=false mShortPressOnPowerBehavior=1
10-03 02:02:18.470  1658  2089 I PowerManagerService: Going to sleep due to power_button (uid 1000)...
10-03 02:02:18.927  1658  1901 I DisplayPowerController: Blocking screen off
10-03 02:02:18.927  1658  1901 I DisplayPowerController: Unblocked screen off after 1 ms
10-03 02:02:18.929  1658  1901 D ActivityTaskManager: Top Process State changed to PROCESS_STATE_TOP_SLEEPING
10-03 02:02:18.998  1658  1880 D KernelCpuUidUserSysTimeReader: Removing uids 90000-90000
10-03 02:02:18.999  1658  1880 D KernelCpuUidUserSysTimeReader: Removing uids 90001-90001
10-03 02:02:19.000  1658  1880 D KernelCpuUidUserSysTimeReader: Removing uids 90002-90002
10-03 02:02:19.001  1658  1880 D KernelCpuUidUserSysTimeReader: Removing uids 90003-90003
10-03 02:02:19.001  1658  1880 D KernelCpuUidUserSysTimeReader: Removing uids 90004-90004
10-03 02:02:19.002  1658  1880 D KernelCpuUidUserSysTimeReader: Removing uids 90005-90005
10-03 02:02:19.003  1658  1880 D KernelCpuUidUserSysTimeReader: Removing uids 90006-90006
10-03 02:02:19.003  1658  1880 D KernelCpuUidUserSysTimeReader: Removing uids 90007-90007
10-03 02:02:19.013  1658  1804 I ActivityManager: Killing 16445:com.android.packageinstaller/u0a289 (adj 985): empty #33
10-03 02:02:19.015  1658  1901 E ColorFade: eglDestroySurface failed: error 12301
10-03 02:02:19.015  1658  1901 E ColorFade: java.lang.Throwable
10-03 02:02:19.015  1658  1901 E ColorFade: 	at com.android.server.display.ColorFade.logEglError(ColorFade.java:700)
10-03 02:02:19.015  1658  1901 E ColorFade: 	at com.android.server.display.ColorFade.destroyEglSurface(ColorFade.java:645)
10-03 02:02:19.015  1658  1901 E ColorFade: 	at com.android.server.display.ColorFade.dismissResources(ColorFade.java:341)
10-03 02:02:19.015  1658  1901 E ColorFade: 	at com.android.server.display.DisplayPowerState.dismissColorFadeResources(DisplayPowerState.java:218)
10-03 02:02:19.015  1658  1901 E ColorFade: 	at com.android.server.display.DisplayPowerController.animateScreenStateChange(DisplayPowerController.java:1587)
10-03 02:02:19.015  1658  1901 E ColorFade: 	at com.android.server.display.DisplayPowerController.updatePowerState(DisplayPowerController.java:933)
10-03 02:02:19.015  1658  1901 E ColorFade: 	at com.android.server.display.DisplayPowerController.access$800(DisplayPowerController.java:92)
10-03 02:02:19.015  1658  1901 E ColorFade: 	at com.android.server.display.DisplayPowerController$DisplayControllerHandler.handleMessage(DisplayPowerController.java:2048)
10-03 02:02:19.015  1658  1901 E ColorFade: 	at android.os.Handler.dispatchMessage(Handler.java:106)
10-03 02:02:19.015  1658  1901 E ColorFade: 	at android.os.Looper.loop(Looper.java:223)
10-03 02:02:19.015  1658  1901 E ColorFade: 	at android.os.HandlerThread.run(HandlerThread.java:67)
10-03 02:02:19.015  1658  1901 E ColorFade: 	at com.android.server.ServiceThread.run(ServiceThread.java:44)
10-03 02:02:19.021  1658  1901 V DisplayPowerController: Brightness [-1.0] reason changing to: 'screen_off', previous reason: 'automatic'.
10-03 02:02:19.043  1658  1804 W DisplayManagerService: Failed to notify process 16445 that displays changed, assuming it died.
10-03 02:02:19.043  1658  1804 W DisplayManagerService: android.os.DeadObjectException
10-03 02:02:19.043  1658  1804 W DisplayManagerService: 	at android.os.BinderProxy.transactNative(Native Method)
10-03 02:02:19.043  1658  1804 W DisplayManagerService: 	at android.os.BinderProxy.transact(BinderProxy.java:550)
10-03 02:02:19.043  1658  1804 W DisplayManagerService: 	at android.hardware.display.IDisplayManagerCallback$Stub$Proxy.onDisplayEvent(IDisplayManagerCallback.java:115)
10-03 02:02:19.043  1658  1804 W DisplayManagerService: 	at com.android.server.display.DisplayManagerService$CallbackRecord.notifyDisplayEventAsync(DisplayManagerService.java:1928)
10-03 02:02:19.043  1658  1804 W DisplayManagerService: 	at com.android.server.display.DisplayManagerService.deliverDisplayEvent(DisplayManagerService.java:1676)
10-03 02:02:19.043  1658  1804 W DisplayManagerService: 	at com.android.server.display.DisplayManagerService.access$700(DisplayManagerService.java:163)
10-03 02:02:19.043  1658  1804 W DisplayManagerService: 	at com.android.server.display.DisplayManagerService$DisplayManagerHandler.handleMessage(DisplayManagerService.java:1850)
10-03 02:02:19.043  1658  1804 W DisplayManagerService: 	at android.os.Handler.dispatchMessage(Handler.java:106)
10-03 02:02:19.043  1658  1804 W DisplayManagerService: 	at android.os.Looper.loop(Looper.java:223)
10-03 02:02:19.043  1658  1804 W DisplayManagerService: 	at android.os.HandlerThread.run(HandlerThread.java:67)
10-03 02:02:19.043  1658  1804 W DisplayManagerService: 	at com.android.server.ServiceThread.run(ServiceThread.java:44)
10-03 02:02:19.315  1658  1901 I DreamManagerService: Entering dreamland.
10-03 02:02:19.315  1658  1901 I PowerManagerService: Dozing...
10-03 02:02:19.317  1658  1800 I DreamController: Starting dream: name=ComponentInfo{com.android.systemui/com.android.systemui.doze.DozeService}, isTest=false, canDoze=true, userId=0
10-03 02:02:19.587  1658  1804 V WindowManager: Orientation start waiting for draw, mDrawState=DRAW_PENDING in Window{ce4d9e3 u0 NotificationShade}, surfaceController Surface(name=NotificationShade)/@0xc323c
10-03 02:02:23.934  1658  1804 W ActivityTaskManager: Sleep timeout!  Sleeping now.
10-03 02:02:41.019  2854  4211 D PowerUI : can't show warning due to - plugged: true status unknown: false
10-03 02:02:50.553  1658  4253 W ActivityManager: Slow operation: 78ms so far, now at getContentProviderImpl: after updateOomAdj
10-03 02:02:50.553  1658  4253 W ActivityManager: Slow operation: 78ms so far, now at getContentProviderImpl: done!
10-03 02:02:50.581  2854  4301 D PowerUI : can't show warning due to - plugged: true status unknown: false
10-03 02:03:18.424  2854  6109 D PowerUI : can't show warning due to - plugged: true status unknown: false
10-03 02:03:22.475  2854  7703 D PowerUI : can't show warning due to - plugged: true status unknown: false
10-03 02:03:25.121  1658  1820 W ActivityManager: Stopping service due to app idle: u0a438 -2m38s247ms org.telegram.messenger/.NotificationsService
10-03 02:03:25.126  1658  1820 W BroadcastQueue: Background execution not allowed: receiving Intent { act=org.telegram.start flg=0x10 } to org.telegram.messenger/.AppStartReceiver
10-03 02:03:43.669  2854  7706 D PowerUI : can't show warning due to - plugged: true status unknown: false
10-03 02:03:43.694  2854  3396 D PowerUI : can't show warning due to - plugged: true status unknown: false
10-03 02:03:43.832  2854  3653 D PowerUI : can't show warning due to - plugged: true status unknown: false
10-03 02:03:47.005  1658  1820 W BroadcastQueue: Background execution not allowed: receiving Intent { act=android.intent.action.ACTION_POWER_DISCONNECTED flg=0x4000010 (has extras) } to com.google.android.apps.turbo/.nudges.broadcasts.BatteryStatusChangedReceiver
10-03 02:03:47.009  1658  1820 W BroadcastQueue: Background execution not allowed: receiving Intent { act=android.intent.action.ACTION_POWER_DISCONNECTED flg=0x4000010 (has extras) } to com.google.android.gms/.chimera.GmsIntentOperationService$PersistentTrustedReceiver
10-03 02:04:00.951  1658  1901 I PowerManagerService: Waking up from Dozing (uid=1000, reason=WAKE_REASON_WAKE_KEY, details=android.policy:KEY)...
10-03 02:04:01.020  1658  1901 I DreamManagerService: Gently waking up from dream.
10-03 02:04:01.020  1658  1800 I DreamManagerService: Performing gentle wake from dream.
10-03 02:04:01.050  1658  4734 I DreamManagerService: Leaving dreamland.
10-03 02:04:01.051  1658  1800 I DreamManagerService: Performing gentle wake from dream.
10-03 02:04:01.051  1658  1800 I DreamController: Stopping dream: name=ComponentInfo{com.android.systemui/com.android.systemui.doze.DozeService}, isTest=false, canDoze=true, userId=0, reason='finished self'(from 'requested stopDream')
10-03 02:04:01.053  1658  1901 I DisplayPowerController: Blocking screen on until initial contents have been drawn.
10-03 02:04:01.077  1658  1901 V DisplayPowerController: Brightness [0.2497525] reason changing to: 'manual', previous reason: 'screen_off'.
10-03 02:04:01.176  1658  1901 I DisplayPowerController: Unblocked screen on after 122 ms
10-03 02:04:01.202  1658  1658 W Looper  : Slow dispatch took 174ms main h=android.app.ActivityThread$H c=android.app.-$$Lambda$LoadedApk$ReceiverDispatcher$Args$_BumDX2UKsnxLVrE6UJsJZkotuA@3401de8 m=0
10-03 02:04:01.223  1658  1901 W PowerManagerService: Screen on took 545 ms
10-03 02:04:01.262  1658  1901 V DisplayPowerController: Brightness [0.2497525] reason changing to: 'automatic', previous reason: 'manual'.
10-03 02:04:01.314  1658  4502 I SoundTriggerService: deleteSoundModel(): id = 9f6ad62a-1f0b-11e7-87c5-40a8f03d3f15
10-03 02:04:01.314  1658  4502 W SoundTriggerHelper: Unload error: Attempting unload invalid generic model with id:9f6ad62a-1f0b-11e7-87c5-40a8f03d3f15
10-03 02:04:01.314  1658  4502 E SoundTriggerService: error onStop(): Model 9f6ad62a-1f0b-11e7-87c5-40a8f03d3f15 has no stats available
10-03 02:04:01.414  1658  2089 D WindowManager: powerPress: eventTime=910425 interactive=true count=1 beganFromNonInteractive=false mShortPressOnPowerBehavior=1
10-03 02:04:01.414  1658  2089 I PowerManagerService: Going to sleep due to power_button (uid 1000)...
10-03 02:04:01.741  1658  1820 D CompatibilityChangeReporter: Compat change id reported: 135634846; UID 10420; state: DISABLED
10-03 02:04:01.742  1658  1820 D CompatibilityChangeReporter: Compat change id reported: 135754954; UID 10420; state: ENABLED
10-03 02:04:01.742  1658  1821 D CompatibilityChangeReporter: Compat change id reported: 143937733; UID 10420; state: ENABLED
10-03 02:04:01.775  1658  1821 I ActivityManager: Start proc 21628:com.google.android.flipendo/u0a420 for broadcast {com.google.android.flipendo/com.google.android.flipendo.receiver.PowerSaveModeChangedBroadcastReceiver}
10-03 02:04:01.852  1658  1901 I DisplayPowerController: Blocking screen off
10-03 02:04:01.852  1658  1901 I DisplayPowerController: Unblocked screen off after 0 ms
10-03 02:04:01.928  1658  1901 E ColorFade: eglDestroySurface failed: error 12301
10-03 02:04:01.928  1658  1901 E ColorFade: java.lang.Throwable
