10-03 02:05:44.537  1658  1658 W WindowManager: removeWindowToken: Attempted to remove non-existing token: android.os.Binder@f76dd76
10-03 02:05:44.722  1658  1658 W WindowManager: removeWindowToken: Attempted to remove non-existing token: android.os.Binder@a211214
10-03 02:05:45.272  1658  1658 W WindowManager: removeWindowToken: Attempted to remove non-existing token: android.os.Binder@5924ed6
10-03 02:05:45.476  1658  1658 W WindowManager: removeWindowToken: Attempted to remove non-existing token: android.os.Binder@80e4812
10-03 02:05:48.989  1658  1658 W WindowManager: removeWindowToken: Attempted to remove non-existing token: android.os.Binder@aa8a60d
10-03 02:05:49.640  1658  1800 D AdbDebuggingManager: Logging key QAAAAJ3rZZ5LDdFQVnEFV6HZj60SqilMgZGWbysdSbPMg76IhiIZy17FM/D+L9t2h7/X7kBJgPjaVldNebt9dK6yyvDOzZw0fS2MyjgS96k5nKxubMFmyvSh1T/bGwVRj8qPXtK7PgyOL39TE7qOcemNSvOfQplJYNt/2pqHCE4KRWEMP0u37cs0cAL8PuUcTI9tB8NfSiCL71xool9cO3FIYK4fU0YvCQhEaQP0dhOVtsXUN4w42Pj3ME6KsGhKhpnBiTo2U521mXVNtU09gzeRhWHXmeieS5zh00GHTM8UcbgojAs6dJE/RAQQDhqEa9Wg5M9JDOjcyga2XHq7pcC/ef8DB8mepP9ZIEl8C3Al8L801GSjrCVn2maDSxcycI3jyFm+/svuBbAG0iLFwpAOoNT/zA8GlKbGR85OIVDCKNQlDCiqBzuqjo56NcuM1x7yTQUjidx570AqFIDfJnLsUl8cUHi1wjdv7GV+SvmvFcT3ETGO3HCPTfu90rZVYdoGNcMuNLSpmsX0grnrhk+wUJ0RA/eA0HH3vT/g6O7pp2pNVEy01L2k0HYiZ+03FqdJp4M/3JuLncqf+fjzWgIBYlYEIlcGl8bMeCin0SQ9oBJO2M8XlDMaVFsb0euSPfyM5ZxzS1lK6kXO+tMHyavtuUnbegVP0NiOo1uvpDcYGPUFUBjdgAEAAQA= Vextorite@fedora, state = 2, alwaysAllow = true, lastConnectionTime = 1633219549638, authWindow = 604800000
10-03 02:05:49.673  1658  2915 D ActivityManager: cgroup.freeze not present
10-03 02:06:01.191  2854  7703 D PowerUI : can't show warning due to - plugged: true status unknown: false
10-03 02:06:08.172  2854  7706 D PowerUI : can't show warning due to - plugged: true status unknown: false
10-03 02:06:12.618  1658  1901 V DisplayPowerController: Brightness [0.018570792] reason changing to: 'automatic [ dim ]', previous reason: 'automatic'.
10-03 02:06:15.132  1658  4504 I ActivityManager: Process com.google.android.apps.gcs (pid 15566) has died: cch+65 CEM 
10-03 02:06:15.219  1658  2922 I ActivityManager: Process com.google.android.dialer (pid 14166) has died: cch+65 CEM 
10-03 02:06:17.535  2854  3396 D PowerUI : can't show warning due to - plugged: true status unknown: false
10-03 02:06:19.615  1658  1901 I PowerManagerService: Going to sleep due to timeout (uid 1000)...
10-03 02:06:19.666  1658  1901 V DisplayPowerController: Brightness [0.05857079] reason changing to: 'automatic', previous reason: 'automatic [ dim ]'.
10-03 02:06:20.075  1658  1901 I DisplayPowerController: Blocking screen off
10-03 02:06:20.076  1658  1901 I DisplayPowerController: Unblocked screen off after 1 ms
10-03 02:06:20.098  1658  1901 D ActivityTaskManager: Top Process State changed to PROCESS_STATE_TOP_SLEEPING
10-03 02:06:20.135  1658  1901 E ColorFade: eglDestroySurface failed: error 12301
10-03 02:06:20.135  1658  1901 E ColorFade: java.lang.Throwable
10-03 02:06:20.135  1658  1901 E ColorFade: 	at com.android.server.display.ColorFade.logEglError(ColorFade.java:700)
10-03 02:06:20.135  1658  1901 E ColorFade: 	at com.android.server.display.ColorFade.destroyEglSurface(ColorFade.java:645)
10-03 02:06:20.135  1658  1901 E ColorFade: 	at com.android.server.display.ColorFade.dismissResources(ColorFade.java:341)
10-03 02:06:20.135  1658  1901 E ColorFade: 	at com.android.server.display.DisplayPowerState.dismissColorFadeResources(DisplayPowerState.java:218)
10-03 02:06:20.135  1658  1901 E ColorFade: 	at com.android.server.display.DisplayPowerController.animateScreenStateChange(DisplayPowerController.java:1587)
10-03 02:06:20.135  1658  1901 E ColorFade: 	at com.android.server.display.DisplayPowerController.updatePowerState(DisplayPowerController.java:933)
10-03 02:06:20.135  1658  1901 E ColorFade: 	at com.android.server.display.DisplayPowerController.access$800(DisplayPowerController.java:92)
10-03 02:06:20.135  1658  1901 E ColorFade: 	at com.android.server.display.DisplayPowerController$DisplayControllerHandler.handleMessage(DisplayPowerController.java:2048)
10-03 02:06:20.135  1658  1901 E ColorFade: 	at android.os.Handler.dispatchMessage(Handler.java:106)
10-03 02:06:20.135  1658  1901 E ColorFade: 	at android.os.Looper.loop(Looper.java:223)
10-03 02:06:20.135  1658  1901 E ColorFade: 	at android.os.HandlerThread.run(HandlerThread.java:67)
10-03 02:06:20.135  1658  1901 E ColorFade: 	at com.android.server.ServiceThread.run(ServiceThread.java:44)
10-03 02:06:20.145  1658  1901 V DisplayPowerController: Brightness [-1.0] reason changing to: 'screen_off', previous reason: 'automatic'.
10-03 02:06:20.444  1658  1901 I DreamManagerService: Entering dreamland.
10-03 02:06:20.446  1658  1901 I PowerManagerService: Dozing...
10-03 02:06:20.447  1658  1800 I DreamController: Starting dream: name=ComponentInfo{com.android.systemui/com.android.systemui.doze.DozeService}, isTest=false, canDoze=true, userId=0
10-03 02:06:20.752  1658  1804 V WindowManager: Orientation start waiting for draw, mDrawState=DRAW_PENDING in Window{ce4d9e3 u0 NotificationShade}, surfaceController Surface(name=NotificationShade)/@0x3160946
10-03 02:06:21.298  2854  3653 D PowerUI : can't show warning due to - plugged: true status unknown: false
10-03 02:06:25.099  1658  1804 W ActivityTaskManager: Sleep timeout!  Sleeping now.
10-03 02:06:25.394  1658  1820 W ActivityManager: Stopping service due to app idle: u0a347 -1m0s510ms com.google.android.setupwizard/.predeferred.PreDeferredUpdateService
10-03 02:06:29.242  1658  4374 I ActivityTaskManager: START u0 {act=android.intent.action.VIEW flg=0x18000020 pkg=com.topjohnwu.magisk cmp=com.topjohnwu.magisk/.ui.surequest.SuRequestActivity (has extras)} from uid 0
10-03 02:06:29.251  1658  1804 D CompatibilityChangeReporter: Compat change id reported: 135634846; UID 10430; state: DISABLED
10-03 02:06:29.251  1658  1804 D CompatibilityChangeReporter: Compat change id reported: 135754954; UID 10430; state: ENABLED
10-03 02:06:29.251  1658  1821 D CompatibilityChangeReporter: Compat change id reported: 143937733; UID 10430; state: ENABLED
10-03 02:06:29.255  1658  1821 I ActivityManager: Start proc 14233:com.topjohnwu.magisk/u0a430 for top-activity {com.topjohnwu.magisk/com.topjohnwu.magisk.ui.surequest.SuRequestActivity}
10-03 02:06:30.420  1658  1800 I RoleManagerService: Granting default roles...
10-03 02:06:30.579  1658  1658 I Telecom : DefaultDialerCache: Refreshing default dialer for user 0: now com.google.android.dialer: DDC.oR@Aqw
10-03 02:06:30.780  1658  2089 I PowerManagerService: Waking up from Dozing (uid=1000, reason=WAKE_REASON_POWER_BUTTON, details=android.policy:POWER)...
10-03 02:06:30.783  1658  1901 I DisplayPowerController: Blocking screen on until initial contents have been drawn.
10-03 02:06:30.819  1658  1901 V DisplayPowerController: Brightness [0.05857079] reason changing to: 'manual', previous reason: 'screen_off'.
10-03 02:06:30.916  1658  1901 I DisplayPowerController: Unblocked screen on after 133 ms
10-03 02:06:30.922  1658  2089 D WindowManager: powerPress: eventTime=1059955 interactive=true count=1 beganFromNonInteractive=true mShortPressOnPowerBehavior=1
10-03 02:06:30.966  1658  1901 I DreamManagerService: Gently waking up from dream.
10-03 02:06:30.966  1658  1800 I DreamManagerService: Performing gentle wake from dream.
10-03 02:06:30.979  1658  1901 V DisplayPowerController: Brightness [0.05857079] reason changing to: 'automatic', previous reason: 'manual'.
10-03 02:06:30.991  1658  4064 I DreamManagerService: Leaving dreamland.
10-03 02:06:30.992  1658  1800 I DreamManagerService: Performing gentle wake from dream.
10-03 02:06:30.992  1658  1800 I DreamController: Stopping dream: name=ComponentInfo{com.android.systemui/com.android.systemui.doze.DozeService}, isTest=false, canDoze=true, userId=0, reason='finished self'(from 'requested stopDream')
10-03 02:06:31.090  1658  2918 I SoundTriggerService: deleteSoundModel(): id = 9f6ad62a-1f0b-11e7-87c5-40a8f03d3f15
10-03 02:06:31.091  1658  2918 W SoundTriggerHelper: Unload error: Attempting unload invalid generic model with id:9f6ad62a-1f0b-11e7-87c5-40a8f03d3f15
10-03 02:06:31.091  1658  2918 E SoundTriggerService: error onStop(): Model 9f6ad62a-1f0b-11e7-87c5-40a8f03d3f15 has no stats available
10-03 02:06:32.471  1658  4374 D ActivityTaskManager: Top Process State changed to PROCESS_STATE_TOP
10-03 02:06:32.715  1658  1820 W BroadcastQueue: Background execution not allowed: receiving Intent { act=android.intent.action.USER_PRESENT flg=0x24200010 } to com.android.chrome/org.chromium.chrome.browser.sharing.click_to_call.ClickToCallMessageHandler$PhoneUnlockedReceiver
10-03 02:06:32.716  1658  1820 W BroadcastQueue: Background execution not allowed: receiving Intent { act=android.intent.action.USER_PRESENT flg=0x24200010 } to com.google.android.gms/.auth.setup.devicesignals.LockScreenReceiver
10-03 02:06:32.716  1658  1820 W BroadcastQueue: Background execution not allowed: receiving Intent { act=android.intent.action.USER_PRESENT flg=0x24200010 } to com.google.android.gms/.chimera.GmsIntentOperationService$PersistentTrustedReceiver
10-03 02:06:32.761  1658  2915 D BiometricService: canAuthenticate: User=0, Caller=0, Authenticators=255
10-03 02:06:32.761  1658  2915 D BiometricService: Package: com.google.android.gms Authenticator ID: 0 Modality: 2 Reported Modality: 2 Status: 6
10-03 02:06:32.762  1658  2915 D BiometricService: Package: com.google.android.gms Authenticator ID: 1008 Modality: 8 Reported Modality: 8 Status: 6
10-03 02:06:32.762  1658  2915 D AuthService: canAuthenticate, userId: 0, callingUserId: 0, authenticators: 255, result: 11
10-03 02:06:34.463  1658  4374 D ActivityManager: cgroup.freeze not present
10-03 02:06:36.700  1658  4497 W NotificationService: Toast already killed. pkg=com.topjohnwu.magisk token=android.os.BinderProxy@b942d64
10-03 02:06:38.191  1658  1804 W WindowManager: Unable to start animation, surface is null or no children.
10-03 02:06:38.853  3139  3139 W ContextImpl: Calling a method in the system process without a qualified user: android.app.ContextImpl.bindService:1748 android.content.ContextWrapper.bindService:756 com.google.android.libraries.gsa.launcherclient.i.c:14 com.google.android.libraries.gsa.launcherclient.LauncherClient.reconnect:107 com.google.android.libraries.gsa.launcherclient.LauncherClient.onStart:67 
10-03 02:06:45.444  1658  4374 D ActivityManager: cgroup.freeze not present
10-03 02:06:47.687  1658  1658 W WindowManager: removeWindowToken: Attempted to remove non-existing token: android.os.Binder@7e84046
10-03 02:06:56.316  1658  4506 I ActivityManager: Process com.google.android.apps.wellbeing (pid 16982) has died: cch+65 CEM 
10-03 02:06:56.408  1658  4064 I ActivityManager: Process com.google.android.apps.safetyhub (pid 16897) has died: cch+25 CEM 
10-03 02:07:08.254  1658  1901 V DisplayPowerController: Brightness [0.018570792] reason changing to: 'automatic [ dim ]', previous reason: 'automatic'.
10-03 02:07:15.252  1658  1901 I PowerManagerService: Going to sleep due to timeout (uid 1000)...
10-03 02:07:15.301  1658  1901 V DisplayPowerController: Brightness [0.05857079] reason changing to: 'automatic', previous reason: 'automatic [ dim ]'.
10-03 02:07:15.712  1658  1901 I DisplayPowerController: Blocking screen off
10-03 02:07:15.712  1658  1901 I DisplayPowerController: Unblocked screen off after 1 ms
10-03 02:07:15.734  1658  1901 D ActivityTaskManager: Top Process State changed to PROCESS_STATE_TOP_SLEEPING
10-03 02:07:15.791  1658  1901 E ColorFade: eglDestroySurface failed: error 12301
10-03 02:07:15.791  1658  1901 E ColorFade: java.lang.Throwable
10-03 02:07:15.791  1658  1901 E ColorFade: 	at com.android.server.display.ColorFade.logEglError(ColorFade.java:700)
10-03 02:07:15.791  1658  1901 E ColorFade: 	at com.android.server.display.ColorFade.destroyEglSurface(ColorFade.java:645)
10-03 02:07:15.791  1658  1901 E ColorFade: 	at com.android.server.display.ColorFade.dismissResources(ColorFade.java:341)
10-03 02:07:15.791  1658  1901 E ColorFade: 	at com.android.server.display.DisplayPowerState.dismissColorFadeResources(DisplayPowerState.java:218)
10-03 02:07:15.791  1658  1901 E ColorFade: 	at com.android.server.display.DisplayPowerController.animateScreenStateChange(DisplayPowerController.java:1587)
10-03 02:07:15.791  1658  1901 E ColorFade: 	at com.android.server.display.DisplayPowerController.updatePowerState(DisplayPowerController.java:933)
10-03 02:07:15.791  1658  1901 E ColorFade: 	at com.android.server.display.DisplayPowerController.access$800(DisplayPowerController.java:92)
10-03 02:07:15.791  1658  1901 E ColorFade: 	at com.android.server.display.DisplayPowerController$DisplayControllerHandler.handleMessage(DisplayPowerController.java:2048)
10-03 02:07:15.791  1658  1901 E ColorFade: 	at android.os.Handler.dispatchMessage(Handler.java:106)
10-03 02:07:15.791  1658  1901 E ColorFade: 	at android.os.Looper.loop(Looper.java:223)
10-03 02:07:15.791  1658  1901 E ColorFade: 	at android.os.HandlerThread.run(HandlerThread.java:67)
10-03 02:07:15.791  1658  1901 E ColorFade: 	at com.android.server.ServiceThread.run(ServiceThread.java:44)
10-03 02:07:15.798  1658  1901 V DisplayPowerController: Brightness [-1.0] reason changing to: 'screen_off', previous reason: 'automatic'.
10-03 02:07:16.081  1658  1901 I DreamManagerService: Entering dreamland.
10-03 02:07:16.082  1658  1901 I PowerManagerService: Dozing...
10-03 02:07:16.084  1658  1800 I DreamController: Starting dream: name=ComponentInfo{com.android.systemui/com.android.systemui.doze.DozeService}, isTest=false, canDoze=true, userId=0
10-03 02:07:16.357  1658  1804 V WindowManager: Orientation start waiting for draw, mDrawState=DRAW_PENDING in Window{ce4d9e3 u0 NotificationShade}, surfaceController Surface(name=NotificationShade)/@0x7a81dd6
10-03 02:07:20.734  1658  1804 W ActivityTaskManager: Sleep timeout!  Sleeping now.
10-03 02:07:21.081  1658  4497 I ActivityManager: Process com.google.android.apps.chromecast.app (pid 17574) has died: cch+55 CEM 
10-03 02:07:21.307  2854  4169 D PowerUI : can't show warning due to - plugged: true status unknown: false
10-03 02:07:28.843  2854  4211 D PowerUI : can't show warning due to - plugged: true status unknown: false
--------- beginning of main
10-03 02:07:30.053   791   791 E libpixelpowerstats: getResults:Failed to open file /sys/power/rpmh_stats/master_stats Error = No such file or directory: No such file or directory
10-03 02:07:30.053   791   791 E libpixelpowerstats: getResults:Failed to open file /sys/kernel/wlan/power_stats: No such file or directory
10-03 02:07:30.090  2854  4301 D PowerUI : can't show warning due to - plugged: true status unknown: false
10-03 02:07:30.608  3358  7925 I DPMJ    : |REQ:RCVR| DPM creating socket
10-03 02:07:34.609  3358  7925 I DPMJ    : |REQ:RCVR| DPM creating socket
10-03 02:07:35.133 21238 21297 D tgnet   : time for push ping
10-03 02:07:35.133 21238 21303 D tgnet   : time for push ping
10-03 02:07:35.961  2854  6109 D PowerUI : can't show warning due to - plugged: true status unknown: false
10-03 02:07:38.610  3358  7925 I DPMJ    : |REQ:RCVR| DPM creating socket
10-03 02:07:40.837 18571 18571 D BoundBrokerSvc: onUnbind: Intent { act=com.google.android.gms.udc.service.START cmp=com.google.android.gms/.chimera.PersistentApiService }
10-03 02:07:40.846  2854  2854 I chatty  : uid=10415(com.android.systemui) expire 4877 lines
10-03 02:07:42.611  3358  7925 I DPMJ    : |REQ:RCVR| DPM creating socket
10-03 02:07:43.227 18571 18571 D BoundBrokerSvc: onUnbind: Intent { act=com.google.android.gms.phenotype.service.START pkg=com.google.android.gms }
10-03 02:07:43.469 21238 21289 D tgnet   : time for push ping
10-03 02:07:43.470 21238 21289 D tgnet   : connection(0x7c08790700, account0, dc4, type 8) send message (session: 0x74316df078c687d, seqno: 0, messageid: 0x6158f44f7851ec00): 24TL_ping_delay_disconnect(0x7b93d785f0)
10-03 02:07:43.470 21238 21289 D tgnet   : dc4 send ping to push connection
10-03 02:07:43.801 21238 21289 D tgnet   : connection(0x7c08790700, account0, dc4, type 8) received message len 97 equal to packet size
10-03 02:07:43.801 21238 21289 D tgnet   : connection(0x7c08790700, account0, dc4, type 8) received object 7TL_pong
10-03 02:07:43.801 21238 21289 D tgnet   : process server response 0x7b93d785f0 - 7TL_pong
10-03 02:07:43.801 21238 21289 D tgnet   : connection(0x7c08790700, account0, dc4, type 8) received push ping
10-03 02:07:45.196 18571 18571 D BoundBrokerSvc: onUnbind: Intent { act=com.google.android.gms.clearcut.service.START pkg=com.google.android.gms }
10-03 02:07:46.612  3358  7925 I DPMJ    : |REQ:RCVR| DPM creating socket
10-03 02:07:49.751  2854  2870 I chatty  : uid=10415(com.android.systemui) HeapTaskDaemon expire 1 line
10-03 02:07:50.362 18571 18571 D BoundBrokerSvc: onUnbind: Intent { act=com.google.android.gms.scheduler.ACTION_PROXY_SCHEDULE cmp=com.google.android.gms/.chimera.PersistentInternalBoundBrokerService }
10-03 02:07:50.613  3358  7925 I DPMJ    : |REQ:RCVR| DPM creating socket
10-03 02:07:52.046 18553 18553 D BoundBrokerSvc: onUnbind: Intent { act=com.google.android.gms.auth.cryptauth.cryptauthservice.START cmp=com.google.android.gms/.chimera.GmsBoundBrokerService }
10-03 02:07:52.047 18571 18571 D BoundBrokerSvc: onUnbind: Intent { act=com.google.android.gms.auth.proximity.devicesyncservice.START cmp=com.google.android.gms/.chimera.PersistentBoundBrokerService }
10-03 02:07:52.610 21238 21289 D tgnet   : connection(0x7c08790700, account0, dc4, type 8) received message len 75 equal to packet size
10-03 02:07:52.610 21238 21289 D tgnet   : connection(0x7c08790700, account0, dc4, type 8) received object 17TL_updatesTooLong
10-03 02:07:52.610 21238 21289 D tgnet   : process server response 0x7b8c178500 - 17TL_updatesTooLong
10-03 02:07:52.610 21238 21289 D tgnet   : received internal push: wakeup network in background
10-03 02:07:52.623 21238 21289 D tgnet   : connection(0x7c08790700, account0, dc4, type 8) send message (session: 0x74316df078c687d, seqno: 0, messageid: 0x6158f4589f7cf000): 11TL_msgs_ack(0x7bae87b0c0)
10-03 02:07:52.623 21238 21289 D tgnet   : resume network and timers
10-03 02:07:52.623 21238 21289 D tgnet   : connection(0x7c08791100, account0, dc4, type 1) connecting (139.190.195.174:9908)
10-03 02:07:52.627 21238 21289 D tgnet   : connection(0x7c08791100) set current timeout = 12
10-03 02:07:52.667 21238 21289 D tgnet   : send request 0x7b93d79ae0 - 14TL_api_request
10-03 02:07:52.667 21238 21289 D tgnet   : send request wrapped 0x7b93d79ae0 - 14TL_api_request
10-03 02:07:52.675 18571 19246 W ChimeraUtils: Module com.google.android.gms.gcm has empty metadata display_name_string_id
10-03 02:07:52.766 21238 21289 D tgnet   : reset sleep timeout account0
10-03 02:07:52.775 21238 21289 D tgnet   : reset sleep timeout account0
10-03 02:07:52.793 21238 21442 I AdrenoGLES-0: QUALCOMM build                   : 3142bdd, I7afe4835b7
10-03 02:07:52.793 21238 21442 I AdrenoGLES-0: Build Date                       : 09/16/20
10-03 02:07:52.793 21238 21442 I AdrenoGLES-0: OpenGL ES Shader Compiler Version: EV031.32.02.00
10-03 02:07:52.793 21238 21442 I AdrenoGLES-0: Local Branch                     : 
10-03 02:07:52.793 21238 21442 I AdrenoGLES-0: Remote Branch                    : 
10-03 02:07:52.793 21238 21442 I AdrenoGLES-0: Remote Branch                    : 
10-03 02:07:52.793 21238 21442 I AdrenoGLES-0: Reconstruct Branch               : 
10-03 02:07:52.793 21238 21442 I AdrenoGLES-0: Build Config                     : S P 10.0.6 AArch64
10-03 02:07:52.793 21238 21442 I AdrenoGLES-0: Driver Path                      : /vendor/lib64/egl/libGLESv2_adreno.so
10-03 02:07:52.804 21238 21442 I AdrenoGLES-0: PFP: 0x016ee190, ME: 0x00000000
10-03 02:07:52.918 21238 21289 D tgnet   : connection(0x7c08791100) reset last event time, on connect
10-03 02:07:52.918 21238 21289 D tgnet   : connection(0x7c08791100, account0, dc4, type 1) connected to 139.190.195.174:9908
10-03 02:07:52.918 21238 21289 D tgnet   : messageId for token = 46, 0x6158f458eb020c00
10-03 02:07:52.918 21238 21289 D tgnet   : connection(0x7c08791100, account0, dc4, type 1) send message (session: 0xf8d176bf3b743a51, seqno: 75, messageid: 0x6158f458eb020c00): 14TL_api_request(0x7b93d79ae0)
10-03 02:07:52.943  6981  6981 I AiAiTextClassifier: onDestroyTextClassificationSession = TextClassificationSessionId {207c9e98-26db-4597-aa3a-310bab6903fc}
10-03 02:07:52.944  6981  6981 I AiAiTextClassifier: onDestroyTextClassificationSession = TextClassificationSessionId {207c9e98-26db-4597-aa3a-310bab6903fc}
10-03 02:07:52.944  3875  5888 D androidtc: Initializing SystemTextClassifier, type = System
10-03 02:07:52.947  6981  6981 I AiAiTextClassifier: onCreateTextClassificationSession = TextClassificationSessionId {09426fa2-843e-4cde-8286-756b876806b4}
10-03 02:07:52.947  6981  6981 I AiAiTextClassifier: onCreateTextClassificationSession = TextClassificationSessionId {09426fa2-843e-4cde-8286-756b876806b4}
10-03 02:07:53.136  1658  1658 D NotificationService: 0|org.telegram.messenger|-1217815295|null|10438: granting content://settings/system/notification_sound
10-03 02:07:53.138  1658  1658 I chatty  : uid=1000(system) Binder:1658_3 identical 2 lines
10-03 02:07:53.139  1658  1658 D NotificationService: 0|org.telegram.messenger|-1217815295|null|10438: granting content://settings/system/notification_sound
10-03 02:07:53.141  1658  1658 W NotificationHistory: Attempted to add notif for locked/gone/disabled user 0
10-03 02:07:53.163  1016  3124 D NuPlayerDriver: NuPlayerDriver(0xf6d2fd20) created, clientPid(2854)
10-03 02:07:53.171  1016 22313 D GenericSource: FileSource remote
10-03 02:07:53.176  1007  5470 E Utils   : did not find channel-count and/or sample-rate
10-03 02:07:53.176  1007  5470 E Utils   : did not find channel-count and/or sample-rate
10-03 02:07:53.187  1658  4497 I MediaFocusControl: requestAudioFocus() from uid/pid 10415/2854 clientId=android.media.AudioManager@e7e3f97 callingPack=com.android.systemui req=3 flags=0x0 sdk=30
10-03 02:07:53.220 21238 21289 D tgnet   : Config(0x7c071a67c0, /data/user/0/org.telegram.messenger/files/dc4conf.dat) start write config
10-03 02:07:53.221 21238 21289 D tgnet   : Config(0x7c071a67c0, /data/user/0/org.telegram.messenger/files/dc4conf.dat) fileno = 100
10-03 02:07:53.226 21238 21289 D tgnet   : Config(0x7c071a67c0, /data/user/0/org.telegram.messenger/files/dc4conf.dat) config write ok
10-03 02:07:53.226 21238 21289 D tgnet   : connection(0x7c08791100) set current timeout = 4
10-03 02:07:53.226 21238 21289 D tgnet   : connection(0x7c08791100, account0, dc4, type 1) received message len 655 equal to packet size
10-03 02:07:53.226 21238 21289 D tgnet   : connection(0x7c08791100, account0, dc4, type 1) received object 16TL_msg_container
10-03 02:07:53.226 21238 21289 D tgnet   : process server response 0x7bae87b0c0 - 16TL_msg_container
10-03 02:07:53.226 21238 21289 D tgnet   : received container with 2 items
10-03 02:07:53.226 21238 21289 D tgnet   : inner message 0 id 0x6158f45948aca401 process
10-03 02:07:53.226 21238 21289 D tgnet   : process server response 0x7bae87b060 - 14TL_gzip_packed
10-03 02:07:53.226 21238 21289 D tgnet   : not found request to parse constructor 0x74ae4240
10-03 02:07:53.228 21238 21289 D tgnet   : inner message 1 id 0x6158f45948ad0c01 process
10-03 02:07:53.228 21238 21289 D tgnet   : process server response 0x7bae87b000 - 11TL_msgs_ack
10-03 02:07:53.229 21238 21289 D tgnet   : connection(0x7c08791100, account0, dc4, type 1) send message (session: 0xf8d176bf3b743a51, seqno: 76, messageid: 0x6158f4593a9fc000): 11TL_msgs_ack(0x7bae87b0c0)
10-03 02:07:53.230 21238 21289 D tgnet   : connection(0x7c08791100, account0, dc4, type 1) received message len 89 equal to packet size
10-03 02:07:53.230 21238 21289 D tgnet   : api request constructor 0xf041e250, don't parse
10-03 02:07:53.230 21238 21289 D tgnet   : connection(0x7c08791100, account0, dc4, type 1) received object 13TL_rpc_result
10-03 02:07:53.230 21238 21289 D tgnet   : process server response 0x7b93d785f0 - 13TL_rpc_result
10-03 02:07:53.230 21238 21289 D tgnet   : connection(0x7c08791100, account0, dc4, type 1) received rpc_result with 15TL_api_response
10-03 02:07:53.230 21238 21289 D tgnet   : got response for request 0x7b93d79ae0 - 14TL_api_request
10-03 02:07:53.230 21238 21289 D tgnet   : connection(0x7c08791100, account0, dc4, type 1) send message (session: 0xf8d176bf3b743a51, seqno: 76, messageid: 0x6158f4593ae14800): 11TL_msgs_ack(0x7bae87b0c0)
10-03 02:07:53.257 21238 21289 D tgnet   : send request 0x7b93d79c20 - 14TL_api_request
10-03 02:07:53.257 21238 21289 D tgnet   : send request wrapped 0x7b93d79c20 - 14TL_api_request
10-03 02:07:53.257 21238 21289 D tgnet   : messageId for token = 47, 0x6158f45941cac000
10-03 02:07:53.258 21238 21289 D tgnet   : connection(0x7c08791100, account0, dc4, type 1) send message (session: 0xf8d176bf3b743a51, seqno: 77, messageid: 0x6158f45941cac000): 14TL_api_request(0x7b93d79c20)
10-03 02:07:53.413   795   795 I sensors-hal: batch:242, android.sensor.proximity/82, period=200000000, max_latency=0
10-03 02:07:53.413   795   795 I sensors-hal: set_config:63, sample_period_ns is adjusted to 0 based on min/max delay_ns
10-03 02:07:53.413   795   795 I sensors-hal: batch:251, android.sensor.proximity/82, period=200000000, max_latency=0 request completed
10-03 02:07:53.414   795   795 I sensors-hal: activate:209, android.sensor.proximity/82 en=1
10-03 02:07:53.414   795   795 I sensors-hal: get_qmi_debug_flag:241, support_qmi_debug : false
10-03 02:07:53.417   795   795 I sensors-hal: activate:220, android.sensor.proximity/82 en=1 completed
10-03 02:07:53.421   795 22316 I sensors-hal: ssc_conn_resp_cb:651, resp_value = 0
10-03 02:07:53.456   795 22316 I sensors-hal: handle_indication_realtime:466,  SCHED_FIFO(10) for qmi_cbk
10-03 02:07:53.530 21238 21289 D tgnet   : connection(0x7c08791100, account0, dc4, type 1) received message len 394 equal to packet size
10-03 02:07:53.530 21238 21289 D tgnet   : connection(0x7c08791100, account0, dc4, type 1) received object 13TL_rpc_result
10-03 02:07:53.530 21238 21289 D tgnet   : process server response 0x7b93d785f0 - 13TL_rpc_result
10-03 02:07:53.530 21238 21289 D tgnet   : connection(0x7c08791100, account0, dc4, type 1) received rpc_result with 14TL_gzip_packed
10-03 02:07:53.530 21238 21289 D tgnet   : got response for request 0x7b93d79c20 - 14TL_api_request
10-03 02:07:53.530 21238 21289 D tgnet   : api request constructor 0x64479808, don't parse
10-03 02:07:53.531 21238 21289 D tgnet   : connection(0x7c08791100, account0, dc4, type 1) send message (session: 0xf8d176bf3b743a51, seqno: 78, messageid: 0x6158f45987efa000): 11TL_msgs_ack(0x7bae87b0c0)
10-03 02:07:53.689  1016 22312 I GenericSource: start
10-03 02:07:53.695  1016 22322 D CCodec  : allocate(c2.android.vorbis.decoder)
10-03 02:07:53.696  1089  1089 V C2Store : in init
10-03 02:07:53.696  1089  1089 V C2Store : loading dll
10-03 02:07:53.700  1016 22322 I CCodec  : Created component [c2.android.vorbis.decoder]
10-03 02:07:53.700  1016 22322 D CCodecConfig: read media type: audio/vorbis
10-03 02:07:53.703  1016 22322 D ReflectedParamUpdater: extent() != 1 for single value type: algo.buffers.max-count.values
10-03 02:07:53.703  1016 22322 D ReflectedParamUpdater: extent() != 1 for single value type: output.subscribed-indices.values
10-03 02:07:53.703  1016 22322 D ReflectedParamUpdater: extent() != 1 for single value type: input.buffers.allocator-ids.values
10-03 02:07:53.703  1016 22322 D ReflectedParamUpdater: extent() != 1 for single value type: output.buffers.allocator-ids.values
10-03 02:07:53.703  1016 22322 D ReflectedParamUpdater: extent() != 1 for single value type: algo.buffers.allocator-ids.values
10-03 02:07:53.704  1016 22322 D ReflectedParamUpdater: extent() != 1 for single value type: output.buffers.pool-ids.values
10-03 02:07:53.704  1016 22322 D ReflectedParamUpdater: extent() != 1 for single value type: algo.buffers.pool-ids.values
10-03 02:07:53.705  1016 22322 I CCodecConfig: query failed after returning 7 values (BAD_INDEX)
10-03 02:07:53.705  1016 22322 D CCodecConfig: c2 config diff is Dict {
10-03 02:07:53.705  1016 22322 D CCodecConfig:   c2::u32 coded.bitrate.value = 64000
10-03 02:07:53.705  1016 22322 D CCodecConfig:   c2::u32 input.buffers.max-size.value = 32768
10-03 02:07:53.705  1016 22322 D CCodecConfig:   c2::u32 input.delay.value = 0
10-03 02:07:53.705  1016 22322 D CCodecConfig:   string input.media-type.value = "audio/vorbis"
10-03 02:07:53.705  1016 22322 D CCodecConfig:   string output.media-type.value = "audio/raw"
10-03 02:07:53.705  1016 22322 D CCodecConfig:   c2::u32 raw.channel-count.value = 1
10-03 02:07:53.705  1016 22322 D CCodecConfig:   c2::u32 raw.sample-rate.value = 48000
10-03 02:07:53.705  1016 22322 D CCodecConfig: }
10-03 02:07:53.706  1016 22322 D CCodec  : [c2.android.vorbis.decoder] buffers are bound to CCodec for this session
10-03 02:07:53.706  1016 22322 D CCodecConfig: no c2 equivalents for durationUs
10-03 02:07:53.706  1016 22322 D CCodecConfig: no c2 equivalents for csd-1
10-03 02:07:53.706  1016 22322 D CCodecConfig: no c2 equivalents for channel-mask
10-03 02:07:53.706  1016 22322 D CCodecConfig: no c2 equivalents for flags
10-03 02:07:53.707  1016 22322 W Codec2Client: query -- param skipped: index = 1107298332.
10-03 02:07:53.707  1016 22322 D CCodec  : setup formats input: AMessage(what = 0x00000000) = {
10-03 02:07:53.707  1016 22322 D CCodec  :   int32_t channel-count = 1
10-03 02:07:53.707  1016 22322 D CCodec  :   int32_t max-input-size = 32768
10-03 02:07:53.707  1016 22322 D CCodec  :   string mime = "audio/vorbis"
10-03 02:07:53.707  1016 22322 D CCodec  :   int32_t sample-rate = 48000
10-03 02:07:53.707  1016 22322 D CCodec  : } and output: AMessage(what = 0x00000000) = {
10-03 02:07:53.707  1016 22322 D CCodec  :   int32_t channel-count = 1
10-03 02:07:53.707  1016 22322 D CCodec  :   string mime = "audio/raw"
10-03 02:07:53.707  1016 22322 D CCodec  :   int32_t sample-rate = 48000
10-03 02:07:53.707  1016 22322 D CCodec  :   int32_t channel-mask = 1
10-03 02:07:53.707  1016 22322 D CCodec  : }
10-03 02:07:53.707  1016 22322 I MediaCodec: MediaCodec will operate in async mode
10-03 02:07:53.708  1016 22322 W Codec2Client: query -- param skipped: index = 1342179345.
10-03 02:07:53.708  1016 22322 W Codec2Client: query -- param skipped: index = 2415921170.
10-03 02:07:53.709  1016 22322 E FMQ     : grantorIdx must be less than 3
10-03 02:07:53.709  1016 22322 E FMQ     : grantorIdx must be less than 3
10-03 02:07:53.709  1016 22322 D CCodecBufferChannel: [c2.android.vorbis.decoder#261] Created input block pool with allocatorID 16 => poolID 56 - OK (0)
10-03 02:07:53.710  1089  3130 E FMQ     : grantorIdx must be less than 3
10-03 02:07:53.710  1089  3130 E FMQ     : grantorIdx must be less than 3
10-03 02:07:53.711  1016 22322 I CCodecBufferChannel: [c2.android.vorbis.decoder#261] Created output block pool with allocatorID 16 => poolID 73 - OK
10-03 02:07:53.711  1016 22322 D CCodecBufferChannel: [c2.android.vorbis.decoder#261] Configured output block pool ids 73 => OK
10-03 02:07:53.711  1016 22322 D CCodecBufferChannel: [c2.android.vorbis.decoder#261] start: updating output delay 0
10-03 02:07:53.712  1089 22323 D SimpleC2Component: Using output block pool with poolID 73 => got 73 - 0
10-03 02:07:53.712  1016 22322 E FMQ     : grantorIdx must be less than 3
10-03 02:07:53.713  1089  1089 E FMQ     : grantorIdx must be less than 3
10-03 02:07:53.720  1089 22323 E FMQ     : grantorIdx must be less than 3
10-03 02:07:53.720  1016  9903 E FMQ     : grantorIdx must be less than 3
10-03 02:07:53.721  1016 22322 D CCodecBuffers: [c2.android.vorbis.decoder#261:Output[N]] popFromStashAndRegister: output format changed to AMessage(what = 0x00000000) = {
10-03 02:07:53.721  1016 22322 D CCodecBuffers:   int32_t channel-count = 1
10-03 02:07:53.721  1016 22322 D CCodecBuffers:   string mime = "audio/raw"
10-03 02:07:53.721  1016 22322 D CCodecBuffers:   int32_t sample-rate = 48000
10-03 02:07:53.721  1016 22322 D CCodecBuffers:   int32_t channel-mask = 1
10-03 02:07:53.721  1016 22322 D CCodecBuffers: }
10-03 02:07:53.727   772   841 I chatty  : uid=1041(audioserver) HwBinder:772_2 expire 17 lines
10-03 02:07:53.727   837  1110 I chatty  : uid=1041(audioserver) Binder:837_2 expire 5 lines
10-03 02:07:53.728   772   772 I chatty  : uid=1041(audioserver) /vendor/bin/hw/android.hardware.audio.service expire 21 lines
10-03 02:07:53.758   795   795 I sensors-hal: activate:209, android.sensor.proximity/82 en=0
10-03 02:07:53.760   795   795 I sensors-hal: activate:220, android.sensor.proximity/82 en=0 completed
10-03 02:07:53.778  1658  4497 I system_server: oneway function results will be dropped but finished with status OK and parcel size 4
10-03 02:07:53.779   772  4171 I chatty  : uid=1041(audioserver) writer expire 1519 lines
10-03 02:07:53.780  1658  4408 I system_server: oneway function results will be dropped but finished with status OK and parcel size 4
10-03 02:07:53.790  1658  1901 I DisplayPowerController: Blocking screen on until initial contents have been drawn.
10-03 02:07:53.795  1072  1105 E adsprpcd: vendor/qcom/proprietary/commonsys-intf/adsprpc/src/apps_std_imp.c:596:Error 0xffffffff: apps_std getenv failed: ADSP_LIBRARY_PATH Unknown error -1
10-03 02:07:53.795  1072  1105 I adsprpcd: vendor/qcom/proprietary/commonsys-intf/adsprpc/src/apps_std_imp.c:796: Successfully opened file /vendor/lib/rfsa/adsp/tas25xx_TI_0.bin
10-03 02:07:53.822  1072  1105 E adsprpcd: vendor/qcom/proprietary/commonsys-intf/adsprpc/src/apps_std_imp.c:596:Error 0xffffffff: apps_std getenv failed: ADSP_LIBRARY_PATH Unknown error -1
10-03 02:07:53.822  1072  1105 W adsprpcd: vendor/qcom/proprietary/commonsys-intf/adsprpc/src/apps_std_imp.c:805: Warning: apps_std_fopen_with_env failed with 0x2 for vendor/lib/rfsa/adsp/tas25xx.cfg (No such file or directory)
10-03 02:07:53.868  1658  1901 V DisplayPowerController: Brightness [0.05905512] reason changing to: 'doze', previous reason: 'screen_off'.
10-03 02:07:53.868   795   795 I sensors-hal: batch:242, android.sensor.proximity/82, period=20000000, max_latency=0
10-03 02:07:53.869   795   795 I sensors-hal: set_config:63, sample_period_ns is adjusted to 0 based on min/max delay_ns
10-03 02:07:53.869   795   795 I sensors-hal: batch:251, android.sensor.proximity/82, period=20000000, max_latency=0 request completed
10-03 02:07:53.869   795   795 I sensors-hal: activate:209, android.sensor.proximity/82 en=1
10-03 02:07:53.869   795   795 I sensors-hal: get_qmi_debug_flag:241, support_qmi_debug : false
10-03 02:07:53.869   848   848 D SurfaceFlinger: Setting power mode 2 on display 19261006299050625
10-03 02:07:53.870  1658  1804 I InputManager-JNI: Viewport [0] to add: local:19261006299050625, isActive: true
10-03 02:07:53.870   774   916 I SDM     : DisplayBase::SetDisplayState: Set state = 1, display 28-0, teardown = 0
10-03 02:07:53.872  1658  2089 I InputReader: Reconfiguring input devices, changes=DISPLAY_INFO | 
10-03 02:07:53.872  1658  2089 I InputReader: Device reconfigured: id=3, name='NVTCapacitiveTouchScreen', size 1080x2400, orientation 0, mode 1, display id 0
10-03 02:07:53.873   795   795 I sensors-hal: activate:220, android.sensor.proximity/82 en=1 completed
10-03 02:07:53.874 12935 12976 I BtGatt.ScanManager: msg.what = 8
10-03 02:07:53.875 12935 12976 I BtGatt.ScanManager: msg.what = 5
10-03 02:07:53.877   795 22325 I sensors-hal: ssc_conn_resp_cb:651, resp_value = 0
10-03 02:07:53.895   795 22325 I sensors-hal: handle_indication_realtime:466,  SCHED_FIFO(10) for qmi_cbk
10-03 02:07:53.908  3253  4123 D QCNEJ/WwanInfoRelay: onServiceStateChanged: dataState: 2 DDS:2 Notify service state update
10-03 02:07:53.911 21675 21675 D CellBroadcastReceiver: onReceive Intent { act=android.intent.action.SERVICE_STATE flg=0x1000010 cmp=com.android.cellbroadcastreceiver.module/com.android.cellbroadcastreceiver.CellBroadcastReceiver (has extras) }
10-03 02:07:53.919  2854  3215 I chatty  : uid=10415(com.android.systemui) RenderThread expire 1 line
10-03 02:07:53.926  3336  3336 I Telephony: isRttCurrentlySupported -- regular acct, hasVoiceAvailability: false
10-03 02:07:53.926  3336  3336 I Telephony:  isRttSupported: false
10-03 02:07:53.926  3336  3336 I Telephony:  alwaysAllowWhileRoaming: false
10-03 02:07:53.926  3336  3336 I Telephony:  isRoaming: false
10-03 02:07:53.926  3336  3336 I Telephony:  isOnWfc: false
10-03 02:07:53.933  3336  3336 I Telephony: isRttCurrentlySupported -- regular acct, hasVoiceAvailability: false
10-03 02:07:53.933  3336  3336 I Telephony:  isRttSupported: false
10-03 02:07:53.933  3336  3336 I Telephony:  alwaysAllowWhileRoaming: false
10-03 02:07:53.933  3336  3336 I Telephony:  isRoaming: false
10-03 02:07:53.933  3336  3336 I Telephony:  isOnWfc: false
10-03 02:07:53.956  2854  2854 I chatty  : uid=10415(com.android.systemui) expire 624 lines
10-03 02:07:53.958  1658  1901 I DisplayPowerController: Unblocked screen on after 168 ms
10-03 02:07:53.961  3336  3336 D ServiceStateProvider: subId=1
10-03 02:07:53.963  3253  4123 D QCNEJ/WwanInfoRelay: onServiceStateChanged: dataState: 2 DDS:2 Notify service state update
10-03 02:07:53.965 21675 21675 D CellBroadcastReceiver: onReceive Intent { act=android.intent.action.SERVICE_STATE flg=0x1000010 cmp=com.android.cellbroadcastreceiver.module/com.android.cellbroadcastreceiver.CellBroadcastReceiver (has extras) }
10-03 02:07:53.966  3336  3388 I m.android.phon: Waiting for a blocking GC ProfileSaver
10-03 02:07:53.993  3336  3388 I m.android.phon: WaitForGcToComplete blocked ProfileSaver on ProfileSaver for 26.870ms
10-03 02:07:54.002  3336  3336 D ServiceStateProvider: subId=2
10-03 02:07:54.006 21675 21675 D CellBroadcastReceiver: onReceive Intent { act=android.intent.action.SERVICE_STATE flg=0x1000010 cmp=com.android.cellbroadcastreceiver.module/com.android.cellbroadcastreceiver.CellBroadcastReceiver (has extras) }
10-03 02:07:54.008   774   916 I SDM     : StrategyImpl::SetIdleTimeoutMs: Idle timeout: active = 70, inactive = 520
10-03 02:07:54.009   848   848 D SurfaceFlinger: Finished setting power mode 2 on display 19261006299050625
10-03 02:07:54.009  1658  2763 D SurfaceControl: Excessive delay in setPowerMode()
10-03 02:07:54.020  3336  3336 I Telephony: isRttCurrentlySupported -- regular acct, hasVoiceAvailability: false
10-03 02:07:54.020  3336  3336 I Telephony:  isRttSupported: false
10-03 02:07:54.020  3336  3336 I Telephony:  alwaysAllowWhileRoaming: false
10-03 02:07:54.020  3336  3336 I Telephony:  isRoaming: false
10-03 02:07:54.020  3336  3336 I Telephony:  isOnWfc: false
10-03 02:07:54.028  3336  3336 I Telephony: isRttCurrentlySupported -- regular acct, hasVoiceAvailability: false
10-03 02:07:54.028  3336  3336 I Telephony:  isRttSupported: false
10-03 02:07:54.028  3336  3336 I Telephony:  alwaysAllowWhileRoaming: false
10-03 02:07:54.028  3336  3336 I Telephony:  isRoaming: false
10-03 02:07:54.028  3336  3336 I Telephony:  isOnWfc: false
10-03 02:07:54.050  3336  3336 D ServiceStateProvider: subId=1
10-03 02:07:54.051  3253  4123 D QCNEJ/WwanInfoRelay: onServiceStateChanged: dataState: 2 DDS:2 Notify service state update
10-03 02:07:54.054 21675 21675 D CellBroadcastReceiver: onReceive Intent { act=android.intent.action.SERVICE_STATE flg=0x1000010 cmp=com.android.cellbroadcastreceiver.module/com.android.cellbroadcastreceiver.CellBroadcastReceiver (has extras) }
10-03 02:07:54.070  3336  3336 D ServiceStateProvider: subId=2
10-03 02:07:54.075 21675 21675 D CellBroadcastReceiver: onReceive Intent { act=android.intent.action.SERVICE_STATE flg=0x1000010 cmp=com.android.cellbroadcastreceiver.module/com.android.cellbroadcastreceiver.CellBroadcastReceiver (has extras) }
10-03 02:07:54.076  3336  3336 I Telephony: isRttCurrentlySupported -- regular acct, hasVoiceAvailability: false
10-03 02:07:54.076  3336  3336 I Telephony:  isRttSupported: false
10-03 02:07:54.076  3336  3336 I Telephony:  alwaysAllowWhileRoaming: false
10-03 02:07:54.076  3336  3336 I Telephony:  isRoaming: false
10-03 02:07:54.076  3336  3336 I Telephony:  isOnWfc: false
10-03 02:07:54.080  3336  3336 I Telephony: isRttCurrentlySupported -- regular acct, hasVoiceAvailability: false
10-03 02:07:54.080  3336  3336 I Telephony:  isRttSupported: false
10-03 02:07:54.080  3336  3336 I Telephony:  alwaysAllowWhileRoaming: false
10-03 02:07:54.080  3336  3336 I Telephony:  isRoaming: false
10-03 02:07:54.080  3336  3336 I Telephony:  isOnWfc: false
10-03 02:07:54.179   795 22325 E SensorsMultiHal: Decrementing wakelock ref count by 1 when count is 0
10-03 02:07:54.179   795 22325 E SensorsMultiHal: Decrementing wakelock ref count by 1 when count is 0
10-03 02:07:54.180   795 22325 E SensorsMultiHal: Decrementing wakelock ref count by 1 when count is 0
10-03 02:07:54.180   795  2074 E SensorsMultiHal: Decrementing wakelock ref count by 1 when count is 0
10-03 02:07:54.230   795  2074 E SensorsMultiHal: Decrementing wakelock ref count by 1 when count is 0
10-03 02:07:54.346  1658  1669 I system_server: Background concurrent copying GC freed 1209567(47MB) AllocSpace objects, 19(512KB) LOS objects, 61% free, 29MB/77MB, paused 93us total 163.992ms
10-03 02:07:54.358   795  2074 E SensorsMultiHal: Decrementing wakelock ref count by 1 when count is 0
10-03 02:07:54.430   795 22325 E SensorsMultiHal: Decrementing wakelock ref count by 1 when count is 0
10-03 02:07:54.430   795  2074 E SensorsMultiHal: Decrementing wakelock ref count by 1 when count is 0
10-03 02:07:54.538   795  2074 E SensorsMultiHal: Decrementing wakelock ref count by 1 when count is 0
10-03 02:07:54.564   795  2074 E SensorsMultiHal: Decrementing wakelock ref count by 1 when count is 0
10-03 02:07:54.614  3358  7925 I DPMJ    : |REQ:RCVR| DPM creating socket
10-03 02:07:54.718   795  2074 E SensorsMultiHal: Decrementing wakelock ref count by 1 when count is 0
10-03 02:07:54.719   795  2074 E SensorsMultiHal: Decrementing wakelock ref count by 1 when count is 0
10-03 02:07:54.779 18260 18298 W TimedProcessReaper: Memory state is: 400
10-03 02:07:54.785 18260 18298 W TimedProcessReaper: Killing process to refresh configuration
10-03 02:07:54.785 18260 18298 I Process : Sending signal. PID: 18260 SIG: 9
10-03 02:07:54.828  1658  4504 I ActivityManager: Process com.google.android.apps.subscriptions.red (pid 18260) has died: cch+55 CEM 
10-03 02:07:54.830   697   697 I Zygote  : Process 18260 exited due to signal 9 (Killed)
10-03 02:07:54.845  6491  6491 I AppBase : AppBase.onTrimMemory():615 onTrimMemory(): 5
10-03 02:07:54.846 19859 19883 W Bugle   : TextClassifierLibManagerImpl: Reclaiming memory at level: 40
10-03 02:07:54.847 15931 15931 I Finsky  : [2] ukz.onTrimMemory(1): Memory trim requested to level 80
10-03 02:07:54.849  6491  6491 I GoogleInputMethodService: GoogleInputMethodService.onTrimMemory():4225 onTrimMemory(): 5
10-03 02:07:54.866 19286 19286 W BaseNSApplication: Trimming memory to level 60
10-03 02:07:54.873  1658  1869 I libprocessgroup: Successfully killed process cgroup uid 10436 pid 18260 in 43ms
10-03 02:07:54.899   795 22325 E SensorsMultiHal: Decrementing wakelock ref count by 1 when count is 0
10-03 02:07:54.900   795 22325 E SensorsMultiHal: Decrementing wakelock ref count by 1 when count is 0
10-03 02:07:54.964   795 22325 E SensorsMultiHal: Decrementing wakelock ref count by 1 when count is 0
10-03 02:07:54.964   795  2074 E SensorsMultiHal: Decrementing wakelock ref count by 1 when count is 0
10-03 02:07:55.078   795  2074 E SensorsMultiHal: Decrementing wakelock ref count by 1 when count is 0
10-03 02:07:55.109  1016 22322 D CCodecBufferChannel: [c2.android.vorbis.decoder#261] buffers after EOS ignored (0 us)
10-03 02:07:55.258   795 22325 E SensorsMultiHal: Decrementing wakelock ref count by 1 when count is 0
10-03 02:07:55.258   795  2074 E SensorsMultiHal: Decrementing wakelock ref count by 1 when count is 0
10-03 02:07:55.260   795  2074 E SensorsMultiHal: Decrementing wakelock ref count by 1 when count is 0
10-03 02:07:55.360  1016 22320 D AudioTrack: stop(74): called with 82980 frames delivered
10-03 02:07:55.438   795 22325 E SensorsMultiHal: Decrementing wakelock ref count by 1 when count is 0
10-03 02:07:55.439   795  2074 E SensorsMultiHal: Decrementing wakelock ref count by 1 when count is 0
10-03 02:07:55.440   795  2074 E SensorsMultiHal: Decrementing wakelock ref count by 1 when count is 0
10-03 02:07:55.618   795 22325 E SensorsMultiHal: Decrementing wakelock ref count by 1 when count is 0
10-03 02:07:55.618   795  2074 E SensorsMultiHal: Decrementing wakelock ref count by 1 when count is 0
10-03 02:07:55.696  1658  1765 I MediaFocusControl: abandonAudioFocus() from uid/pid 10415/2854 clientId=android.media.AudioManager@e7e3f97
10-03 02:07:55.696  2854 22310 I chatty  : uid=10415(com.android.systemui) expire 2 lines
10-03 02:07:55.697  1016  3124 D NuPlayerDriver: reset(0xf6d2fd20) at state 6
10-03 02:07:55.700  1016 22322 I hw-BpHwBinder: onLastStrongRef automatically unlinking death recipients
10-03 02:07:55.700  1089  1089 I hw-BpHwBinder: onLastStrongRef automatically unlinking death recipients
10-03 02:07:55.700  1089  1089 V C2Store : in ~ComponentModule
10-03 02:07:55.701  1089  1089 V C2Store : unloading dll
10-03 02:07:55.706  1016 22312 D NuPlayerDriver: notifyResetComplete(0xf6d2fd20)
10-03 02:07:55.706  1016  3124 W AMessage: failed to post message as target looper for handler 0 is gone.
10-03 02:07:55.735  1658  1765 I system_server: oneway function results will be dropped but finished with status OK and parcel size 4
10-03 02:07:55.738   837  1064 I chatty  : uid=1041(audioserver) ApmOutput expire 1 line
10-03 02:07:55.745   772  4171 I chatty  : uid=1041(audioserver) writer expire 819 lines
10-03 02:07:55.755  2854  2854 I chatty  : uid=10415(com.android.systemui) expire 306 lines
10-03 02:07:55.798   795 22325 E SensorsMultiHal: Decrementing wakelock ref count by 1 when count is 0
10-03 02:07:55.799   795  2074 E SensorsMultiHal: Decrementing wakelock ref count by 1 when count is 0
10-03 02:07:55.979   795 22325 E SensorsMultiHal: Decrementing wakelock ref count by 1 when count is 0
10-03 02:07:55.979   795 22325 E SensorsMultiHal: Decrementing wakelock ref count by 1 when count is 0
10-03 02:07:56.030   795 22325 E SensorsMultiHal: Decrementing wakelock ref count by 1 when count is 0
10-03 02:07:56.030   795 22325 E SensorsMultiHal: Decrementing wakelock ref count by 1 when count is 0
10-03 02:07:56.158   795 22325 E SensorsMultiHal: Decrementing wakelock ref count by 1 when count is 0
10-03 02:07:56.158   795  2074 E SensorsMultiHal: Decrementing wakelock ref count by 1 when count is 0
10-03 02:07:56.163   795  2074 E SensorsMultiHal: Decrementing wakelock ref count by 1 when count is 0
10-03 02:07:56.205 15931 16275 W ProcessReaper: Memory state is: 400
10-03 02:07:56.205 15931 16275 W ProcessReaper: Killing process to refresh experiment configuration
10-03 02:07:56.205 15931 16275 I Process : Sending signal. PID: 15931 SIG: 9
10-03 02:07:56.231   795  2074 E SensorsMultiHal: Decrementing wakelock ref count by 1 when count is 0
10-03 02:07:56.312  1658  4504 I WindowManager: WIN DEATH: Window{716c5a8 u0 com.android.vending/com.android.vending.AssetBrowserActivity}
10-03 02:07:56.313  1658  4504 W InputDispatcher: Attempted to unregister already unregistered input channel '716c5a8 com.android.vending/com.android.vending.AssetBrowserActivity (server)'
10-03 02:07:56.315  1658  4506 D ConnectivityService: ConnectivityService NetworkRequestInfo binderDied(NetworkRequest [ TRACK_DEFAULT id=87, [ Capabilities: INTERNET&NOT_RESTRICTED&TRUSTED Uid: 10342 AdministratorUids: [] RequestorUid: 10342 RequestorPackageName: com.android.vending] ], android.os.BinderProxy@a176f2d)
10-03 02:07:56.315  1658  3434 D ConnectivityService: ConnectivityService NetworkRequestInfo binderDied(NetworkRequest [ LISTEN id=88, [ Capabilities: INTERNET&NOT_RESTRICTED&TRUSTED Uid: 10342 AdministratorUids: [] RequestorUid: 10342 RequestorPackageName: com.android.vending] ], android.os.BinderProxy@9a83c62)
10-03 02:07:56.315  1658  2918 I ActivityManager: Process com.android.vending (pid 15931) has died: cch+20 CAC 
10-03 02:07:56.320   698   698 I Zygote  : Process 15931 exited due to signal 9 (Killed)
10-03 02:07:56.322  1658  1804 W ActivityManager: setHasOverlayUi called on unknown pid: 15931
10-03 02:07:56.338   795  2074 E SensorsMultiHal: Decrementing wakelock ref count by 1 when count is 0
10-03 02:07:56.361  1658  1869 I libprocessgroup: Successfully killed process cgroup uid 10342 pid 15931 in 45ms
10-03 02:07:56.363   795  2074 E SensorsMultiHal: Decrementing wakelock ref count by 1 when count is 0
10-03 02:07:56.518   795  2074 E SensorsMultiHal: Decrementing wakelock ref count by 1 when count is 0
10-03 02:07:56.520   795  2074 E SensorsMultiHal: Decrementing wakelock ref count by 1 when count is 0
10-03 02:07:56.564   795  2074 E SensorsMultiHal: Decrementing wakelock ref count by 1 when count is 0
10-03 02:07:56.700   795 22325 E SensorsMultiHal: Decrementing wakelock ref count by 1 when count is 0
10-03 02:07:56.700   795  2074 E SensorsMultiHal: Decrementing wakelock ref count by 1 when count is 0
10-03 02:07:56.706  2854  2854 W View    : requestLayout() improperly called by com.android.keyguard.KeyguardSliceView$KeyguardSliceTextView{3ff6bd2 V.ED..... ......ID 369,0-623,61} during layout: running second layout pass
10-03 02:07:56.718  2854  2854 W View    : requestLayout() improperly called by com.android.keyguard.KeyguardSliceView{ad74c76 V.E...... ........ 0,200-1080,261 #7f0b02d5 app:id/keyguard_status_area} during second layout pass: posting in next frame
